Archive member included to satisfy reference by file (symbol)

c:/program files/microchip/xc8/v2.31/avr/bin/../lib/gcc/avr/5.4.0/avr5\libgcc.a(_udivmodhi4.o)
                              stepdir_out.o (__udivmodhi4)
c:/program files/microchip/xc8/v2.31/avr/bin/../lib/gcc/avr/5.4.0/avr5\libgcc.a(_divmodsi4.o)
                              vprofiler.o (__divmodsi4)
c:/program files/microchip/xc8/v2.31/avr/bin/../lib/gcc/avr/5.4.0/avr5\libgcc.a(_negsi2.o)
                              c:/program files/microchip/xc8/v2.31/avr/bin/../lib/gcc/avr/5.4.0/avr5\libgcc.a(_divmodsi4.o) (__negsi2)
c:/program files/microchip/xc8/v2.31/avr/bin/../lib/gcc/avr/5.4.0/avr5\libgcc.a(_exit.o)
                              c:/program files/microchip/xc8/v2.31/avr/bin/../lib/gcc/avr/5.4.0/../../../../avr/lib/avr5/crtatmega328p.o (exit)
c:/program files/microchip/xc8/v2.31/avr/bin/../lib/gcc/avr/5.4.0/avr5\libgcc.a(_tablejump2.o)
                              node.o (__tablejump2__)
c:/program files/microchip/xc8/v2.31/avr/bin/../lib/gcc/avr/5.4.0/avr5\libgcc.a(_copy_data.o)
                              simulavr_info.o (__do_copy_data)
c:/program files/microchip/xc8/v2.31/avr/bin/../lib/gcc/avr/5.4.0/avr5\libgcc.a(_mulsidi3.o)
                              interpolator.o (__mulsidi3)
c:/program files/microchip/xc8/v2.31/avr/bin/../lib/gcc/avr/5.4.0/avr5\libgcc.a(_umulsidi3.o)
                              c:/program files/microchip/xc8/v2.31/avr/bin/../lib/gcc/avr/5.4.0/avr5\libgcc.a(_mulsidi3.o) (__umulsidi3_helper)
c:/program files/microchip/xc8/v2.31/avr/bin/../lib/gcc/avr/5.4.0/avr5\libgcc.a(_ashrdi3.o)
                              interpolator.o (__ashrdi3)
c:/program files/microchip/xc8/v2.31/avr/bin/../lib/gcc/avr/5.4.0/avr5\libgcc.a(_cmpdi2_s8.o)
                              interpolator.o (__cmpdi2_s8)
c:/program files/microchip/xc8/v2.31/avr/bin/../lib/gcc/avr/5.4.0/avr5\libgcc.a(_udivmodsi4.o)
                              c:/program files/microchip/xc8/v2.31/avr/bin/../lib/gcc/avr/5.4.0/avr5\libgcc.a(_divmodsi4.o) (__udivmodsi4)
c:/program files/microchip/xc8/v2.31/avr/bin/../lib/gcc/avr/5.4.0/avr5\libgcc.a(_umulhisi3.o)
                              c:/program files/microchip/xc8/v2.31/avr/bin/../lib/gcc/avr/5.4.0/avr5\libgcc.a(_umulsidi3.o) (__umulhisi3)
c:/program files/microchip/xc8/v2.31/avr/bin/../lib/gcc/avr/5.4.0/avr5\libgcc.a(_muldi3_6.o)
                              c:/program files/microchip/xc8/v2.31/avr/bin/../lib/gcc/avr/5.4.0/avr5\libgcc.a(_umulsidi3.o) (__muldi3_6)
c:/program files/microchip/xc8/v2.31/avr/bin/../lib/gcc/avr/5.4.0/../../../../avr/lib/avr5\libm.a(addsf3.o)
                              vprofiler.o (__subsf3)
c:/program files/microchip/xc8/v2.31/avr/bin/../lib/gcc/avr/5.4.0/../../../../avr/lib/avr5\libm.a(addsf3x.o)
                              c:/program files/microchip/xc8/v2.31/avr/bin/../lib/gcc/avr/5.4.0/../../../../avr/lib/avr5\libm.a(addsf3.o) (__addsf3x)
c:/program files/microchip/xc8/v2.31/avr/bin/../lib/gcc/avr/5.4.0/../../../../avr/lib/avr5\libm.a(cmpsf2.o)
                              vprofiler.o (__ltsf2)
c:/program files/microchip/xc8/v2.31/avr/bin/../lib/gcc/avr/5.4.0/../../../../avr/lib/avr5\libm.a(divsf3.o)
                              vprofiler.o (__divsf3)
c:/program files/microchip/xc8/v2.31/avr/bin/../lib/gcc/avr/5.4.0/../../../../avr/lib/avr5\libm.a(divsf3x.o)
                              c:/program files/microchip/xc8/v2.31/avr/bin/../lib/gcc/avr/5.4.0/../../../../avr/lib/avr5\libm.a(divsf3.o) (__divsf3x)
c:/program files/microchip/xc8/v2.31/avr/bin/../lib/gcc/avr/5.4.0/../../../../avr/lib/avr5\libm.a(fixsfsi.o)
                              vprofiler.o (__fixsfsi)
c:/program files/microchip/xc8/v2.31/avr/bin/../lib/gcc/avr/5.4.0/../../../../avr/lib/avr5\libm.a(fixunssfsi.o)
                              c:/program files/microchip/xc8/v2.31/avr/bin/../lib/gcc/avr/5.4.0/../../../../avr/lib/avr5\libm.a(fixsfsi.o) (__fixunssfsi)
c:/program files/microchip/xc8/v2.31/avr/bin/../lib/gcc/avr/5.4.0/../../../../avr/lib/avr5\libm.a(floatsisf.o)
                              vprofiler.o (__floatsisf)
c:/program files/microchip/xc8/v2.31/avr/bin/../lib/gcc/avr/5.4.0/../../../../avr/lib/avr5\libm.a(fp_cmp.o)
                              c:/program files/microchip/xc8/v2.31/avr/bin/../lib/gcc/avr/5.4.0/../../../../avr/lib/avr5\libm.a(cmpsf2.o) (__fp_cmp)
c:/program files/microchip/xc8/v2.31/avr/bin/../lib/gcc/avr/5.4.0/../../../../avr/lib/avr5\libm.a(fp_inf.o)
                              c:/program files/microchip/xc8/v2.31/avr/bin/../lib/gcc/avr/5.4.0/../../../../avr/lib/avr5\libm.a(addsf3x.o) (__fp_inf)
c:/program files/microchip/xc8/v2.31/avr/bin/../lib/gcc/avr/5.4.0/../../../../avr/lib/avr5\libm.a(fp_nan.o)
                              c:/program files/microchip/xc8/v2.31/avr/bin/../lib/gcc/avr/5.4.0/../../../../avr/lib/avr5\libm.a(addsf3x.o) (__fp_nan)
c:/program files/microchip/xc8/v2.31/avr/bin/../lib/gcc/avr/5.4.0/../../../../avr/lib/avr5\libm.a(fp_pscA.o)
[...]
Memory Configuration

Name             Origin             Length             Attributes
text             0x0000000000000000 0x0000000000008000 xr
data             0x0000000000800100 0x0000000000000800 rw !x
eeprom           0x0000000000810000 0x0000000000000400 rw !x
fuse             0x0000000000820000 0x0000000000000003 rw !x
lock             0x0000000000830000 0x0000000000000400 rw !x
signature        0x0000000000840000 0x0000000000000400 rw !x
user_signatures  0x0000000000850000 0x0000000000000400 rw !x
*default*        0x0000000000000000 0xffffffffffffffff

Linker script and memory map

Address of section .data set to 0x800100
LOAD c:/program files/microchip/xc8/v2.31/avr/bin/../lib/gcc/avr/5.4.0/../../../../avr/lib/avr5/crtatmega328p.o
LOAD main.o
LOAD simulavr_info.o
LOAD node.o
LOAD config.o
LOAD vprofiler.o
LOAD systemtimer.o
LOAD stepdir_out.o
LOAD interpolator.o
LOAD channels.o
LOAD adc.o
LOAD entityStepper1.o
LOAD entitySimple1.o
LOAD NumericEffecter.o
LOAD StateEffecter.o
LOAD StateSensor.o
LOAD NumericSensor.o
LOAD EventGenerator.o
LOAD mctp.o
LOAD uart.o
LOAD crc8.o
LOAD fcs.o
LOAD c:/program files/microchip/xc8/v2.31/avr/bin/../lib/gcc/avr/5.4.0/avr5\libgcc.a
LOAD c:/program files/microchip/xc8/v2.31/avr/bin/../lib/gcc/avr/5.4.0/../../../../avr/lib/avr5\libm.a
START GROUP
LOAD c:/program files/microchip/xc8/v2.31/avr/bin/../lib/gcc/avr/5.4.0/avr5\libgcc.a
LOAD c:/program files/microchip/xc8/v2.31/avr/bin/../lib/gcc/avr/5.4.0/../../../../avr/lib/avr5\libm.a
LOAD c:/program files/microchip/xc8/v2.31/avr/bin/../lib/gcc/avr/5.4.0/../../../../avr/lib/avr5\libc.a
LOAD c:/program files/microchip/xc8/v2.31/avr/bin/../lib/gcc/avr/5.4.0/../../../../avr/lib/avr5\libatmega328p.a
END GROUP
                0x0000000000000000                __TEXT_REGION_ORIGIN__ = DEFINED (__TEXT_REGION_ORIGIN__)?__TEXT_REGION_ORIGIN__:0x0
                [0x0000000000800100]                __DATA_REGION_ORIGIN__ = DEFINED (__DATA_REGION_ORIGIN__)?__DATA_REGION_ORIGIN__:0x800060
                [0x0000000000008000]                __TEXT_REGION_LENGTH__ = DEFINED (__TEXT_REGION_LENGTH__)?__TEXT_REGION_LENGTH__:0x20000
                [0x0000000000000800]                __DATA_REGION_LENGTH__ = DEFINED (__DATA_REGION_LENGTH__)?__DATA_REGION_LENGTH__:0xffa0
                [0x0000000000000400]                __EEPROM_REGION_LENGTH__ = DEFINED (__EEPROM_REGION_LENGTH__)?__EEPROM_REGION_LENGTH__:0x10000
                [0x0000000000000003]                __FUSE_REGION_LENGTH__ = DEFINED (__FUSE_REGION_LENGTH__)?__FUSE_REGION_LENGTH__:0x400
                0x0000000000000400                __LOCK_REGION_LENGTH__ = DEFINED (__LOCK_REGION_LENGTH__)?__LOCK_REGION_LENGTH__:0x400
                0x0000000000000400                __SIGNATURE_REGION_LENGTH__ = DEFINED (__SIGNATURE_REGION_LENGTH__)?__SIGNATURE_REGION_LENGTH__:0x400
                0x0000000000000400                __USER_SIGNATURE_REGION_LENGTH__ = DEFINED (__USER_SIGNATURE_REGION_LENGTH__)?__USER_SIGNATURE_REGION_LENGTH__:0x400

.hash
 *(.hash)

.dynsym
 *(.dynsym)

.dynstr
 *(.dynstr)

.gnu.version
 *(.gnu.version)

.gnu.version_d
 *(.gnu.version_d)

.gnu.version_r
 *(.gnu.version_r)

.rel.init
 *(.rel.init)

.rela.init
 *(.rela.init)

.rel.text
 *(.rel.text)
 *(.rel.text.*)
 *(.rel.gnu.linkonce.t*)

.rela.text
 *(.rela.text)
 *(.rela.text.*)
 *(.rela.gnu.linkonce.t*)

.rel.fini
 *(.rel.fini)

.rela.fini
 *(.rela.fini)

.rel.rodata
 *(.rel.rodata)
 *(.rel.rodata.*)
 *(.rel.gnu.linkonce.r*)

.rela.rodata
 *(.rela.rodata)
 *(.rela.rodata.*)
 *(.rela.gnu.linkonce.r*)

.rel.data
 *(.rel.data)
 *(.rel.data.*)
 *(.rel.gnu.linkonce.d*)

.rela.data
 *(.rela.data)
 *(.rela.data.*)
 *(.rela.gnu.linkonce.d*)

.rel.ctors
 *(.rel.ctors)

.rela.ctors
 *(.rela.ctors)

.rel.dtors
 *(.rel.dtors)

.rela.dtors
 *(.rela.dtors)

.rel.got
 *(.rel.got)

.rela.got
 *(.rela.got)

.rel.bss
 *(.rel.bss)

.rela.bss
 *(.rela.bss)

.rel.plt
 *(.rel.plt)

.rela.plt
 *(.rela.plt)

.text           0x0000000000000000      0x19a
 *(.vectors)
 .vectors       0x0000000000000000       0x68 c:/program files/microchip/xc8/v2.31/avr/bin/../lib/gcc/avr/5.4.0/../../../../avr/lib/avr5/crtatmega328p.o
                0x0000000000000000                __vector_default
                0x0000000000000000                __vectors
 *(.vectors)
 *(.progmem.gcc*)
 .progmem.gcc_sw_table
                0x0000000000000068       0x9e node.o
 .progmem.gcc_sw_table
                0x0000000000000106       0x1c mctp.o
 *(.dinit)
 .dinit         0x0000000000000122       0x24 data_init
                0x0000000000000146                . = ALIGN (0x2)
                0x0000000000000146                __trampolines_start = .
 *(.trampolines)
 .trampolines   0x0000000000000146        0x0 linker stubs
 *(.trampolines*)
                0x0000000000000146                __trampolines_end = .
 *libprintf_flt.a:*(.progmem.data)
 *libc.a:*(.progmem.data)
                0x0000000000000146                . = ALIGN (0x2)
 *(.jumptables)
 *(.jumptables*)
 *(.lowtext)
 *(.lowtext*)
                0x0000000000000146                __ctors_start = .
 *(.ctors)
                0x0000000000000146                __ctors_end = .
                0x0000000000000146                __dtors_start = .
 *(.dtors)
                0x0000000000000146                __dtors_end = .
 SORT(*)(.ctors)
 SORT(*)(.dtors)
 *(.init0)
 .init0         0x0000000000000146        0x0 c:/program files/microchip/xc8/v2.31/avr/bin/../lib/gcc/avr/5.4.0/../../../../avr/lib/avr5/crtatmega328p.o
                0x0000000000000146                __init
 *(.init0)
 *(.init1)
 *(.init1)
 *(.init2)
 .init2         0x0000000000000146        0xc c:/program files/microchip/xc8/v2.31/avr/bin/../lib/gcc/avr/5.4.0/../../../../avr/lib/avr5/crtatmega328p.o
 *(.init2)
 *(.init3)
 *(.init3)
 *(.init4)
 .init4         0x0000000000000152       0x3c c:/program files/microchip/xc8/v2.31/avr/bin/../lib/gcc/avr/5.4.0/avr5\libgcc.a(_copy_data.o)
                0x0000000000000152                __do_copy_data
                0x0000000000000180                __do_clear_bss
 *(.init4)
 *(.init5)
 *(.init5)
 *(.init6)
 *(.init6)
 *(.init7)
 *(.init7)
 *(.init8)
 *(.init8)
 *(.init9)
 .init9         0x000000000000018e        0x8 c:/program files/microchip/xc8/v2.31/avr/bin/../lib/gcc/avr/5.4.0/../../../../avr/lib/avr5/crtatmega328p.o
 *(.init9)
                0x0000000000000196                . = ALIGN (0x2)
 *(.fini9)
 .fini9         0x0000000000000196        0x0 c:/program files/microchip/xc8/v2.31/avr/bin/../lib/gcc/avr/5.4.0/avr5\libgcc.a(_exit.o)
                0x0000000000000196                _exit
                0x0000000000000196                exit
 *(.fini9)
 *(.fini8)
 *(.fini8)
 *(.fini7)
 *(.fini7)
 *(.fini6)
 *(.fini6)
 *(.fini5)
 *(.fini5)
 *(.fini4)
 *(.fini4)
 *(.fini3)
 *(.fini3)
 *(.fini2)
 *(.fini2)
 *(.fini1)
 *(.fini1)
 *(.fini0)
 .fini0         0x0000000000000196        0x4 c:/program files/microchip/xc8/v2.31/avr/bin/../lib/gcc/avr/5.4.0/avr5\libgcc.a(_exit.o)
 *(.fini0)
                0x000000000000019a                _etext = .

.data           0x0000000000800100        0x0 load address 0x000000000000019a
                [!provide]                        PROVIDE (__data_start, .)
 *(.gnu.linkonce.d*)
 *(.gnu.linkonce.r*)
                0x0000000000800100                . = ALIGN (0x2)
                0x0000000000800100                _edata = .
                [!provide]                        PROVIDE (__data_end, .)

.bss            0x0000000000800100       0x8c
                [!provide]                        PROVIDE (__bss_start, .)
 *(COMMON)
 COMMON         0x0000000000800100        0x4 vprofiler.o
                0x0000000000800100                current_velocity
 COMMON         0x0000000000800104       0x88 mctp.o
                0x0000000000800104                mctp_context
                [!provide]                        PROVIDE (__bss_end, .)
                0x000000000000019a                __data_load_start = LOADADDR (.data)
                0x000000000000019a                __data_load_end = (__data_load_start + SIZEOF (.data))

.noinit         0x000000000080018c        0x0
                [!provide]                        PROVIDE (__noinit_start, .)
 *(.noinit*)
                [!provide]                        PROVIDE (__noinit_end, .)
                0x000000000080018c                _end = .

.eeprom         0x0000000000810000        0x0
 *(.eeprom*)
                0x0000000000810000                __eeprom_end = .

.fuse
 *(.fuse)
 *(.lfuse)
 *(.hfuse)
 *(.efuse)

.lock
 *(.lock*)

.signature
 *(.signature*)

.user_signatures
 *(.user_signatures*)

.stab
 *(.stab)

.stabstr
 *(.stabstr)

.stab.excl
 *(.stab.excl)

.stab.exclstr
 *(.stab.exclstr)

.stab.index
 *(.stab.index)

.stab.indexstr
 *(.stab.indexstr)

.comment        0x0000000000000000       0x2f
 *(.comment)
 .comment       0x0000000000000000       0x2f main.o
                                         0x30 (size before relaxing)
 .comment       0x000000000000002f       0x30 simulavr_info.o
 .comment       0x000000000000002f       0x30 node.o
 .comment       0x000000000000002f       0x30 config.o
 .comment       0x000000000000002f       0x30 vprofiler.o
 .comment       0x000000000000002f       0x30 systemtimer.o
 .comment       0x000000000000002f       0x30 stepdir_out.o
 .comment       0x000000000000002f       0x30 interpolator.o
 .comment       0x000000000000002f       0x30 channels.o
 .comment       0x000000000000002f       0x30 adc.o
 .comment       0x000000000000002f       0x30 entityStepper1.o
 .comment       0x000000000000002f       0x30 entitySimple1.o
 .comment       0x000000000000002f       0x30 NumericEffecter.o
 .comment       0x000000000000002f       0x30 StateEffecter.o
 .comment       0x000000000000002f       0x30 StateSensor.o
 .comment       0x000000000000002f       0x30 NumericSensor.o
 .comment       0x000000000000002f       0x30 EventGenerator.o
 .comment       0x000000000000002f       0x30 mctp.o
 .comment       0x000000000000002f       0x30 uart.o
 .comment       0x000000000000002f       0x30 crc8.o
 .comment       0x000000000000002f       0x30 fcs.o

.note.gnu.build-id
 *(.note.gnu.build-id)

.debug
 *(.debug)

.line
 *(.line)

.debug_srcinfo
 *(.debug_srcinfo)

.debug_sfnames
 *(.debug_sfnames)

.debug_aranges
 *(.debug_aranges)

.debug_pubnames
 *(.debug_pubnames)

.debug_info     0x0000000000000000      0x5f4
 *(.debug_info .gnu.linkonce.wi.*)
 .debug_info    0x0000000000000000      0x5f4 c:/program files/microchip/xc8/v2.31/avr/bin/../lib/gcc/avr/5.4.0/../../../../avr/lib/avr5/crtatmega328p.o

.debug_abbrev   0x0000000000000000      0x5a2
 *(.debug_abbrev)
 .debug_abbrev  0x0000000000000000      0x5a2 c:/program files/microchip/xc8/v2.31/avr/bin/../lib/gcc/avr/5.4.0/../../../../avr/lib/avr5/crtatmega328p.o

.debug_line     0x0000000000000000       0x1a
 *(.debug_line .debug_line.* .debug_line_end)
 .debug_line    0x0000000000000000       0x1a c:/program files/microchip/xc8/v2.31/avr/bin/../lib/gcc/avr/5.4.0/../../../../avr/lib/avr5/crtatmega328p.o

.debug_frame
 *(.debug_frame)

.debug_str      0x0000000000000000      0x208
 *(.debug_str)
 .debug_str     0x0000000000000000      0x208 c:/program files/microchip/xc8/v2.31/avr/bin/../lib/gcc/avr/5.4.0/../../../../avr/lib/avr5/crtatmega328p.o

.debug_loc
 *(.debug_loc)

.debug_macinfo
 *(.debug_macinfo)

.debug_weaknames
 *(.debug_weaknames)

.debug_funcnames
 *(.debug_funcnames)

.debug_typenames
 *(.debug_typenames)

.debug_varnames
 *(.debug_varnames)

.debug_pubtypes
 *(.debug_pubtypes)

.debug_ranges
 *(.debug_ranges)

.debug_macro
 *(.debug_macro)
OUTPUT(userver.elf elf32-avr)
LOAD linker stubs
LOAD data_init

.data%z1        0x0000000000800100        0x0
 .data          0x0000000000800100        0x0 c:/program files/microchip/xc8/v2.31/avr/bin/../lib/gcc/avr/5.4.0/../../../../avr/lib/avr5/crtatmega328p.o

.bss%z2         0x0000000000800100        0x0
 .bss           0x0000000000800100        0x0 c:/program files/microchip/xc8/v2.31/avr/bin/../lib/gcc/avr/5.4.0/../../../../avr/lib/avr5/crtatmega328p.o

.note.gnu.avr.deviceinfo
                0x0000000000000000       0x40
 .note.gnu.avr.deviceinfo
                0x0000000000000000       0x40 c:/program files/microchip/xc8/v2.31/avr/bin/../lib/gcc/avr/5.4.0/../../../../avr/lib/avr5/crtatmega328p.o

.text%z3        0x0000000000000000        0x0
 .text          0x0000000000000000        0x0 main.o

.data%z4        0x0000000000800100        0x0
 .data          0x0000000000800100        0x0 main.o

.bss%z5         0x0000000000800100        0x0
 .bss           0x0000000000800100        0x0 main.o

.text%z6        0x0000000000000000        0x0
 .text          0x0000000000000000        0x0 simulavr_info.o

.data%z7        0x0000000000800100        0x0
 .data          0x0000000000800100        0x0 simulavr_info.o

.bss%z8         0x0000000000800100        0x0
 .bss           0x0000000000800100        0x0 simulavr_info.o

.data%z9        0x0000000000800100        0x0
 .data          0x0000000000800100        0x0 node.o

.bss            0x000000000080052d        0xf
 .bss           0x000000000080052d        0xf node.o

progmem.data%z10
                0x0000000000000000        0x0
 progmem.data   0x0000000000000000        0x0 node.o

.text%z11       0x0000000000000000        0x0
 .text          0x0000000000000000        0x0 config.o

.data%z12       0x0000000000800100        0x0
 .data          0x0000000000800100        0x0 config.o

.bss%z13        0x0000000000800100        0x0
 .bss           0x0000000000800100        0x0 config.o

.bss            0x000000000080038c       0x86
 .bss           0x000000000080038c       0x86 vprofiler.o

.data%z14       0x0000000000800100        0x0
 .data          0x0000000000800100        0x0 systemtimer.o

.bss            0x0000000000800510       0x1d
 .bss           0x0000000000800510       0x1d systemtimer.o

.data%z15       0x0000000000800100        0x0
 .data          0x0000000000800100        0x0 stepdir_out.o

.bss            0x000000000080053c        0x7
 .bss           0x000000000080053c        0x7 stepdir_out.o

.data%z16       0x0000000000800100        0x0
 .data          0x0000000000800100        0x0 interpolator.o

.bss%z17        0x0000000000800100        0x0
 .bss           0x0000000000800100        0x0 interpolator.o

.data%z18       0x0000000000800100        0x0
 .data          0x0000000000800100        0x0 channels.o

.bss            0x0000000000800548        0x2
 .bss           0x0000000000800548        0x2 channels.o

.data%z19       0x0000000000800100        0x0
 .data          0x0000000000800100        0x0 adc.o

.bss            0x000000000080054a        0x2
 .bss           0x000000000080054a        0x2 adc.o

.text%z20       0x0000000000000000        0x0
 .text          0x0000000000000000        0x0 entityStepper1.o

.data%z21       0x0000000000800100        0x0
 .data          0x0000000000800100        0x0 entityStepper1.o

.bss%z22        0x0000000000800100        0x0
 .bss           0x0000000000800100        0x0 entityStepper1.o

.data%z23       0x0000000000800100        0x0
 .data          0x0000000000800100        0x0 entitySimple1.o

.bss            0x0000000000800496       0x52
 .bss           0x0000000000800496       0x52 entitySimple1.o

.data%z24       0x0000000000800100        0x0
 .data          0x0000000000800100        0x0 NumericEffecter.o

.bss%z25        0x0000000000800100        0x0
 .bss           0x0000000000800100        0x0 NumericEffecter.o

.data%z26       0x0000000000800100        0x0
 .data          0x0000000000800100        0x0 StateEffecter.o

.bss%z27        0x0000000000800100        0x0
 .bss           0x0000000000800100        0x0 StateEffecter.o

.data%z28       0x0000000000800100        0x0
 .data          0x0000000000800100        0x0 StateSensor.o

.bss%z29        0x0000000000800100        0x0
 .bss           0x0000000000800100        0x0 StateSensor.o

.data%z30       0x0000000000800100        0x0
 .data          0x0000000000800100        0x0 NumericSensor.o

.bss%z31        0x0000000000800100        0x0
 .bss           0x0000000000800100        0x0 NumericSensor.o

.data%z32       0x0000000000800100        0x0
 .data          0x0000000000800100        0x0 EventGenerator.o

.bss%z33        0x0000000000800100        0x0
 .bss           0x0000000000800100        0x0 EventGenerator.o

.data%z34       0x0000000000800100        0x0
 .data          0x0000000000800100        0x0 mctp.o

.bss            0x0000000000800543        0x5
 .bss           0x0000000000800543        0x5 mctp.o

.data%z35       0x0000000000800100        0x0
 .data          0x0000000000800100        0x0 uart.o

.bss            0x0000000000800412       0x84
 .bss           0x0000000000800412       0x84 uart.o

.data%z36       0x0000000000800100        0x0
 .data          0x0000000000800100        0x0 crc8.o

.bss%z37        0x0000000000800100        0x0
 .bss           0x0000000000800100        0x0 crc8.o

.data%z38       0x0000000000800100        0x0
 .data          0x0000000000800100        0x0 fcs.o

.bss%z39        0x0000000000800100        0x0
 .bss           0x0000000000800100        0x0 fcs.o

.text%z40       0x0000000000000000        0x0
 .text          0x0000000000000000        0x0 c:/program files/microchip/xc8/v2.31/avr/bin/../lib/gcc/avr/5.4.0/avr5\libgcc.a(_udivmodhi4.o)

.data%z41       0x0000000000800100        0x0
 .data          0x0000000000800100        0x0 c:/program files/microchip/xc8/v2.31/avr/bin/../lib/gcc/avr/5.4.0/avr5\libgcc.a(_udivmodhi4.o)

.bss%z42        0x0000000000800100        0x0
 .bss           0x0000000000800100        0x0 c:/program files/microchip/xc8/v2.31/avr/bin/../lib/gcc/avr/5.4.0/avr5\libgcc.a(_udivmodhi4.o)

.text.libgcc.mul%z43
                0x0000000000000000        0x0
 .text.libgcc.mul
                0x0000000000000000        0x0 c:/program files/microchip/xc8/v2.31/avr/bin/../lib/gcc/avr/5.4.0/avr5\libgcc.a(_udivmodhi4.o)

.text.libgcc%z44
                0x0000000000000000        0x0
 .text.libgcc   0x0000000000000000        0x0 c:/program files/microchip/xc8/v2.31/avr/bin/../lib/gcc/avr/5.4.0/avr5\libgcc.a(_udivmodhi4.o)

.text.libgcc.prologue%z45
                0x0000000000000000        0x0
 .text.libgcc.prologue
                0x0000000000000000        0x0 c:/program files/microchip/xc8/v2.31/avr/bin/../lib/gcc/avr/5.4.0/avr5\libgcc.a(_udivmodhi4.o)

.text.libgcc.builtins%z46
                0x0000000000000000        0x0
 .text.libgcc.builtins
                0x0000000000000000        0x0 c:/program files/microchip/xc8/v2.31/avr/bin/../lib/gcc/avr/5.4.0/avr5\libgcc.a(_udivmodhi4.o)

.text.libgcc.fmul%z47
                0x0000000000000000        0x0
 .text.libgcc.fmul
                0x0000000000000000        0x0 c:/program files/microchip/xc8/v2.31/avr/bin/../lib/gcc/avr/5.4.0/avr5\libgcc.a(_udivmodhi4.o)

.text.libgcc.fixed%z48
                0x0000000000000000        0x0
 .text.libgcc.fixed
                0x0000000000000000        0x0 c:/program files/microchip/xc8/v2.31/avr/bin/../lib/gcc/avr/5.4.0/avr5\libgcc.a(_udivmodhi4.o)

.text%z49       0x0000000000000000        0x0
 .text          0x0000000000000000        0x0 c:/program files/microchip/xc8/v2.31/avr/bin/../lib/gcc/avr/5.4.0/avr5\libgcc.a(_divmodsi4.o)

.data%z50       0x0000000000800100        0x0
 .data          0x0000000000800100        0x0 c:/program files/microchip/xc8/v2.31/avr/bin/../lib/gcc/avr/5.4.0/avr5\libgcc.a(_divmodsi4.o)

.bss%z51        0x0000000000800100        0x0
 .bss           0x0000000000800100        0x0 c:/program files/microchip/xc8/v2.31/avr/bin/../lib/gcc/avr/5.4.0/avr5\libgcc.a(_divmodsi4.o)

.text.libgcc.mul%z52
                0x0000000000000000        0x0
 .text.libgcc.mul
                0x0000000000000000        0x0 c:/program files/microchip/xc8/v2.31/avr/bin/../lib/gcc/avr/5.4.0/avr5\libgcc.a(_divmodsi4.o)

.text.libgcc%z53
                0x0000000000000000        0x0
 .text.libgcc   0x0000000000000000        0x0 c:/program files/microchip/xc8/v2.31/avr/bin/../lib/gcc/avr/5.4.0/avr5\libgcc.a(_divmodsi4.o)

.text.libgcc.prologue%z54
                0x0000000000000000        0x0
 .text.libgcc.prologue
                0x0000000000000000        0x0 c:/program files/microchip/xc8/v2.31/avr/bin/../lib/gcc/avr/5.4.0/avr5\libgcc.a(_divmodsi4.o)

.text.libgcc.builtins%z55
                0x0000000000000000        0x0
 .text.libgcc.builtins
                0x0000000000000000        0x0 c:/program files/microchip/xc8/v2.31/avr/bin/../lib/gcc/avr/5.4.0/avr5\libgcc.a(_divmodsi4.o)

.text.libgcc.fmul%z56
                0x0000000000000000        0x0
 .text.libgcc.fmul
                0x0000000000000000        0x0 c:/program files/microchip/xc8/v2.31/avr/bin/../lib/gcc/avr/5.4.0/avr5\libgcc.a(_divmodsi4.o)

.text.libgcc.fixed%z57
                0x0000000000000000        0x0
 .text.libgcc.fixed
                0x0000000000000000        0x0 c:/program files/microchip/xc8/v2.31/avr/bin/../lib/gcc/avr/5.4.0/avr5\libgcc.a(_divmodsi4.o)

.text%z58       0x0000000000000000        0x0
 .text          0x0000000000000000        0x0 c:/program files/microchip/xc8/v2.31/avr/bin/../lib/gcc/avr/5.4.0/avr5\libgcc.a(_negsi2.o)

.data%z59       0x0000000000800100        0x0
 .data          0x0000000000800100        0x0 c:/program files/microchip/xc8/v2.31/avr/bin/../lib/gcc/avr/5.4.0/avr5\libgcc.a(_negsi2.o)

.bss%z60        0x0000000000800100        0x0
 .bss           0x0000000000800100        0x0 c:/program files/microchip/xc8/v2.31/avr/bin/../lib/gcc/avr/5.4.0/avr5\libgcc.a(_negsi2.o)

.text.libgcc.mul%z61
                0x0000000000000000        0x0
 .text.libgcc.mul
                0x0000000000000000        0x0 c:/program files/microchip/xc8/v2.31/avr/bin/../lib/gcc/avr/5.4.0/avr5\libgcc.a(_negsi2.o)

.text.libgcc%z62
                0x0000000000000000        0x0
 .text.libgcc   0x0000000000000000        0x0 c:/program files/microchip/xc8/v2.31/avr/bin/../lib/gcc/avr/5.4.0/avr5\libgcc.a(_negsi2.o)

.text.libgcc.prologue%z63
                0x0000000000000000        0x0
 .text.libgcc.prologue
                0x0000000000000000        0x0 c:/program files/microchip/xc8/v2.31/avr/bin/../lib/gcc/avr/5.4.0/avr5\libgcc.a(_negsi2.o)

.text.libgcc.builtins%z64
                0x0000000000000000        0x0
 .text.libgcc.builtins
                0x0000000000000000        0x0 c:/program files/microchip/xc8/v2.31/avr/bin/../lib/gcc/avr/5.4.0/avr5\libgcc.a(_negsi2.o)

.text.libgcc.fmul%z65
                0x0000000000000000        0x0
 .text.libgcc.fmul
                0x0000000000000000        0x0 c:/program files/microchip/xc8/v2.31/avr/bin/../lib/gcc/avr/5.4.0/avr5\libgcc.a(_negsi2.o)

.text.libgcc.fixed%z66
                0x0000000000000000        0x0
 .text.libgcc.fixed
                0x0000000000000000        0x0 c:/program files/microchip/xc8/v2.31/avr/bin/../lib/gcc/avr/5.4.0/avr5\libgcc.a(_negsi2.o)

.text%z67       0x0000000000000000        0x0
 .text          0x0000000000000000        0x0 c:/program files/microchip/xc8/v2.31/avr/bin/../lib/gcc/avr/5.4.0/avr5\libgcc.a(_exit.o)

.data%z68       0x0000000000800100        0x0
 .data          0x0000000000800100        0x0 c:/program files/microchip/xc8/v2.31/avr/bin/../lib/gcc/avr/5.4.0/avr5\libgcc.a(_exit.o)

.bss%z69        0x0000000000800100        0x0
 .bss           0x0000000000800100        0x0 c:/program files/microchip/xc8/v2.31/avr/bin/../lib/gcc/avr/5.4.0/avr5\libgcc.a(_exit.o)

.text.libgcc.mul%z70
                0x0000000000000000        0x0
 .text.libgcc.mul
                0x0000000000000000        0x0 c:/program files/microchip/xc8/v2.31/avr/bin/../lib/gcc/avr/5.4.0/avr5\libgcc.a(_exit.o)

.text.libgcc.div%z71
                0x0000000000000000        0x0
 .text.libgcc.div
                0x0000000000000000        0x0 c:/program files/microchip/xc8/v2.31/avr/bin/../lib/gcc/avr/5.4.0/avr5\libgcc.a(_exit.o)

.text.libgcc%z72
                0x0000000000000000        0x0
 .text.libgcc   0x0000000000000000        0x0 c:/program files/microchip/xc8/v2.31/avr/bin/../lib/gcc/avr/5.4.0/avr5\libgcc.a(_exit.o)

.text.libgcc.prologue%z73
                0x0000000000000000        0x0
 .text.libgcc.prologue
                0x0000000000000000        0x0 c:/program files/microchip/xc8/v2.31/avr/bin/../lib/gcc/avr/5.4.0/avr5\libgcc.a(_exit.o)

.text.libgcc.builtins%z74
                0x0000000000000000        0x0
 .text.libgcc.builtins
                0x0000000000000000        0x0 c:/program files/microchip/xc8/v2.31/avr/bin/../lib/gcc/avr/5.4.0/avr5\libgcc.a(_exit.o)

.text.libgcc.fmul%z75
                0x0000000000000000        0x0
 .text.libgcc.fmul
                0x0000000000000000        0x0 c:/program files/microchip/xc8/v2.31/avr/bin/../lib/gcc/avr/5.4.0/avr5\libgcc.a(_exit.o)

.text.libgcc.fixed%z76
                0x0000000000000000        0x0
 .text.libgcc.fixed
                0x0000000000000000        0x0 c:/program files/microchip/xc8/v2.31/avr/bin/../lib/gcc/avr/5.4.0/avr5\libgcc.a(_exit.o)

.text%z77       0x0000000000000000        0x0
 .text          0x0000000000000000        0x0 c:/program files/microchip/xc8/v2.31/avr/bin/../lib/gcc/avr/5.4.0/avr5\libgcc.a(_tablejump2.o)

.data%z78       0x0000000000800100        0x0
 .data          0x0000000000800100        0x0 c:/program files/microchip/xc8/v2.31/avr/bin/../lib/gcc/avr/5.4.0/avr5\libgcc.a(_tablejump2.o)

.bss%z79        0x0000000000800100        0x0
 .bss           0x0000000000800100        0x0 c:/program files/microchip/xc8/v2.31/avr/bin/../lib/gcc/avr/5.4.0/avr5\libgcc.a(_tablejump2.o)

.text.libgcc.mul%z80
                0x0000000000000000        0x0
 .text.libgcc.mul
                0x0000000000000000        0x0 c:/program files/microchip/xc8/v2.31/avr/bin/../lib/gcc/avr/5.4.0/avr5\libgcc.a(_tablejump2.o)

.text.libgcc.div%z81
                0x0000000000000000        0x0
 .text.libgcc.div
                0x0000000000000000        0x0 c:/program files/microchip/xc8/v2.31/avr/bin/../lib/gcc/avr/5.4.0/avr5\libgcc.a(_tablejump2.o)

.text.libgcc.prologue%z82
                0x0000000000000000        0x0
 .text.libgcc.prologue
                0x0000000000000000        0x0 c:/program files/microchip/xc8/v2.31/avr/bin/../lib/gcc/avr/5.4.0/avr5\libgcc.a(_tablejump2.o)

.text.libgcc.builtins%z83
                0x0000000000000000        0x0
 .text.libgcc.builtins
                0x0000000000000000        0x0 c:/program files/microchip/xc8/v2.31/avr/bin/../lib/gcc/avr/5.4.0/avr5\libgcc.a(_tablejump2.o)

.text.libgcc.fmul%z84
                0x0000000000000000        0x0
 .text.libgcc.fmul
                0x0000000000000000        0x0 c:/program files/microchip/xc8/v2.31/avr/bin/../lib/gcc/avr/5.4.0/avr5\libgcc.a(_tablejump2.o)

.text.libgcc.fixed%z85
                0x0000000000000000        0x0
 .text.libgcc.fixed
                0x0000000000000000        0x0 c:/program files/microchip/xc8/v2.31/avr/bin/../lib/gcc/avr/5.4.0/avr5\libgcc.a(_tablejump2.o)

.text%z86       0x0000000000000000        0x0
 .text          0x0000000000000000        0x0 c:/program files/microchip/xc8/v2.31/avr/bin/../lib/gcc/avr/5.4.0/avr5\libgcc.a(_copy_data.o)

.data%z87       0x0000000000800100        0x0
 .data          0x0000000000800100        0x0 c:/program files/microchip/xc8/v2.31/avr/bin/../lib/gcc/avr/5.4.0/avr5\libgcc.a(_copy_data.o)

.bss%z88        0x0000000000800100        0x0
 .bss           0x0000000000800100        0x0 c:/program files/microchip/xc8/v2.31/avr/bin/../lib/gcc/avr/5.4.0/avr5\libgcc.a(_copy_data.o)

.text.libgcc.mul%z89
                0x0000000000000000        0x0
 .text.libgcc.mul
                0x0000000000000000        0x0 c:/program files/microchip/xc8/v2.31/avr/bin/../lib/gcc/avr/5.4.0/avr5\libgcc.a(_copy_data.o)

.text.libgcc.div%z90
                0x0000000000000000        0x0
 .text.libgcc.div
                0x0000000000000000        0x0 c:/program files/microchip/xc8/v2.31/avr/bin/../lib/gcc/avr/5.4.0/avr5\libgcc.a(_copy_data.o)

.text.libgcc%z91
                0x0000000000000000        0x0
 .text.libgcc   0x0000000000000000        0x0 c:/program files/microchip/xc8/v2.31/avr/bin/../lib/gcc/avr/5.4.0/avr5\libgcc.a(_copy_data.o)

.text.libgcc.prologue%z92
                0x0000000000000000        0x0
 .text.libgcc.prologue
                0x0000000000000000        0x0 c:/program files/microchip/xc8/v2.31/avr/bin/../lib/gcc/avr/5.4.0/avr5\libgcc.a(_copy_data.o)

.text.libgcc.builtins%z93
                0x0000000000000000        0x0
 .text.libgcc.builtins
                0x0000000000000000        0x0 c:/program files/microchip/xc8/v2.31/avr/bin/../lib/gcc/avr/5.4.0/avr5\libgcc.a(_copy_data.o)

.text.libgcc.fmul%z94
                0x0000000000000000        0x0
 .text.libgcc.fmul
                0x0000000000000000        0x0 c:/program files/microchip/xc8/v2.31/avr/bin/../lib/gcc/avr/5.4.0/avr5\libgcc.a(_copy_data.o)

.text.libgcc.fixed%z95
                0x0000000000000000        0x0
 .text.libgcc.fixed
                0x0000000000000000        0x0 c:/program files/microchip/xc8/v2.31/avr/bin/../lib/gcc/avr/5.4.0/avr5\libgcc.a(_copy_data.o)

.text%z96       0x0000000000000000        0x0
 .text          0x0000000000000000        0x0 c:/program files/microchip/xc8/v2.31/avr/bin/../lib/gcc/avr/5.4.0/avr5\libgcc.a(_mulsidi3.o)

.data%z97       0x0000000000800100        0x0
 .data          0x0000000000800100        0x0 c:/program files/microchip/xc8/v2.31/avr/bin/../lib/gcc/avr/5.4.0/avr5\libgcc.a(_mulsidi3.o)

.bss%z98        0x0000000000800100        0x0
 .bss           0x0000000000800100        0x0 c:/program files/microchip/xc8/v2.31/avr/bin/../lib/gcc/avr/5.4.0/avr5\libgcc.a(_mulsidi3.o)

.text.libgcc.div%z99
                0x0000000000000000        0x0
 .text.libgcc.div
                0x0000000000000000        0x0 c:/program files/microchip/xc8/v2.31/avr/bin/../lib/gcc/avr/5.4.0/avr5\libgcc.a(_mulsidi3.o)

.text.libgcc%z100
                0x0000000000000000        0x0
 .text.libgcc   0x0000000000000000        0x0 c:/program files/microchip/xc8/v2.31/avr/bin/../lib/gcc/avr/5.4.0/avr5\libgcc.a(_mulsidi3.o)

.text.libgcc.prologue%z101
                0x0000000000000000        0x0
 .text.libgcc.prologue
                0x0000000000000000        0x0 c:/program files/microchip/xc8/v2.31/avr/bin/../lib/gcc/avr/5.4.0/avr5\libgcc.a(_mulsidi3.o)

.text.libgcc.builtins%z102
                0x0000000000000000        0x0
 .text.libgcc.builtins
                0x0000000000000000        0x0 c:/program files/microchip/xc8/v2.31/avr/bin/../lib/gcc/avr/5.4.0/avr5\libgcc.a(_mulsidi3.o)

.text.libgcc.fmul%z103
                0x0000000000000000        0x0
 .text.libgcc.fmul
                0x0000000000000000        0x0 c:/program files/microchip/xc8/v2.31/avr/bin/../lib/gcc/avr/5.4.0/avr5\libgcc.a(_mulsidi3.o)

.text.libgcc.fixed%z104
                0x0000000000000000        0x0
 .text.libgcc.fixed
                0x0000000000000000        0x0 c:/program files/microchip/xc8/v2.31/avr/bin/../lib/gcc/avr/5.4.0/avr5\libgcc.a(_mulsidi3.o)

.text%z105      0x0000000000000000        0x0
 .text          0x0000000000000000        0x0 c:/program files/microchip/xc8/v2.31/avr/bin/../lib/gcc/avr/5.4.0/avr5\libgcc.a(_umulsidi3.o)

.data%z106      0x0000000000800100        0x0
 .data          0x0000000000800100        0x0 c:/program files/microchip/xc8/v2.31/avr/bin/../lib/gcc/avr/5.4.0/avr5\libgcc.a(_umulsidi3.o)

.bss%z107       0x0000000000800100        0x0
 .bss           0x0000000000800100        0x0 c:/program files/microchip/xc8/v2.31/avr/bin/../lib/gcc/avr/5.4.0/avr5\libgcc.a(_umulsidi3.o)

.text.libgcc.div%z108
                0x0000000000000000        0x0
 .text.libgcc.div
                0x0000000000000000        0x0 c:/program files/microchip/xc8/v2.31/avr/bin/../lib/gcc/avr/5.4.0/avr5\libgcc.a(_umulsidi3.o)

.text.libgcc%z109
                0x0000000000000000        0x0
 .text.libgcc   0x0000000000000000        0x0 c:/program files/microchip/xc8/v2.31/avr/bin/../lib/gcc/avr/5.4.0/avr5\libgcc.a(_umulsidi3.o)

.text.libgcc.prologue%z110
                0x0000000000000000        0x0
 .text.libgcc.prologue
                0x0000000000000000        0x0 c:/program files/microchip/xc8/v2.31/avr/bin/../lib/gcc/avr/5.4.0/avr5\libgcc.a(_umulsidi3.o)

.text.libgcc.builtins%z111
                0x0000000000000000        0x0
 .text.libgcc.builtins
                0x0000000000000000        0x0 c:/program files/microchip/xc8/v2.31/avr/bin/../lib/gcc/avr/5.4.0/avr5\libgcc.a(_umulsidi3.o)

.text.libgcc.fmul%z112
                0x0000000000000000        0x0
 .text.libgcc.fmul
                0x0000000000000000        0x0 c:/program files/microchip/xc8/v2.31/avr/bin/../lib/gcc/avr/5.4.0/avr5\libgcc.a(_umulsidi3.o)

.text.libgcc.fixed%z113
                0x0000000000000000        0x0
 .text.libgcc.fixed
                0x0000000000000000        0x0 c:/program files/microchip/xc8/v2.31/avr/bin/../lib/gcc/avr/5.4.0/avr5\libgcc.a(_umulsidi3.o)

.text%z114      0x0000000000000000        0x0
 .text          0x0000000000000000        0x0 c:/program files/microchip/xc8/v2.31/avr/bin/../lib/gcc/avr/5.4.0/avr5\libgcc.a(_ashrdi3.o)

.data%z115      0x0000000000800100        0x0
 .data          0x0000000000800100        0x0 c:/program files/microchip/xc8/v2.31/avr/bin/../lib/gcc/avr/5.4.0/avr5\libgcc.a(_ashrdi3.o)

.bss%z116       0x0000000000800100        0x0
 .bss           0x0000000000800100        0x0 c:/program files/microchip/xc8/v2.31/avr/bin/../lib/gcc/avr/5.4.0/avr5\libgcc.a(_ashrdi3.o)

.text.libgcc.mul%z117
                0x0000000000000000        0x0
 .text.libgcc.mul
                0x0000000000000000        0x0 c:/program files/microchip/xc8/v2.31/avr/bin/../lib/gcc/avr/5.4.0/avr5\libgcc.a(_ashrdi3.o)

.text.libgcc.div%z118
                0x0000000000000000        0x0
 .text.libgcc.div
                0x0000000000000000        0x0 c:/program files/microchip/xc8/v2.31/avr/bin/../lib/gcc/avr/5.4.0/avr5\libgcc.a(_ashrdi3.o)

.text.libgcc%z119
                0x0000000000000000        0x0
 .text.libgcc   0x0000000000000000        0x0 c:/program files/microchip/xc8/v2.31/avr/bin/../lib/gcc/avr/5.4.0/avr5\libgcc.a(_ashrdi3.o)

.text.libgcc.prologue%z120
                0x0000000000000000        0x0
 .text.libgcc.prologue
                0x0000000000000000        0x0 c:/program files/microchip/xc8/v2.31/avr/bin/../lib/gcc/avr/5.4.0/avr5\libgcc.a(_ashrdi3.o)

.text.libgcc.fmul%z121
                0x0000000000000000        0x0
 .text.libgcc.fmul
                0x0000000000000000        0x0 c:/program files/microchip/xc8/v2.31/avr/bin/../lib/gcc/avr/5.4.0/avr5\libgcc.a(_ashrdi3.o)

.text.libgcc.fixed%z122
                0x0000000000000000        0x0
 .text.libgcc.fixed
                0x0000000000000000        0x0 c:/program files/microchip/xc8/v2.31/avr/bin/../lib/gcc/avr/5.4.0/avr5\libgcc.a(_ashrdi3.o)

.text%z123      0x0000000000000000        0x0
 .text          0x0000000000000000        0x0 c:/program files/microchip/xc8/v2.31/avr/bin/../lib/gcc/avr/5.4.0/avr5\libgcc.a(_cmpdi2_s8.o)

.data%z124      0x0000000000800100        0x0
 .data          0x0000000000800100        0x0 c:/program files/microchip/xc8/v2.31/avr/bin/../lib/gcc/avr/5.4.0/avr5\libgcc.a(_cmpdi2_s8.o)

.bss%z125       0x0000000000800100        0x0
 .bss           0x0000000000800100        0x0 c:/program files/microchip/xc8/v2.31/avr/bin/../lib/gcc/avr/5.4.0/avr5\libgcc.a(_cmpdi2_s8.o)

.text.libgcc.mul%z126
                0x0000000000000000        0x0
 .text.libgcc.mul
                0x0000000000000000        0x0 c:/program files/microchip/xc8/v2.31/avr/bin/../lib/gcc/avr/5.4.0/avr5\libgcc.a(_cmpdi2_s8.o)

.text.libgcc.div%z127
                0x0000000000000000        0x0
 .text.libgcc.div
                0x0000000000000000        0x0 c:/program files/microchip/xc8/v2.31/avr/bin/../lib/gcc/avr/5.4.0/avr5\libgcc.a(_cmpdi2_s8.o)

.text.libgcc.prologue%z128
                0x0000000000000000        0x0
 .text.libgcc.prologue
                0x0000000000000000        0x0 c:/program files/microchip/xc8/v2.31/avr/bin/../lib/gcc/avr/5.4.0/avr5\libgcc.a(_cmpdi2_s8.o)

.text.libgcc.builtins%z129
                0x0000000000000000        0x0
 .text.libgcc.builtins
                0x0000000000000000        0x0 c:/program files/microchip/xc8/v2.31/avr/bin/../lib/gcc/avr/5.4.0/avr5\libgcc.a(_cmpdi2_s8.o)

.text.libgcc.fmul%z130
                0x0000000000000000        0x0
 .text.libgcc.fmul
                0x0000000000000000        0x0 c:/program files/microchip/xc8/v2.31/avr/bin/../lib/gcc/avr/5.4.0/avr5\libgcc.a(_cmpdi2_s8.o)

.text.libgcc.fixed%z131
                0x0000000000000000        0x0
 .text.libgcc.fixed
                0x0000000000000000        0x0 c:/program files/microchip/xc8/v2.31/avr/bin/../lib/gcc/avr/5.4.0/avr5\libgcc.a(_cmpdi2_s8.o)

.text%z132      0x0000000000000000        0x0
 .text          0x0000000000000000        0x0 c:/program files/microchip/xc8/v2.31/avr/bin/../lib/gcc/avr/5.4.0/avr5\libgcc.a(_udivmodsi4.o)

.data%z133      0x0000000000800100        0x0
 .data          0x0000000000800100        0x0 c:/program files/microchip/xc8/v2.31/avr/bin/../lib/gcc/avr/5.4.0/avr5\libgcc.a(_udivmodsi4.o)

.bss%z134       0x0000000000800100        0x0
 .bss           0x0000000000800100        0x0 c:/program files/microchip/xc8/v2.31/avr/bin/../lib/gcc/avr/5.4.0/avr5\libgcc.a(_udivmodsi4.o)

.text.libgcc.mul%z135
                0x0000000000000000        0x0
 .text.libgcc.mul
                0x0000000000000000        0x0 c:/program files/microchip/xc8/v2.31/avr/bin/../lib/gcc/avr/5.4.0/avr5\libgcc.a(_udivmodsi4.o)

.text.libgcc%z136
                0x0000000000000000        0x0
 .text.libgcc   0x0000000000000000        0x0 c:/program files/microchip/xc8/v2.31/avr/bin/../lib/gcc/avr/5.4.0/avr5\libgcc.a(_udivmodsi4.o)

.text.libgcc.prologue%z137
                0x0000000000000000        0x0
 .text.libgcc.prologue
                0x0000000000000000        0x0 c:/program files/microchip/xc8/v2.31/avr/bin/../lib/gcc/avr/5.4.0/avr5\libgcc.a(_udivmodsi4.o)

.text.libgcc.builtins%z138
                0x0000000000000000        0x0
 .text.libgcc.builtins
                0x0000000000000000        0x0 c:/program files/microchip/xc8/v2.31/avr/bin/../lib/gcc/avr/5.4.0/avr5\libgcc.a(_udivmodsi4.o)

.text.libgcc.fmul%z139
                0x0000000000000000        0x0
 .text.libgcc.fmul
                0x0000000000000000        0x0 c:/program files/microchip/xc8/v2.31/avr/bin/../lib/gcc/avr/5.4.0/avr5\libgcc.a(_udivmodsi4.o)

.text.libgcc.fixed%z140
                0x0000000000000000        0x0
 .text.libgcc.fixed
                0x0000000000000000        0x0 c:/program files/microchip/xc8/v2.31/avr/bin/../lib/gcc/avr/5.4.0/avr5\libgcc.a(_udivmodsi4.o)

.text%z141      0x0000000000000000        0x0
 .text          0x0000000000000000        0x0 c:/program files/microchip/xc8/v2.31/avr/bin/../lib/gcc/avr/5.4.0/avr5\libgcc.a(_umulhisi3.o)

.data%z142      0x0000000000800100        0x0
 .data          0x0000000000800100        0x0 c:/program files/microchip/xc8/v2.31/avr/bin/../lib/gcc/avr/5.4.0/avr5\libgcc.a(_umulhisi3.o)

.bss%z143       0x0000000000800100        0x0
 .bss           0x0000000000800100        0x0 c:/program files/microchip/xc8/v2.31/avr/bin/../lib/gcc/avr/5.4.0/avr5\libgcc.a(_umulhisi3.o)

.text.libgcc.div%z144
                0x0000000000000000        0x0
 .text.libgcc.div
                0x0000000000000000        0x0 c:/program files/microchip/xc8/v2.31/avr/bin/../lib/gcc/avr/5.4.0/avr5\libgcc.a(_umulhisi3.o)

.text.libgcc%z145
                0x0000000000000000        0x0
 .text.libgcc   0x0000000000000000        0x0 c:/program files/microchip/xc8/v2.31/avr/bin/../lib/gcc/avr/5.4.0/avr5\libgcc.a(_umulhisi3.o)

.text.libgcc.prologue%z146
                0x0000000000000000        0x0
 .text.libgcc.prologue
                0x0000000000000000        0x0 c:/program files/microchip/xc8/v2.31/avr/bin/../lib/gcc/avr/5.4.0/avr5\libgcc.a(_umulhisi3.o)

.text.libgcc.builtins%z147
                0x0000000000000000        0x0
 .text.libgcc.builtins
                0x0000000000000000        0x0 c:/program files/microchip/xc8/v2.31/avr/bin/../lib/gcc/avr/5.4.0/avr5\libgcc.a(_umulhisi3.o)

.text.libgcc.fmul%z148
                0x0000000000000000        0x0
 .text.libgcc.fmul
                0x0000000000000000        0x0 c:/program files/microchip/xc8/v2.31/avr/bin/../lib/gcc/avr/5.4.0/avr5\libgcc.a(_umulhisi3.o)

.text.libgcc.fixed%z149
                0x0000000000000000        0x0
 .text.libgcc.fixed
                0x0000000000000000        0x0 c:/program files/microchip/xc8/v2.31/avr/bin/../lib/gcc/avr/5.4.0/avr5\libgcc.a(_umulhisi3.o)

.text%z150      0x0000000000000000        0x0
 .text          0x0000000000000000        0x0 c:/program files/microchip/xc8/v2.31/avr/bin/../lib/gcc/avr/5.4.0/avr5\libgcc.a(_muldi3_6.o)

.data%z151      0x0000000000800100        0x0
 .data          0x0000000000800100        0x0 c:/program files/microchip/xc8/v2.31/avr/bin/../lib/gcc/avr/5.4.0/avr5\libgcc.a(_muldi3_6.o)

.bss%z152       0x0000000000800100        0x0
 .bss           0x0000000000800100        0x0 c:/program files/microchip/xc8/v2.31/avr/bin/../lib/gcc/avr/5.4.0/avr5\libgcc.a(_muldi3_6.o)

.text.libgcc.div%z153
                0x0000000000000000        0x0
 .text.libgcc.div
                0x0000000000000000        0x0 c:/program files/microchip/xc8/v2.31/avr/bin/../lib/gcc/avr/5.4.0/avr5\libgcc.a(_muldi3_6.o)

.text.libgcc%z154
                0x0000000000000000        0x0
 .text.libgcc   0x0000000000000000        0x0 c:/program files/microchip/xc8/v2.31/avr/bin/../lib/gcc/avr/5.4.0/avr5\libgcc.a(_muldi3_6.o)

.text.libgcc.prologue%z155
                0x0000000000000000        0x0
 .text.libgcc.prologue
                0x0000000000000000        0x0 c:/program files/microchip/xc8/v2.31/avr/bin/../lib/gcc/avr/5.4.0/avr5\libgcc.a(_muldi3_6.o)

.text.libgcc.builtins%z156
                0x0000000000000000        0x0
 .text.libgcc.builtins
                0x0000000000000000        0x0 c:/program files/microchip/xc8/v2.31/avr/bin/../lib/gcc/avr/5.4.0/avr5\libgcc.a(_muldi3_6.o)

.text.libgcc.fmul%z157
                0x0000000000000000        0x0
 .text.libgcc.fmul
                0x0000000000000000        0x0 c:/program files/microchip/xc8/v2.31/avr/bin/../lib/gcc/avr/5.4.0/avr5\libgcc.a(_muldi3_6.o)

.text.libgcc.fixed%z158
                0x0000000000000000        0x0
 .text.libgcc.fixed
                0x0000000000000000        0x0 c:/program files/microchip/xc8/v2.31/avr/bin/../lib/gcc/avr/5.4.0/avr5\libgcc.a(_muldi3_6.o)

.text%z159      0x0000000000000000        0x0
 .text          0x0000000000000000        0x0 c:/program files/microchip/xc8/v2.31/avr/bin/../lib/gcc/avr/5.4.0/../../../../avr/lib/avr5\libm.a(addsf3.o)

.data%z160      0x0000000000800100        0x0
 .data          0x0000000000800100        0x0 c:/program files/microchip/xc8/v2.31/avr/bin/../lib/gcc/avr/5.4.0/../../../../avr/lib/avr5\libm.a(addsf3.o)

.bss%z161       0x0000000000800100        0x0
 .bss           0x0000000000800100        0x0 c:/program files/microchip/xc8/v2.31/avr/bin/../lib/gcc/avr/5.4.0/../../../../avr/lib/avr5\libm.a(addsf3.o)

.text%z162      0x0000000000000000        0x0
 .text          0x0000000000000000        0x0 c:/program files/microchip/xc8/v2.31/avr/bin/../lib/gcc/avr/5.4.0/../../../../avr/lib/avr5\libm.a(addsf3x.o)

.data%z163      0x0000000000800100        0x0
 .data          0x0000000000800100        0x0 c:/program files/microchip/xc8/v2.31/avr/bin/../lib/gcc/avr/5.4.0/../../../../avr/lib/avr5\libm.a(addsf3x.o)

.bss%z164       0x0000000000800100        0x0
 .bss           0x0000000000800100        0x0 c:/program files/microchip/xc8/v2.31/avr/bin/../lib/gcc/avr/5.4.0/../../../../avr/lib/avr5\libm.a(addsf3x.o)

.text%z165      0x0000000000000000        0x0
 .text          0x0000000000000000        0x0 c:/program files/microchip/xc8/v2.31/avr/bin/../lib/gcc/avr/5.4.0/../../../../avr/lib/avr5\libm.a(cmpsf2.o)

.data%z166      0x0000000000800100        0x0
 .data          0x0000000000800100        0x0 c:/program files/microchip/xc8/v2.31/avr/bin/../lib/gcc/avr/5.4.0/../../../../avr/lib/avr5\libm.a(cmpsf2.o)

.bss%z167       0x0000000000800100        0x0
 .bss           0x0000000000800100        0x0 c:/program files/microchip/xc8/v2.31/avr/bin/../lib/gcc/avr/5.4.0/../../../../avr/lib/avr5\libm.a(cmpsf2.o)

.text%z168      0x0000000000000000        0x0
 .text          0x0000000000000000        0x0 c:/program files/microchip/xc8/v2.31/avr/bin/../lib/gcc/avr/5.4.0/../../../../avr/lib/avr5\libm.a(divsf3.o)

.data%z169      0x0000000000800100        0x0
 .data          0x0000000000800100        0x0 c:/program files/microchip/xc8/v2.31/avr/bin/../lib/gcc/avr/5.4.0/../../../../avr/lib/avr5\libm.a(divsf3.o)

.bss%z170       0x0000000000800100        0x0
 .bss           0x0000000000800100        0x0 c:/program files/microchip/xc8/v2.31/avr/bin/../lib/gcc/avr/5.4.0/../../../../avr/lib/avr5\libm.a(divsf3.o)

.text%z171      0x0000000000000000        0x0
 .text          0x0000000000000000        0x0 c:/program files/microchip/xc8/v2.31/avr/bin/../lib/gcc/avr/5.4.0/../../../../avr/lib/avr5\libm.a(divsf3x.o)

.data%z172      0x0000000000800100        0x0
 .data          0x0000000000800100        0x0 c:/program files/microchip/xc8/v2.31/avr/bin/../lib/gcc/avr/5.4.0/../../../../avr/lib/avr5\libm.a(divsf3x.o)

.bss%z173       0x0000000000800100        0x0
 .bss           0x0000000000800100        0x0 c:/program files/microchip/xc8/v2.31/avr/bin/../lib/gcc/avr/5.4.0/../../../../avr/lib/avr5\libm.a(divsf3x.o)

.text%z174      0x0000000000000000        0x0
 .text          0x0000000000000000        0x0 c:/program files/microchip/xc8/v2.31/avr/bin/../lib/gcc/avr/5.4.0/../../../../avr/lib/avr5\libm.a(fixsfsi.o)

.data%z175      0x0000000000800100        0x0
 .data          0x0000000000800100        0x0 c:/program files/microchip/xc8/v2.31/avr/bin/../lib/gcc/avr/5.4.0/../../../../avr/lib/avr5\libm.a(fixsfsi.o)

.bss%z176       0x0000000000800100        0x0
 .bss           0x0000000000800100        0x0 c:/program files/microchip/xc8/v2.31/avr/bin/../lib/gcc/avr/5.4.0/../../../../avr/lib/avr5\libm.a(fixsfsi.o)

.text%z177      0x0000000000000000        0x0
 .text          0x0000000000000000        0x0 c:/program files/microchip/xc8/v2.31/avr/bin/../lib/gcc/avr/5.4.0/../../../../avr/lib/avr5\libm.a(fixunssfsi.o)

.data%z178      0x0000000000800100        0x0
 .data          0x0000000000800100        0x0 c:/program files/microchip/xc8/v2.31/avr/bin/../lib/gcc/avr/5.4.0/../../../../avr/lib/avr5\libm.a(fixunssfsi.o)

.bss%z179       0x0000000000800100        0x0
 .bss           0x0000000000800100        0x0 c:/program files/microchip/xc8/v2.31/avr/bin/../lib/gcc/avr/5.4.0/../../../../avr/lib/avr5\libm.a(fixunssfsi.o)

.text%z180      0x0000000000000000        0x0
 .text          0x0000000000000000        0x0 c:/program files/microchip/xc8/v2.31/avr/bin/../lib/gcc/avr/5.4.0/../../../../avr/lib/avr5\libm.a(floatsisf.o)

.data%z181      0x0000000000800100        0x0
 .data          0x0000000000800100        0x0 c:/program files/microchip/xc8/v2.31/avr/bin/../lib/gcc/avr/5.4.0/../../../../avr/lib/avr5\libm.a(floatsisf.o)

.bss%z182       0x0000000000800100        0x0
 .bss           0x0000000000800100        0x0 c:/program files/microchip/xc8/v2.31/avr/bin/../lib/gcc/avr/5.4.0/../../../../avr/lib/avr5\libm.a(floatsisf.o)

.text%z183      0x0000000000000000        0x0
 .text          0x0000000000000000        0x0 c:/program files/microchip/xc8/v2.31/avr/bin/../lib/gcc/avr/5.4.0/../../../../avr/lib/avr5\libm.a(fp_cmp.o)

.data%z184      0x0000000000800100        0x0
 .data          0x0000000000800100        0x0 c:/program files/microchip/xc8/v2.31/avr/bin/../lib/gcc/avr/5.4.0/../../../../avr/lib/avr5\libm.a(fp_cmp.o)

.bss%z185       0x0000000000800100        0x0
 .bss           0x0000000000800100        0x0 c:/program files/microchip/xc8/v2.31/avr/bin/../lib/gcc/avr/5.4.0/../../../../avr/lib/avr5\libm.a(fp_cmp.o)

.text%z186      0x0000000000000000        0x0
 .text          0x0000000000000000        0x0 c:/program files/microchip/xc8/v2.31/avr/bin/../lib/gcc/avr/5.4.0/../../../../avr/lib/avr5\libm.a(fp_inf.o)

.data%z187      0x0000000000800100        0x0
 .data          0x0000000000800100        0x0 c:/program files/microchip/xc8/v2.31/avr/bin/../lib/gcc/avr/5.4.0/../../../../avr/lib/avr5\libm.a(fp_inf.o)

.bss%z188       0x0000000000800100        0x0
 .bss           0x0000000000800100        0x0 c:/program files/microchip/xc8/v2.31/avr/bin/../lib/gcc/avr/5.4.0/../../../../avr/lib/avr5\libm.a(fp_inf.o)

.text%z189      0x0000000000000000        0x0
 .text          0x0000000000000000        0x0 c:/program files/microchip/xc8/v2.31/avr/bin/../lib/gcc/avr/5.4.0/../../../../avr/lib/avr5\libm.a(fp_nan.o)

.data%z190      0x0000000000800100        0x0
 .data          0x0000000000800100        0x0 c:/program files/microchip/xc8/v2.31/avr/bin/../lib/gcc/avr/5.4.0/../../../../avr/lib/avr5\libm.a(fp_nan.o)

.bss%z191       0x0000000000800100        0x0
 .bss           0x0000000000800100        0x0 c:/program files/microchip/xc8/v2.31/avr/bin/../lib/gcc/avr/5.4.0/../../../../avr/lib/avr5\libm.a(fp_nan.o)

.text%z192      0x0000000000000000        0x0
 .text          0x0000000000000000        0x0 c:/program files/microchip/xc8/v2.31/avr/bin/../lib/gcc/avr/5.4.0/../../../../avr/lib/avr5\libm.a(fp_pscA.o)

.data%z193      0x0000000000800100        0x0
 .data          0x0000000000800100        0x0 c:/program files/microchip/xc8/v2.31/avr/bin/../lib/gcc/avr/5.4.0/../../../../avr/lib/avr5\libm.a(fp_pscA.o)

.bss%z194       0x0000000000800100        0x0
 .bss           0x0000000000800100        0x0 c:/program files/microchip/xc8/v2.31/avr/bin/../lib/gcc/avr/5.4.0/../../../../avr/lib/avr5\libm.a(fp_pscA.o)

.text%z195      0x0000000000000000        0x0
 .text          0x0000000000000000        0x0 c:/program files/microchip/xc8/v2.31/avr/bin/../lib/gcc/avr/5.4.0/../../../../avr/lib/avr5\libm.a(fp_pscB.o)

.data%z196      0x0000000000800100        0x0
 .data          0x0000000000800100        0x0 c:/program files/microchip/xc8/v2.31/avr/bin/../lib/gcc/avr/5.4.0/../../../../avr/lib/avr5\libm.a(fp_pscB.o)

.bss%z197       0x0000000000800100        0x0
 .bss           0x0000000000800100        0x0 c:/program files/microchip/xc8/v2.31/avr/bin/../lib/gcc/avr/5.4.0/../../../../avr/lib/avr5\libm.a(fp_pscB.o)

.text%z198      0x0000000000000000        0x0
 .text          0x0000000000000000        0x0 c:/program files/microchip/xc8/v2.31/avr/bin/../lib/gcc/avr/5.4.0/../../../../avr/lib/avr5\libm.a(fp_round.o)

.data%z199      0x0000000000800100        0x0
 .data          0x0000000000800100        0x0 c:/program files/microchip/xc8/v2.31/avr/bin/../lib/gcc/avr/5.4.0/../../../../avr/lib/avr5\libm.a(fp_round.o)

.bss%z200       0x0000000000800100        0x0
 .bss           0x0000000000800100        0x0 c:/program files/microchip/xc8/v2.31/avr/bin/../lib/gcc/avr/5.4.0/../../../../avr/lib/avr5\libm.a(fp_round.o)

.text%z201      0x0000000000000000        0x0
 .text          0x0000000000000000        0x0 c:/program files/microchip/xc8/v2.31/avr/bin/../lib/gcc/avr/5.4.0/../../../../avr/lib/avr5\libm.a(fp_split3.o)

.data%z202      0x0000000000800100        0x0
 .data          0x0000000000800100        0x0 c:/program files/microchip/xc8/v2.31/avr/bin/../lib/gcc/avr/5.4.0/../../../../avr/lib/avr5\libm.a(fp_split3.o)

.bss%z203       0x0000000000800100        0x0
 .bss           0x0000000000800100        0x0 c:/program files/microchip/xc8/v2.31/avr/bin/../lib/gcc/avr/5.4.0/../../../../avr/lib/avr5\libm.a(fp_split3.o)

.text%z204      0x0000000000000000        0x0
 .text          0x0000000000000000        0x0 c:/program files/microchip/xc8/v2.31/avr/bin/../lib/gcc/avr/5.4.0/../../../../avr/lib/avr5\libm.a(fp_zero.o)

.data%z205      0x0000000000800100        0x0
 .data          0x0000000000800100        0x0 c:/program files/microchip/xc8/v2.31/avr/bin/../lib/gcc/avr/5.4.0/../../../../avr/lib/avr5\libm.a(fp_zero.o)

.bss%z206       0x0000000000800100        0x0
 .bss           0x0000000000800100        0x0 c:/program files/microchip/xc8/v2.31/avr/bin/../lib/gcc/avr/5.4.0/../../../../avr/lib/avr5\libm.a(fp_zero.o)

.text%z207      0x0000000000000000        0x0
 .text          0x0000000000000000        0x0 c:/program files/microchip/xc8/v2.31/avr/bin/../lib/gcc/avr/5.4.0/../../../../avr/lib/avr5\libm.a(gesf2.o)

.data%z208      0x0000000000800100        0x0
 .data          0x0000000000800100        0x0 c:/program files/microchip/xc8/v2.31/avr/bin/../lib/gcc/avr/5.4.0/../../../../avr/lib/avr5\libm.a(gesf2.o)

.bss%z209       0x0000000000800100        0x0
 .bss           0x0000000000800100        0x0 c:/program files/microchip/xc8/v2.31/avr/bin/../lib/gcc/avr/5.4.0/../../../../avr/lib/avr5\libm.a(gesf2.o)

.text%z210      0x0000000000000000        0x0
 .text          0x0000000000000000        0x0 c:/program files/microchip/xc8/v2.31/avr/bin/../lib/gcc/avr/5.4.0/../../../../avr/lib/avr5\libm.a(mulsf3.o)

.data%z211      0x0000000000800100        0x0
 .data          0x0000000000800100        0x0 c:/program files/microchip/xc8/v2.31/avr/bin/../lib/gcc/avr/5.4.0/../../../../avr/lib/avr5\libm.a(mulsf3.o)

.bss%z212       0x0000000000800100        0x0
 .bss           0x0000000000800100        0x0 c:/program files/microchip/xc8/v2.31/avr/bin/../lib/gcc/avr/5.4.0/../../../../avr/lib/avr5\libm.a(mulsf3.o)

.text%z213      0x0000000000000000        0x0
 .text          0x0000000000000000        0x0 c:/program files/microchip/xc8/v2.31/avr/bin/../lib/gcc/avr/5.4.0/../../../../avr/lib/avr5\libm.a(mulsf3x.o)

.data%z214      0x0000000000800100        0x0
 .data          0x0000000000800100        0x0 c:/program files/microchip/xc8/v2.31/avr/bin/../lib/gcc/avr/5.4.0/../../../../avr/lib/avr5\libm.a(mulsf3x.o)

.bss%z215       0x0000000000800100        0x0
 .bss           0x0000000000800100        0x0 c:/program files/microchip/xc8/v2.31/avr/bin/../lib/gcc/avr/5.4.0/../../../../avr/lib/avr5\libm.a(mulsf3x.o)

.text%z216      0x0000000000000000        0x0
 .text          0x0000000000000000        0x0 c:/program files/microchip/xc8/v2.31/avr/bin/../lib/gcc/avr/5.4.0/../../../../avr/lib/avr5\libm.a(sqrt.o)

.data%z217      0x0000000000800100        0x0
 .data          0x0000000000800100        0x0 c:/program files/microchip/xc8/v2.31/avr/bin/../lib/gcc/avr/5.4.0/../../../../avr/lib/avr5\libm.a(sqrt.o)

.bss%z218       0x0000000000800100        0x0
 .bss           0x0000000000800100        0x0 c:/program files/microchip/xc8/v2.31/avr/bin/../lib/gcc/avr/5.4.0/../../../../avr/lib/avr5\libm.a(sqrt.o)

.text%z219      0x0000000000000000        0x0
 .text          0x0000000000000000        0x0 c:/program files/microchip/xc8/v2.31/avr/bin/../lib/gcc/avr/5.4.0/../../../../avr/lib/avr5\libm.a(fp_mpack.o)

.data%z220      0x0000000000800100        0x0
 .data          0x0000000000800100        0x0 c:/program files/microchip/xc8/v2.31/avr/bin/../lib/gcc/avr/5.4.0/../../../../avr/lib/avr5\libm.a(fp_mpack.o)

.bss%z221       0x0000000000800100        0x0
 .bss           0x0000000000800100        0x0 c:/program files/microchip/xc8/v2.31/avr/bin/../lib/gcc/avr/5.4.0/../../../../avr/lib/avr5\libm.a(fp_mpack.o)

.text%z222      0x0000000000000000        0x0
 .text          0x0000000000000000        0x0 c:/program files/microchip/xc8/v2.31/avr/bin/../lib/gcc/avr/5.4.0/../../../../avr/lib/avr5\libm.a(fp_norm2.o)

.data%z223      0x0000000000800100        0x0
 .data          0x0000000000800100        0x0 c:/program files/microchip/xc8/v2.31/avr/bin/../lib/gcc/avr/5.4.0/../../../../avr/lib/avr5\libm.a(fp_norm2.o)

.bss%z224       0x0000000000800100        0x0
 .bss           0x0000000000800100        0x0 c:/program files/microchip/xc8/v2.31/avr/bin/../lib/gcc/avr/5.4.0/../../../../avr/lib/avr5\libm.a(fp_norm2.o)

progmem.data    0x000000000000019a      0x2fd
 progmem.data   0x000000000000019a      0x2fd config.o
                0x000000000000019a                __lintable_ain20ma
                0x00000000000002ae                __fru_data
                0x00000000000002e9                __pdr_data

.data           0x000000000080054c        0x1 load address 0x0000000000000497
 .data          0x000000000080054c        0x1 vprofiler.o

.text           0x0000000000000498     0x2788
 .text          0x0000000000000498     0x2788 vprofiler.o
                0x0000000000000498                vprofiler_setParameters
                0x0000000000000568                vprofiler_start
                0x0000000000001eca                vprofiler_startv
                0x000000000000245a                vprofiler_stop
                0x0000000000002462                vprofiler_update
                0x0000000000002948                vprofiler_updatev
                0x0000000000002c12                vprofiler_isDone

.text           0x0000000000002c20     0x21ba
 .text          0x0000000000002c20     0x21ba node.o
                0x0000000000002ce8                node_init
                0x0000000000002cee                setTid
                0x0000000000002d6c                getTid
                0x0000000000002df8                getPldmVersion
                0x0000000000002eb2                getPldmTypes
                0x0000000000002fa6                getPldmCommands
                0x00000000000030a8                getUuid
                0x000000000000314c                processCommandEventMessageSupported
                0x000000000000320e                processSetEventReceiver
                0x00000000000032b4                processPollForPlatformEvent
                0x0000000000003462                getFruTableMetadata
                0x000000000000353c                node_putCommand
                0x000000000000357a                node_getResponse
                0x0000000000004bec                node_sendNumericSensorEvent
                0x0000000000004cf6                node_sendStateSensorEvent
                0x0000000000004dd2                node_updateEvents

.text           0x0000000000004dda      0x6e8
 .text          0x0000000000004dda      0x6e8 entitySimple1.o
                0x0000000000004e8a                entitySimple1_readChannels
                0x0000000000004ee2                entitySimple1_updateEvents
                0x0000000000004f9e                entitySimple1_acknowledgeEvent
                0x0000000000004fe0                entitySimple1_respondToPollEvent
                0x000000000000506e                entitySimple1_init
                0x0000000000005162                entitySimple1_setStateEffecterStates
                0x00000000000051ae                entitySimple1_setStateEffecterEnables
                0x00000000000051f8                entitySimple1_getStateSensorReading
                0x0000000000005270                entitySimple1_setStateSensorEnables
                0x00000000000052b4                entitySimple1_getStateEffecterStates
                0x000000000000532c                entitySimple1_setNumericEffecterValue
                0x000000000000533c                entitySimple1_getNumericEffecterValue
                0x000000000000534a                entitySimple1_getSensorReading
                0x00000000000053e2                entitySimple1_setNumericEffecterEnable
                0x00000000000053f4                entitySimple1_setNumericSensorEnable
                0x0000000000005424                entitySimple1_updateControl

.text           0x00000000000054c2      0x5c2
 .text          0x00000000000054c2      0x5c2 NumericSensor.o
                0x00000000000055c2                numericsensor_init
                0x00000000000055e6                numericsensor_setValue
                0x00000000000055f2                numericsensor_getValue
                0x0000000000005604                numericsensor_updateSensorState
                0x00000000000056a4                numericsensor_sensorRearm
                0x00000000000056b6                numericsensor_isTriggered
                0x00000000000056c6                numericsensor_setOperationalState
                0x00000000000056fc                numericsensor_isEnabled
                0x0000000000005710                numericsensor_isFatal
                0x0000000000005724                numericsensor_isCritical
                0x0000000000005738                numericsensor_isWarning
                0x000000000000574c                numericsensor_isNormal
                0x000000000000575c                numericsensor_setPresentState
                0x0000000000005760                numericsensor_getOperationalState
                0x0000000000005766                numericsensor_getPresentState
                0x000000000000583e                numericsensor_getEventState
                0x0000000000005844                numericsensor_getSensorPreviousState
                0x000000000000584a                numericsensor_getWarningHighThreshold
                0x0000000000005856                numericsensor_getCriticalHighThreshold
                0x0000000000005862                numericsensor_getFatalHighThreshold
                0x000000000000586e                numericsensor_getWarningLowThreshold
                0x000000000000587a                numericsensor_getCriticalLowThreshold
                0x0000000000005886                numericsensor_getFatalLowThreshold
                0x0000000000005892                numericsensor_setThresholds

.text           0x0000000000005a84      0x432
 .text          0x0000000000005a84      0x432 mctp.o
                0x0000000000005a84                mctp_init
                0x0000000000005a92                mctp_isPacketAvailable
                0x0000000000005a98                mctp_getPacket
                0x0000000000005aa2                mctp_updateRxFSM
                0x0000000000005cea                mctp_transmitFrameStart
                0x0000000000005dec                mctp_transmitFrameData
                0x0000000000005e66                mctp_transmitFrameEnd
                0x0000000000005e84                mctp_sendNoWait
                0x0000000000005eb2                mctp_close

.text           0x0000000000005eb6      0x324
 .text          0x0000000000005eb6      0x324 interpolator.o
                0x0000000000005eb6                to_fp16
                0x0000000000005ec4                fp16_mult
                0x0000000000005f30                interpolator_linearize

.text           0x00000000000061da      0x258
 .text          0x00000000000061da      0x258 systemtimer.o
                0x00000000000061da                __vector_7
                0x0000000000006378                systemtimer_init
                0x00000000000063ca                delay_set
                0x00000000000063ea                delay_isDone

.text           0x0000000000006432      0x1ec
 .text          0x0000000000006432      0x1ec uart.o
                0x0000000000006432                __vector_18
                0x0000000000006492                __vector_19
                0x00000000000064f8                uart_init
                0x000000000000651e                uart_isConnected
                0x0000000000006522                uart_flush
                0x000000000000652e                uart_readCh
                0x0000000000006568                uart_writeCh
                0x00000000000065ce                uart_writeBuffer
                0x000000000000660c                uart_rx_isempty
                0x000000000000661a                uart_close

.text           0x000000000000661e      0x182
 .text          0x000000000000661e      0x182 stepdir_out.o
                0x000000000000661e                step_dir_out1_init
                0x0000000000006660                step_dir_out1_setOutput

.text           0x00000000000067a0      0x140
 .text          0x00000000000067a0      0x140 StateSensor.o
                0x00000000000067a0                statesensor_init
                0x00000000000067c4                statesensor_setValue
                0x00000000000067ca                statesensor_updateSensorState
                0x000000000000683e                statesensor_sensorRearm
                0x0000000000006850                statesensor_isTriggered
                0x0000000000006860                statesensor_isEnabled
                0x0000000000006874                statesensor_setOperationalState
                0x00000000000068aa                statesensor_setPresentState
                0x00000000000068ae                statesensor_getOperationalState
                0x00000000000068b4                statesensor_getPresentState
                0x00000000000068c4                statesensor_getEventState
                0x00000000000068ca                statesensor_getSensorPreviousState
                0x00000000000068d0                statesensor_setValueFromChannelBit

.text.avrlibc.fplib
                0x00000000000068e0       0xde
 .text.avrlibc.fplib
                0x00000000000068e0       0xde c:/program files/microchip/xc8/v2.31/avr/bin/../lib/gcc/avr/5.4.0/../../../../avr/lib/avr5\libm.a(divsf3x.o)
                0x00000000000068e0                __divsf3x
                0x0000000000006908                __divsf3_pse

.text.avrlibc.fplib
                0x00000000000069be       0xd4
 .text.avrlibc.fplib
                0x00000000000069be       0xd4 c:/program files/microchip/xc8/v2.31/avr/bin/../lib/gcc/avr/5.4.0/../../../../avr/lib/avr5\libm.a(mulsf3x.o)
                0x00000000000069be                __mulsf3x
                0x00000000000069e4                __mulsf3_pse

.text           0x0000000000006a92       0xd2
 .text          0x0000000000006a92       0xd2 EventGenerator.o
                0x0000000000006a92                eventgenerator_init
                0x0000000000006aa4                eventgenerator_setEventOccuredFn
                0x0000000000006aac                eventgenerator_setSendEventFn
                0x0000000000006ab4                eventgenerator_isEventPending
                0x0000000000006ac2                eventgenerator_isEventSent
                0x0000000000006ad0                eventgenerator_isEnabled
                0x0000000000006ade                eventgenerator_setEnableEvents
                0x0000000000006af6                eventgenerator_startSending
                0x0000000000006b1c                eventgenerator_acknowledge
                0x0000000000006b30                eventgenerator_updateEventStateMachine

.text.avrlibc.fplib
                0x0000000000006b64       0xce
 .text.avrlibc.fplib
                0x0000000000006b64       0xce c:/program files/microchip/xc8/v2.31/avr/bin/../lib/gcc/avr/5.4.0/../../../../avr/lib/avr5\libm.a(addsf3x.o)
                0x0000000000006b64                __addsf3x

.text           0x0000000000006c32       0xb2
 .text          0x0000000000006c32       0xb2 NumericEffecter.o
                0x0000000000006c32                numericeffecter_init
                0x0000000000006c3a                numericeffecter_setValue
                0x0000000000006c80                numericeffecter_getValue
                0x0000000000006c8c                numericeffecter_setOperationalState
                0x0000000000006cca                numericeffecter_getOperationalState
                0x0000000000006cd0                numericeffecter_isEnabled

.text           0x0000000000006ce4       0x94
 .text          0x0000000000006ce4       0x94 StateEffecter.o
                0x0000000000006ce4                stateeffecter_init
                0x0000000000006cee                stateeffecter_getOutput
                0x0000000000006cfc                stateeffecter_setOperationalState
                0x0000000000006d2c                stateeffecter_isEnabled
                0x0000000000006d40                stateeffecter_setPresentState
                0x0000000000006d62                stateeffecter_getOperationalState
                0x0000000000006d68                stateeffecter_getPresentState

.text.startup   0x0000000000006d78       0x8e
 .text.startup  0x0000000000006d78       0x8e main.o
                0x0000000000006d78                main

.text.avrlibc.fplib
                0x0000000000006e06       0x8e
 .text.avrlibc.fplib
                0x0000000000006e06       0x8e c:/program files/microchip/xc8/v2.31/avr/bin/../lib/gcc/avr/5.4.0/../../../../avr/lib/avr5\libm.a(sqrt.o)
                0x0000000000006e06                sqrtf
                0x0000000000006e06                sqrt

.text.avrlibc.fplib
                0x0000000000006e94       0x7a
 .text.avrlibc.fplib
                0x0000000000006e94       0x7a c:/program files/microchip/xc8/v2.31/avr/bin/../lib/gcc/avr/5.4.0/../../../../avr/lib/avr5\libm.a(floatsisf.o)
                0x0000000000006e94                __floatunsisf
                0x0000000000006e98                __floatsisf

.text           0x0000000000006f0e       0x76
 .text          0x0000000000006f0e       0x76 channels.o
                0x0000000000006f0e                interlock_in_init
                0x0000000000006f14                interlock_in_sample
                0x0000000000006f22                interlock_in_getRawData
                0x0000000000006f28                interlock_out_setOutput
                0x0000000000006f34                interlock_out_enable
                0x0000000000006f38                interlock_out_init
                0x0000000000006f3c                interlock_out_disable
                0x0000000000006f42                trigger_in_init
                0x0000000000006f48                trigger_in_sample
                0x0000000000006f56                trigger_in_getRawData
                0x0000000000006f5c                trigger_out_setOutput
                0x0000000000006f68                trigger_out_enable
                0x0000000000006f6c                trigger_out_init
                0x0000000000006f70                trigger_out_disable
                0x0000000000006f76                channels_init

.text.avrlibc.fplib
                0x0000000000006f84       0x5e
 .text.avrlibc.fplib
                0x0000000000006f84       0x5e c:/program files/microchip/xc8/v2.31/avr/bin/../lib/gcc/avr/5.4.0/../../../../avr/lib/avr5\libm.a(fixunssfsi.o)
                0x0000000000006f84                __fixunssfsi

.text.libgcc.mul
                0x0000000000006fe2       0x56
 .text.libgcc.mul
                0x0000000000006fe2       0x56 c:/program files/microchip/xc8/v2.31/avr/bin/../lib/gcc/avr/5.4.0/avr5\libgcc.a(_umulsidi3.o)
                0x0000000000006fe2                __umulsidi3
                0x0000000000006fe4                __umulsidi3_helper

.text.avrlibc.fplib
                0x0000000000007038       0x48
 .text.avrlibc.fplib
                0x0000000000007038       0x48 c:/program files/microchip/xc8/v2.31/avr/bin/../lib/gcc/avr/5.4.0/../../../../avr/lib/avr5\libm.a(fp_cmp.o)
                0x0000000000007038                __fp_cmp

.text.libgcc.div
                0x0000000000007080       0x44
 .text.libgcc.div
                0x0000000000007080       0x44 c:/program files/microchip/xc8/v2.31/avr/bin/../lib/gcc/avr/5.4.0/avr5\libgcc.a(_udivmodsi4.o)
                0x0000000000007080                __udivmodsi4

.text.avrlibc.fplib
                0x00000000000070c4       0x44
 .text.avrlibc.fplib
                0x00000000000070c4       0x44 c:/program files/microchip/xc8/v2.31/avr/bin/../lib/gcc/avr/5.4.0/../../../../avr/lib/avr5\libm.a(fp_split3.o)
                0x00000000000070c4                __fp_split3
                0x00000000000070d4                __fp_splitA

.text           0x0000000000007108       0x40
 .text          0x0000000000007108       0x40 adc.o
                0x0000000000007108                adc_init
                0x000000000000711e                adc_sample
                0x000000000000713e                adc_getRawData

.text.libgcc.builtins
                0x0000000000007148       0x3c
 .text.libgcc.builtins
                0x0000000000007148       0x3c c:/program files/microchip/xc8/v2.31/avr/bin/../lib/gcc/avr/5.4.0/avr5\libgcc.a(_ashrdi3.o)
                0x0000000000007148                __ashrdi3
                0x000000000000714c                __lshrdi3

.text           0x0000000000007184       0x30
 .text          0x0000000000007184       0x30 fcs.o
                0x0000000000007184                fcs_calcFcs

.text.libgcc.div
                0x00000000000071b4       0x2e
 .text.libgcc.div
                0x00000000000071b4       0x2e c:/program files/microchip/xc8/v2.31/avr/bin/../lib/gcc/avr/5.4.0/avr5\libgcc.a(_divmodsi4.o)
                0x00000000000071b4                __divmodsi4

.text           0x00000000000071e2       0x2a
 .text          0x00000000000071e2       0x2a crc8.o
                0x00000000000071e2                calc_new_crc8

.text.libgcc.div
                0x000000000000720c       0x28
 .text.libgcc.div
                0x000000000000720c       0x28 c:/program files/microchip/xc8/v2.31/avr/bin/../lib/gcc/avr/5.4.0/avr5\libgcc.a(_udivmodhi4.o)
                0x000000000000720c                __udivmodhi4

.text.avrlibc.fplib
                0x0000000000007234       0x22
 .text.avrlibc.fplib
                0x0000000000007234       0x22 c:/program files/microchip/xc8/v2.31/avr/bin/../lib/gcc/avr/5.4.0/../../../../avr/lib/avr5\libm.a(fp_round.o)
                0x0000000000007234                __fp_round

.text.libgcc.mul
                0x0000000000007256       0x1e
 .text.libgcc.mul
                0x0000000000007256       0x1e c:/program files/microchip/xc8/v2.31/avr/bin/../lib/gcc/avr/5.4.0/avr5\libgcc.a(_mulsidi3.o)
                0x0000000000007256                __mulsidi3

.text.libgcc.mul
                0x0000000000007274       0x1e
 .text.libgcc.mul
                0x0000000000007274       0x1e c:/program files/microchip/xc8/v2.31/avr/bin/../lib/gcc/avr/5.4.0/avr5\libgcc.a(_umulhisi3.o)
                0x0000000000007274                __umulhisi3

.text.avrlibc.fplib
                0x0000000000007292       0x1c
 .text.avrlibc.fplib
                0x0000000000007292       0x1c c:/program files/microchip/xc8/v2.31/avr/bin/../lib/gcc/avr/5.4.0/../../../../avr/lib/avr5\libm.a(fp_mpack.o)
                0x0000000000007292                __fp_mpack
                0x0000000000007296                __fp_mpack_finite

.text.libgcc    0x00000000000072ae       0x18
 .text.libgcc   0x00000000000072ae       0x18 c:/program files/microchip/xc8/v2.31/avr/bin/../lib/gcc/avr/5.4.0/avr5\libgcc.a(_cmpdi2_s8.o)
                0x00000000000072ae                __cmpdi2_s8

.text.libgcc.mul
                0x00000000000072c6       0x12
 .text.libgcc.mul
                0x00000000000072c6       0x12 c:/program files/microchip/xc8/v2.31/avr/bin/../lib/gcc/avr/5.4.0/avr5\libgcc.a(_muldi3_6.o)
                0x00000000000072c6                __muldi3_6

.text.libgcc.div
                0x00000000000072d8       0x10
 .text.libgcc.div
                0x00000000000072d8       0x10 c:/program files/microchip/xc8/v2.31/avr/bin/../lib/gcc/avr/5.4.0/avr5\libgcc.a(_negsi2.o)
                0x00000000000072d8                __negsi2

.text.avrlibc.fplib
                0x00000000000072e8        0xe
 .text.avrlibc.fplib
                0x00000000000072e8        0xe c:/program files/microchip/xc8/v2.31/avr/bin/../lib/gcc/avr/5.4.0/../../../../avr/lib/avr5\libm.a(addsf3.o)
                0x00000000000072e8                __subsf3
                0x00000000000072ea                __addsf3

.text.avrlibc.fplib
                0x00000000000072f6        0xe
 .text.avrlibc.fplib
                0x00000000000072f6        0xe c:/program files/microchip/xc8/v2.31/avr/bin/../lib/gcc/avr/5.4.0/../../../../avr/lib/avr5\libm.a(fixsfsi.o)
                0x00000000000072f6                __fixsfsi

.text.avrlibc.fplib
                0x0000000000007304        0xe
 .text.avrlibc.fplib
                0x0000000000007304        0xe c:/program files/microchip/xc8/v2.31/avr/bin/../lib/gcc/avr/5.4.0/../../../../avr/lib/avr5\libm.a(fp_pscA.o)
                0x0000000000007304                __fp_pscA

.text.avrlibc.fplib
                0x0000000000007312        0xe
 .text.avrlibc.fplib
                0x0000000000007312        0xe c:/program files/microchip/xc8/v2.31/avr/bin/../lib/gcc/avr/5.4.0/../../../../avr/lib/avr5\libm.a(fp_pscB.o)
                0x0000000000007312                __fp_pscB

.text.avrlibc.fplib
                0x0000000000007320        0xe
 .text.avrlibc.fplib
                0x0000000000007320        0xe c:/program files/microchip/xc8/v2.31/avr/bin/../lib/gcc/avr/5.4.0/../../../../avr/lib/avr5\libm.a(fp_zero.o)
                0x0000000000007320                __fp_zero
                0x0000000000007322                __fp_szero

.text.avrlibc.fplib
                0x000000000000732e        0xe
 .text.avrlibc.fplib
                0x000000000000732e        0xe c:/program files/microchip/xc8/v2.31/avr/bin/../lib/gcc/avr/5.4.0/../../../../avr/lib/avr5\libm.a(fp_norm2.o)
                0x000000000000732e                __fp_norm2

.text.libgcc    0x000000000000733c        0xc
 .text.libgcc   0x000000000000733c        0xc c:/program files/microchip/xc8/v2.31/avr/bin/../lib/gcc/avr/5.4.0/avr5\libgcc.a(_tablejump2.o)
                0x000000000000733c                __tablejump2__

.text.avrlibc.fplib
                0x0000000000007348        0xc
 .text.avrlibc.fplib
                0x0000000000007348        0xc c:/program files/microchip/xc8/v2.31/avr/bin/../lib/gcc/avr/5.4.0/../../../../avr/lib/avr5\libm.a(fp_inf.o)
                0x0000000000007348                __fp_inf

.text.avrlibc.fplib
                0x0000000000007354        0xa
 .text.avrlibc.fplib
                0x0000000000007354        0xa c:/program files/microchip/xc8/v2.31/avr/bin/../lib/gcc/avr/5.4.0/../../../../avr/lib/avr5\libm.a(cmpsf2.o)
                0x0000000000007354                __nesf2
                0x0000000000007354                __eqsf2
                0x0000000000007354                __cmpsf2
                0x0000000000007354                __ltsf2
                0x0000000000007354                __lesf2

.text.avrlibc.fplib
                0x000000000000735e        0xa
 .text.avrlibc.fplib
                0x000000000000735e        0xa c:/program files/microchip/xc8/v2.31/avr/bin/../lib/gcc/avr/5.4.0/../../../../avr/lib/avr5\libm.a(gesf2.o)
                0x000000000000735e                __gesf2
                0x000000000000735e                __gtsf2

.text.avrlibc.fplib
                0x0000000000007368        0x8
 .text.avrlibc.fplib
                0x0000000000007368        0x8 c:/program files/microchip/xc8/v2.31/avr/bin/../lib/gcc/avr/5.4.0/../../../../avr/lib/avr5\libm.a(divsf3.o)
                0x0000000000007368                __divsf3

.text.avrlibc.fplib
                0x0000000000007370        0x8
 .text.avrlibc.fplib
                0x0000000000007370        0x8 c:/program files/microchip/xc8/v2.31/avr/bin/../lib/gcc/avr/5.4.0/../../../../avr/lib/avr5\libm.a(mulsf3.o)
                0x0000000000007370                __mulsf3

.text.avrlibc.fplib
                0x0000000000007378        0x6
 .text.avrlibc.fplib
                0x0000000000007378        0x6 c:/program files/microchip/xc8/v2.31/avr/bin/../lib/gcc/avr/5.4.0/../../../../avr/lib/avr5\libm.a(fp_nan.o)
                0x0000000000007378                __fp_nan

.text           0x000000000000737e        0x4
 .text          0x000000000000737e        0x4 c:/program files/microchip/xc8/v2.31/avr/bin/../lib/gcc/avr/5.4.0/../../../../avr/lib/avr5/crtatmega328p.o
                0x000000000000737e                __vector_22
                0x000000000000737e                __vector_1
                0x000000000000737e                __vector_24
                0x000000000000737e                __vector_12
                0x000000000000737e                __bad_interrupt
                0x000000000000737e                __vector_6
                0x000000000000737e                __vector_3
                0x000000000000737e                __vector_23
                0x000000000000737e                __vector_25
                0x000000000000737e                __vector_11
                0x000000000000737e                __vector_13
                0x000000000000737e                __vector_17
                0x000000000000737e                __vector_5
                0x000000000000737e                __vector_4
                0x000000000000737e                __vector_9
                0x000000000000737e                __vector_2
                0x000000000000737e                __vector_21
                0x000000000000737e                __vector_15
                0x000000000000737e                __vector_8
                0x000000000000737e                __vector_14
                0x000000000000737e                __vector_10
                0x000000000000737e                __vector_16
                0x000000000000737e                __vector_20

.rodata         0x000000000080018c      0x200 load address 0x0000000000007382
 .rodata        0x000000000080018c      0x200 fcs.o

.siminfo        0x00000000008004e8       0x28 load address 0x0000000000007582
 .siminfo       0x00000000008004e8       0x28 simulavr_info.o
                0x00000000008004e8                siminfo_serial_out
                0x00000000008004f3                siminfo_serial_in
                0x00000000008004fe                siminfo_cpufrequency
                0x0000000000800504                siminfo_device

Cross Reference Table

Symbol                                            File
__DATA_REGION_LENGTH__                            c:/program files/microchip/xc8/v2.31/avr/bin/../lib/gcc/avr/5.4.0/../../../../avr/lib/avr5/crtatmega328p.o
__DATA_REGION_ORIGIN__                            c:/program files/microchip/xc8/v2.31/avr/bin/../lib/gcc/avr/5.4.0/../../../../avr/lib/avr5/crtatmega328p.o
__EEPROM_REGION_LENGTH__                          c:/program files/microchip/xc8/v2.31/avr/bin/../lib/gcc/avr/5.4.0/../../../../avr/lib/avr5/crtatmega328p.o
__FUSE_REGION_LENGTH__                            c:/program files/microchip/xc8/v2.31/avr/bin/../lib/gcc/avr/5.4.0/../../../../avr/lib/avr5/crtatmega328p.o
__TEXT_REGION_LENGTH__                            c:/program files/microchip/xc8/v2.31/avr/bin/../lib/gcc/avr/5.4.0/../../../../avr/lib/avr5/crtatmega328p.o
__addsf3                                          c:/program files/microchip/xc8/v2.31/avr/bin/../lib/gcc/avr/5.4.0/../../../../avr/lib/avr5\libm.a(addsf3.o)
                                                  vprofiler.o
__addsf3x                                         c:/program files/microchip/xc8/v2.31/avr/bin/../lib/gcc/avr/5.4.0/../../../../avr/lib/avr5\libm.a(addsf3x.o)
                                                  c:/program files/microchip/xc8/v2.31/avr/bin/../lib/gcc/avr/5.4.0/../../../../avr/lib/avr5\libm.a(addsf3.o)
__ashrdi3                                         c:/program files/microchip/xc8/v2.31/avr/bin/../lib/gcc/avr/5.4.0/avr5\libgcc.a(_ashrdi3.o)
                                                  interpolator.o
__bad_interrupt                                   c:/program files/microchip/xc8/v2.31/avr/bin/../lib/gcc/avr/5.4.0/../../../../avr/lib/avr5/crtatmega328p.o
__cmpdi2_s8                                       c:/program files/microchip/xc8/v2.31/avr/bin/../lib/gcc/avr/5.4.0/avr5\libgcc.a(_cmpdi2_s8.o)
                                                  interpolator.o
__cmpsf2                                          c:/program files/microchip/xc8/v2.31/avr/bin/../lib/gcc/avr/5.4.0/../../../../avr/lib/avr5\libm.a(cmpsf2.o)
__divmodsi4                                       c:/program files/microchip/xc8/v2.31/avr/bin/../lib/gcc/avr/5.4.0/avr5\libgcc.a(_divmodsi4.o)
                                                  interpolator.o
                                                  vprofiler.o
__divsf3                                          c:/program files/microchip/xc8/v2.31/avr/bin/../lib/gcc/avr/5.4.0/../../../../avr/lib/avr5\libm.a(divsf3.o)
                                                  vprofiler.o
__divsf3_pse                                      c:/program files/microchip/xc8/v2.31/avr/bin/../lib/gcc/avr/5.4.0/../../../../avr/lib/avr5\libm.a(divsf3x.o)
__divsf3x                                         c:/program files/microchip/xc8/v2.31/avr/bin/../lib/gcc/avr/5.4.0/../../../../avr/lib/avr5\libm.a(divsf3x.o)
                                                  c:/program files/microchip/xc8/v2.31/avr/bin/../lib/gcc/avr/5.4.0/../../../../avr/lib/avr5\libm.a(divsf3.o)
__do_clear_bss                                    c:/program files/microchip/xc8/v2.31/avr/bin/../lib/gcc/avr/5.4.0/avr5\libgcc.a(_copy_data.o)
                                                  uart.o
                                                  mctp.o
                                                  entitySimple1.o
                                                  adc.o
                                                  channels.o
                                                  stepdir_out.o
                                                  systemtimer.o
                                                  vprofiler.o
                                                  node.o
__do_copy_data                                    c:/program files/microchip/xc8/v2.31/avr/bin/../lib/gcc/avr/5.4.0/avr5\libgcc.a(_copy_data.o)
                                                  fcs.o
                                                  vprofiler.o
                                                  simulavr_info.o
__eqsf2                                           c:/program files/microchip/xc8/v2.31/avr/bin/../lib/gcc/avr/5.4.0/../../../../avr/lib/avr5\libm.a(cmpsf2.o)
__fixsfsi                                         c:/program files/microchip/xc8/v2.31/avr/bin/../lib/gcc/avr/5.4.0/../../../../avr/lib/avr5\libm.a(fixsfsi.o)
                                                  vprofiler.o
__fixunssfsi                                      c:/program files/microchip/xc8/v2.31/avr/bin/../lib/gcc/avr/5.4.0/../../../../avr/lib/avr5\libm.a(fixunssfsi.o)
                                                  c:/program files/microchip/xc8/v2.31/avr/bin/../lib/gcc/avr/5.4.0/../../../../avr/lib/avr5\libm.a(fixsfsi.o)
__floatsisf                                       c:/program files/microchip/xc8/v2.31/avr/bin/../lib/gcc/avr/5.4.0/../../../../avr/lib/avr5\libm.a(floatsisf.o)
                                                  vprofiler.o
__floatunsisf                                     c:/program files/microchip/xc8/v2.31/avr/bin/../lib/gcc/avr/5.4.0/../../../../avr/lib/avr5\libm.a(floatsisf.o)
__fp_cmp                                          c:/program files/microchip/xc8/v2.31/avr/bin/../lib/gcc/avr/5.4.0/../../../../avr/lib/avr5\libm.a(fp_cmp.o)
                                                  c:/program files/microchip/xc8/v2.31/avr/bin/../lib/gcc/avr/5.4.0/../../../../avr/lib/avr5\libm.a(gesf2.o)
                                                  c:/program files/microchip/xc8/v2.31/avr/bin/../lib/gcc/avr/5.4.0/../../../../avr/lib/avr5\libm.a(cmpsf2.o)
__fp_inf                                          c:/program files/microchip/xc8/v2.31/avr/bin/../lib/gcc/avr/5.4.0/../../../../avr/lib/avr5\libm.a(fp_inf.o)
                                                  c:/program files/microchip/xc8/v2.31/avr/bin/../lib/gcc/avr/5.4.0/../../../../avr/lib/avr5\libm.a(mulsf3x.o)
                                                  c:/program files/microchip/xc8/v2.31/avr/bin/../lib/gcc/avr/5.4.0/../../../../avr/lib/avr5\libm.a(divsf3x.o)
                                                  c:/program files/microchip/xc8/v2.31/avr/bin/../lib/gcc/avr/5.4.0/../../../../avr/lib/avr5\libm.a(addsf3x.o)
__fp_mpack                                        c:/program files/microchip/xc8/v2.31/avr/bin/../lib/gcc/avr/5.4.0/../../../../avr/lib/avr5\libm.a(fp_mpack.o)
                                                  c:/program files/microchip/xc8/v2.31/avr/bin/../lib/gcc/avr/5.4.0/../../../../avr/lib/avr5\libm.a(sqrt.o)
__fp_mpack_finite                                 c:/program files/microchip/xc8/v2.31/avr/bin/../lib/gcc/avr/5.4.0/../../../../avr/lib/avr5\libm.a(fp_mpack.o)
__fp_nan                                          c:/program files/microchip/xc8/v2.31/avr/bin/../lib/gcc/avr/5.4.0/../../../../avr/lib/avr5\libm.a(fp_nan.o)
                                                  c:/program files/microchip/xc8/v2.31/avr/bin/../lib/gcc/avr/5.4.0/../../../../avr/lib/avr5\libm.a(sqrt.o)
                                                  c:/program files/microchip/xc8/v2.31/avr/bin/../lib/gcc/avr/5.4.0/../../../../avr/lib/avr5\libm.a(mulsf3x.o)
                                                  c:/program files/microchip/xc8/v2.31/avr/bin/../lib/gcc/avr/5.4.0/../../../../avr/lib/avr5\libm.a(divsf3x.o)
                                                  c:/program files/microchip/xc8/v2.31/avr/bin/../lib/gcc/avr/5.4.0/../../../../avr/lib/avr5\libm.a(addsf3x.o)
__fp_norm2                                        c:/program files/microchip/xc8/v2.31/avr/bin/../lib/gcc/avr/5.4.0/../../../../avr/lib/avr5\libm.a(fp_norm2.o)
                                                  c:/program files/microchip/xc8/v2.31/avr/bin/../lib/gcc/avr/5.4.0/../../../../avr/lib/avr5\libm.a(sqrt.o)
__fp_pscA                                         c:/program files/microchip/xc8/v2.31/avr/bin/../lib/gcc/avr/5.4.0/../../../../avr/lib/avr5\libm.a(fp_pscA.o)
                                                  c:/program files/microchip/xc8/v2.31/avr/bin/../lib/gcc/avr/5.4.0/../../../../avr/lib/avr5\libm.a(mulsf3x.o)
                                                  c:/program files/microchip/xc8/v2.31/avr/bin/../lib/gcc/avr/5.4.0/../../../../avr/lib/avr5\libm.a(divsf3x.o)
                                                  c:/program files/microchip/xc8/v2.31/avr/bin/../lib/gcc/avr/5.4.0/../../../../avr/lib/avr5\libm.a(addsf3x.o)
__fp_pscB                                         c:/program files/microchip/xc8/v2.31/avr/bin/../lib/gcc/avr/5.4.0/../../../../avr/lib/avr5\libm.a(fp_pscB.o)
                                                  c:/program files/microchip/xc8/v2.31/avr/bin/../lib/gcc/avr/5.4.0/../../../../avr/lib/avr5\libm.a(mulsf3x.o)
                                                  c:/program files/microchip/xc8/v2.31/avr/bin/../lib/gcc/avr/5.4.0/../../../../avr/lib/avr5\libm.a(divsf3x.o)
                                                  c:/program files/microchip/xc8/v2.31/avr/bin/../lib/gcc/avr/5.4.0/../../../../avr/lib/avr5\libm.a(addsf3x.o)
__fp_round                                        c:/program files/microchip/xc8/v2.31/avr/bin/../lib/gcc/avr/5.4.0/../../../../avr/lib/avr5\libm.a(fp_round.o)
                                                  c:/program files/microchip/xc8/v2.31/avr/bin/../lib/gcc/avr/5.4.0/../../../../avr/lib/avr5\libm.a(mulsf3.o)
                                                  c:/program files/microchip/xc8/v2.31/avr/bin/../lib/gcc/avr/5.4.0/../../../../avr/lib/avr5\libm.a(divsf3.o)
                                                  c:/program files/microchip/xc8/v2.31/avr/bin/../lib/gcc/avr/5.4.0/../../../../avr/lib/avr5\libm.a(addsf3.o)
__fp_split3                                       c:/program files/microchip/xc8/v2.31/avr/bin/../lib/gcc/avr/5.4.0/../../../../avr/lib/avr5\libm.a(fp_split3.o)
                                                  c:/program files/microchip/xc8/v2.31/avr/bin/../lib/gcc/avr/5.4.0/../../../../avr/lib/avr5\libm.a(mulsf3x.o)
                                                  c:/program files/microchip/xc8/v2.31/avr/bin/../lib/gcc/avr/5.4.0/../../../../avr/lib/avr5\libm.a(divsf3x.o)
                                                  c:/program files/microchip/xc8/v2.31/avr/bin/../lib/gcc/avr/5.4.0/../../../../avr/lib/avr5\libm.a(addsf3x.o)
__fp_splitA                                       c:/program files/microchip/xc8/v2.31/avr/bin/../lib/gcc/avr/5.4.0/../../../../avr/lib/avr5\libm.a(fp_split3.o)
                                                  c:/program files/microchip/xc8/v2.31/avr/bin/../lib/gcc/avr/5.4.0/../../../../avr/lib/avr5\libm.a(sqrt.o)
                                                  c:/program files/microchip/xc8/v2.31/avr/bin/../lib/gcc/avr/5.4.0/../../../../avr/lib/avr5\libm.a(fixunssfsi.o)
__fp_szero                                        c:/program files/microchip/xc8/v2.31/avr/bin/../lib/gcc/avr/5.4.0/../../../../avr/lib/avr5\libm.a(fp_zero.o)
                                                  c:/program files/microchip/xc8/v2.31/avr/bin/../lib/gcc/avr/5.4.0/../../../../avr/lib/avr5\libm.a(mulsf3x.o)
                                                  c:/program files/microchip/xc8/v2.31/avr/bin/../lib/gcc/avr/5.4.0/../../../../avr/lib/avr5\libm.a(fixsfsi.o)
                                                  c:/program files/microchip/xc8/v2.31/avr/bin/../lib/gcc/avr/5.4.0/../../../../avr/lib/avr5\libm.a(divsf3x.o)
__fp_zero                                         c:/program files/microchip/xc8/v2.31/avr/bin/../lib/gcc/avr/5.4.0/../../../../avr/lib/avr5\libm.a(fp_zero.o)
                                                  c:/program files/microchip/xc8/v2.31/avr/bin/../lib/gcc/avr/5.4.0/../../../../avr/lib/avr5\libm.a(fixunssfsi.o)
                                                  c:/program files/microchip/xc8/v2.31/avr/bin/../lib/gcc/avr/5.4.0/../../../../avr/lib/avr5\libm.a(addsf3x.o)
__fru_data                                        config.o
                                                  node.o
__gesf2                                           c:/program files/microchip/xc8/v2.31/avr/bin/../lib/gcc/avr/5.4.0/../../../../avr/lib/avr5\libm.a(gesf2.o)
                                                  vprofiler.o
__gtsf2                                           c:/program files/microchip/xc8/v2.31/avr/bin/../lib/gcc/avr/5.4.0/../../../../avr/lib/avr5\libm.a(gesf2.o)
__heap_end                                        c:/program files/microchip/xc8/v2.31/avr/bin/../lib/gcc/avr/5.4.0/../../../../avr/lib/avr5/crtatmega328p.o
__heap_start                                      userver.elf
__init                                            c:/program files/microchip/xc8/v2.31/avr/bin/../lib/gcc/avr/5.4.0/../../../../avr/lib/avr5/crtatmega328p.o
__lesf2                                           c:/program files/microchip/xc8/v2.31/avr/bin/../lib/gcc/avr/5.4.0/../../../../avr/lib/avr5\libm.a(cmpsf2.o)