Archive member included to satisfy reference by file (symbol)

c:/program files/microchip/xc8/v2.31/avr/bin/../lib/gcc/avr/5.4.0/avr5\libgcc.a(_udivmodhi4.o)
                              stepdir_out.o (__udivmodhi4)
c:/program files/microchip/xc8/v2.31/avr/bin/../lib/gcc/avr/5.4.0/avr5\libgcc.a(_divmodsi4.o)
                              vprofiler.o (__divmodsi4)
c:/program files/microchip/xc8/v2.31/avr/bin/../lib/gcc/avr/5.4.0/avr5\libgcc.a(_negsi2.o)
                              c:/program files/microchip/xc8/v2.31/avr/bin/../lib/gcc/avr/5.4.0/avr5\libgcc.a(_divmodsi4.o) (__negsi2)
c:/program files/microchip/xc8/v2.31/avr/bin/../lib/gcc/avr/5.4.0/avr5\libgcc.a(_exit.o)
                              c:/program files/microchip/xc8/v2.31/avr/bin/../lib/gcc/avr/5.4.0/../../../../avr/lib/avr5/crtatmega328p.o (exit)
c:/program files/microchip/xc8/v2.31/avr/bin/../lib/gcc/avr/5.4.0/avr5\libgcc.a(_tablejump2.o)
                              node.o (__tablejump2__)
c:/program files/microchip/xc8/v2.31/avr/bin/../lib/gcc/avr/5.4.0/avr5\libgcc.a(_copy_data.o)
                              simulavr_info.o (__do_copy_data)
c:/program files/microchip/xc8/v2.31/avr/bin/../lib/gcc/avr/5.4.0/avr5\libgcc.a(_mulsidi3.o)
                              interpolator.o (__mulsidi3)
c:/program files/microchip/xc8/v2.31/avr/bin/../lib/gcc/avr/5.4.0/avr5\libgcc.a(_umulsidi3.o)
                              c:/program files/microchip/xc8/v2.31/avr/bin/../lib/gcc/avr/5.4.0/avr5\libgcc.a(_mulsidi3.o) (__umulsidi3_helper)
c:/program files/microchip/xc8/v2.31/avr/bin/../lib/gcc/avr/5.4.0/avr5\libgcc.a(_ashrdi3.o)
                              interpolator.o (__ashrdi3)
c:/program files/microchip/xc8/v2.31/avr/bin/../lib/gcc/avr/5.4.0/avr5\libgcc.a(_cmpdi2_s8.o)
                              interpolator.o (__cmpdi2_s8)
c:/program files/microchip/xc8/v2.31/avr/bin/../lib/gcc/avr/5.4.0/avr5\libgcc.a(_udivmodsi4.o)
                              c:/program files/microchip/xc8/v2.31/avr/bin/../lib/gcc/avr/5.4.0/avr5\libgcc.a(_divmodsi4.o) (__udivmodsi4)
c:/program files/microchip/xc8/v2.31/avr/bin/../lib/gcc/avr/5.4.0/avr5\libgcc.a(_umulhisi3.o)
                              c:/program files/microchip/xc8/v2.31/avr/bin/../lib/gcc/avr/5.4.0/avr5\libgcc.a(_umulsidi3.o) (__umulhisi3)
c:/program files/microchip/xc8/v2.31/avr/bin/../lib/gcc/avr/5.4.0/avr5\libgcc.a(_muldi3_6.o)
                              c:/program files/microchip/xc8/v2.31/avr/bin/../lib/gcc/avr/5.4.0/avr5\libgcc.a(_umulsidi3.o) (__muldi3_6)
c:/program files/microchip/xc8/v2.31/avr/bin/../lib/gcc/avr/5.4.0/../../../../avr/lib/avr5\libm.a(addsf3.o)
                              vprofiler.o (__subsf3)
c:/program files/microchip/xc8/v2.31/avr/bin/../lib/gcc/avr/5.4.0/../../../../avr/lib/avr5\libm.a(addsf3x.o)
                              c:/program files/microchip/xc8/v2.31/avr/bin/../lib/gcc/avr/5.4.0/../../../../avr/lib/avr5\libm.a(addsf3.o) (__addsf3x)
c:/program files/microchip/xc8/v2.31/avr/bin/../lib/gcc/avr/5.4.0/../../../../avr/lib/avr5\libm.a(cmpsf2.o)
                              vprofiler.o (__ltsf2)
c:/program files/microchip/xc8/v2.31/avr/bin/../lib/gcc/avr/5.4.0/../../../../avr/lib/avr5\libm.a(divsf3.o)
                              vprofiler.o (__divsf3)
c:/program files/microchip/xc8/v2.31/avr/bin/../lib/gcc/avr/5.4.0/../../../../avr/lib/avr5\libm.a(divsf3x.o)
                              c:/program files/microchip/xc8/v2.31/avr/bin/../lib/gcc/avr/5.4.0/../../../../avr/lib/avr5\libm.a(divsf3.o) (__divsf3x)
c:/program files/microchip/xc8/v2.31/avr/bin/../lib/gcc/avr/5.4.0/../../../../avr/lib/avr5\libm.a(fixsfsi.o)
                              vprofiler.o (__fixsfsi)
c:/program files/microchip/xc8/v2.31/avr/bin/../lib/gcc/avr/5.4.0/../../../../avr/lib/avr5\libm.a(fixunssfsi.o)
                              c:/program files/microchip/xc8/v2.31/avr/bin/../lib/gcc/avr/5.4.0/../../../../avr/lib/avr5\libm.a(fixsfsi.o) (__fixunssfsi)
c:/program files/microchip/xc8/v2.31/avr/bin/../lib/gcc/avr/5.4.0/../../../../avr/lib/avr5\libm.a(floatsisf.o)
                              vprofiler.o (__floatsisf)
c:/program files/microchip/xc8/v2.31/avr/bin/../lib/gcc/avr/5.4.0/../../../../avr/lib/avr5\libm.a(fp_cmp.o)
                              c:/program files/microchip/xc8/v2.31/avr/bin/../lib/gcc/avr/5.4.0/../../../../avr/lib/avr5\libm.a(cmpsf2.o) (__fp_cmp)
c:/program files/microchip/xc8/v2.31/avr/bin/../lib/gcc/avr/5.4.0/../../../../avr/lib/avr5\libm.a(fp_inf.o)
                              c:/program files/microchip/xc8/v2.31/avr/bin/../lib/gcc/avr/5.4.0/../../../../avr/lib/avr5\libm.a(addsf3x.o) (__fp_inf)
c:/program files/microchip/xc8/v2.31/avr/bin/../lib/gcc/avr/5.4.0/../../../../avr/lib/avr5\libm.a(fp_nan.o)
                              c:/program files/microchip/xc8/v2.31/avr/bin/../lib/gcc/avr/5.4.0/../../../../avr/lib/avr5\libm.a(addsf3x.o) (__fp_nan)
c:/program files/microchip/xc8/v2.31/avr/bin/../lib/gcc/avr/5.4.0/../../../../avr/lib/avr5\libm.a(fp_pscA.o)
[...]
Memory Configuration

Name             Origin             Length             Attributes
text             0x0000000000000000 0x0000000000008000 xr
data             0x0000000000800100 0x0000000000000800 rw !x
eeprom           0x0000000000810000 0x0000000000000400 rw !x
fuse             0x0000000000820000 0x0000000000000003 rw !x
lock             0x0000000000830000 0x0000000000000400 rw !x
signature        0x0000000000840000 0x0000000000000400 rw !x
user_signatures  0x0000000000850000 0x0000000000000400 rw !x
*default*        0x0000000000000000 0xffffffffffffffff

Linker script and memory map

Address of section .data set to 0x800100
LOAD c:/program files/microchip/xc8/v2.31/avr/bin/../lib/gcc/avr/5.4.0/../../../../avr/lib/avr5/crtatmega328p.o
LOAD main.o
LOAD simulavr_info.o
LOAD node.o
LOAD config.o
LOAD vprofiler.o
LOAD systemtimer.o
LOAD stepdir_out.o
LOAD interpolator.o
LOAD channels.o
LOAD adc.o
LOAD entityStepper1.o
LOAD entitySimple1.o
LOAD NumericEffecter.o
LOAD StateEffecter.o
LOAD StateSensor.o
LOAD NumericSensor.o
LOAD EventGenerator.o
LOAD mctp.o
LOAD uart.o
LOAD crc8.o
LOAD fcs.o
LOAD c:/program files/microchip/xc8/v2.31/avr/bin/../lib/gcc/avr/5.4.0/avr5\libgcc.a
LOAD c:/program files/microchip/xc8/v2.31/avr/bin/../lib/gcc/avr/5.4.0/../../../../avr/lib/avr5\libm.a
START GROUP
LOAD c:/program files/microchip/xc8/v2.31/avr/bin/../lib/gcc/avr/5.4.0/avr5\libgcc.a
LOAD c:/program files/microchip/xc8/v2.31/avr/bin/../lib/gcc/avr/5.4.0/../../../../avr/lib/avr5\libm.a
LOAD c:/program files/microchip/xc8/v2.31/avr/bin/../lib/gcc/avr/5.4.0/../../../../avr/lib/avr5\libc.a
LOAD c:/program files/microchip/xc8/v2.31/avr/bin/../lib/gcc/avr/5.4.0/../../../../avr/lib/avr5\libatmega328p.a
END GROUP
                0x0000000000000000                __TEXT_REGION_ORIGIN__ = DEFINED (__TEXT_REGION_ORIGIN__)?__TEXT_REGION_ORIGIN__:0x0
                [0x0000000000800100]                __DATA_REGION_ORIGIN__ = DEFINED (__DATA_REGION_ORIGIN__)?__DATA_REGION_ORIGIN__:0x800060
                [0x0000000000008000]                __TEXT_REGION_LENGTH__ = DEFINED (__TEXT_REGION_LENGTH__)?__TEXT_REGION_LENGTH__:0x20000
                [0x0000000000000800]                __DATA_REGION_LENGTH__ = DEFINED (__DATA_REGION_LENGTH__)?__DATA_REGION_LENGTH__:0xffa0
                [0x0000000000000400]                __EEPROM_REGION_LENGTH__ = DEFINED (__EEPROM_REGION_LENGTH__)?__EEPROM_REGION_LENGTH__:0x10000
                [0x0000000000000003]                __FUSE_REGION_LENGTH__ = DEFINED (__FUSE_REGION_LENGTH__)?__FUSE_REGION_LENGTH__:0x400
                0x0000000000000400                __LOCK_REGION_LENGTH__ = DEFINED (__LOCK_REGION_LENGTH__)?__LOCK_REGION_LENGTH__:0x400
                0x0000000000000400                __SIGNATURE_REGION_LENGTH__ = DEFINED (__SIGNATURE_REGION_LENGTH__)?__SIGNATURE_REGION_LENGTH__:0x400
                0x0000000000000400                __USER_SIGNATURE_REGION_LENGTH__ = DEFINED (__USER_SIGNATURE_REGION_LENGTH__)?__USER_SIGNATURE_REGION_LENGTH__:0x400

.hash
 *(.hash)

.dynsym
 *(.dynsym)

.dynstr
 *(.dynstr)

.gnu.version
 *(.gnu.version)

.gnu.version_d
 *(.gnu.version_d)

.gnu.version_r
 *(.gnu.version_r)

.rel.init
 *(.rel.init)

.rela.init
 *(.rela.init)

.rel.text
 *(.rel.text)
 *(.rel.text.*)
 *(.rel.gnu.linkonce.t*)

.rela.text
 *(.rela.text)
 *(.rela.text.*)
 *(.rela.gnu.linkonce.t*)

.rel.fini
 *(.rel.fini)

.rela.fini
 *(.rela.fini)

.rel.rodata
 *(.rel.rodata)
 *(.rel.rodata.*)
 *(.rel.gnu.linkonce.r*)

.rela.rodata
 *(.rela.rodata)
 *(.rela.rodata.*)
 *(.rela.gnu.linkonce.r*)

.rel.data
 *(.rel.data)
 *(.rel.data.*)
 *(.rel.gnu.linkonce.d*)

.rela.data
 *(.rela.data)
 *(.rela.data.*)
 *(.rela.gnu.linkonce.d*)

.rel.ctors
 *(.rel.ctors)

.rela.ctors
 *(.rela.ctors)

.rel.dtors
 *(.rel.dtors)

.rela.dtors
 *(.rela.dtors)

.rel.got
 *(.rel.got)

.rela.got
 *(.rela.got)

.rel.bss
 *(.rel.bss)

.rela.bss
 *(.rela.bss)

.rel.plt
 *(.rel.plt)

.rela.plt
 *(.rela.plt)

.text           0x0000000000000000      0x19a
 *(.vectors)
 .vectors       0x0000000000000000       0x68 c:/program files/microchip/xc8/v2.31/avr/bin/../lib/gcc/avr/5.4.0/../../../../avr/lib/avr5/crtatmega328p.o
                0x0000000000000000                __vector_default
                0x0000000000000000                __vectors
 *(.vectors)
 *(.progmem.gcc*)
 .progmem.gcc_sw_table
                0x0000000000000068       0x9e node.o
 .progmem.gcc_sw_table
                0x0000000000000106       0x1c mctp.o
 *(.dinit)
 .dinit         0x0000000000000122       0x24 data_init
                0x0000000000000146                . = ALIGN (0x2)
                0x0000000000000146                __trampolines_start = .
 *(.trampolines)
 .trampolines   0x0000000000000146        0x0 linker stubs
 *(.trampolines*)
                0x0000000000000146                __trampolines_end = .
 *libprintf_flt.a:*(.progmem.data)
 *libc.a:*(.progmem.data)
                0x0000000000000146                . = ALIGN (0x2)
 *(.jumptables)
 *(.jumptables*)
 *(.lowtext)
 *(.lowtext*)
                0x0000000000000146                __ctors_start = .
 *(.ctors)
                0x0000000000000146                __ctors_end = .
                0x0000000000000146                __dtors_start = .
 *(.dtors)
                0x0000000000000146                __dtors_end = .
 SORT(*)(.ctors)
 SORT(*)(.dtors)
 *(.init0)
 .init0         0x0000000000000146        0x0 c:/program files/microchip/xc8/v2.31/avr/bin/../lib/gcc/avr/5.4.0/../../../../avr/lib/avr5/crtatmega328p.o
                0x0000000000000146                __init
 *(.init0)
 *(.init1)
 *(.init1)
 *(.init2)
 .init2         0x0000000000000146        0xc c:/program files/microchip/xc8/v2.31/avr/bin/../lib/gcc/avr/5.4.0/../../../../avr/lib/avr5/crtatmega328p.o
 *(.init2)
 *(.init3)
 *(.init3)
 *(.init4)
 .init4         0x0000000000000152       0x3c c:/program files/microchip/xc8/v2.31/avr/bin/../lib/gcc/avr/5.4.0/avr5\libgcc.a(_copy_data.o)
                0x0000000000000152                __do_copy_data
                0x0000000000000180                __do_clear_bss
 *(.init4)
 *(.init5)
 *(.init5)
 *(.init6)
 *(.init6)
 *(.init7)
 *(.init7)
 *(.init8)
 *(.init8)
 *(.init9)
 .init9         0x000000000000018e        0x8 c:/program files/microchip/xc8/v2.31/avr/bin/../lib/gcc/avr/5.4.0/../../../../avr/lib/avr5/crtatmega328p.o
 *(.init9)
                0x0000000000000196                . = ALIGN (0x2)
 *(.fini9)
 .fini9         0x0000000000000196        0x0 c:/program files/microchip/xc8/v2.31/avr/bin/../lib/gcc/avr/5.4.0/avr5\libgcc.a(_exit.o)
                0x0000000000000196                _exit
                0x0000000000000196                exit
 *(.fini9)
 *(.fini8)
 *(.fini8)
 *(.fini7)
 *(.fini7)
 *(.fini6)
 *(.fini6)
 *(.fini5)
 *(.fini5)
 *(.fini4)
 *(.fini4)
 *(.fini3)
 *(.fini3)
 *(.fini2)
 *(.fini2)
 *(.fini1)
 *(.fini1)
 *(.fini0)
 .fini0         0x0000000000000196        0x4 c:/program files/microchip/xc8/v2.31/avr/bin/../lib/gcc/avr/5.4.0/avr5\libgcc.a(_exit.o)
 *(.fini0)
                0x000000000000019a                _etext = .

.data           0x0000000000800100        0x0 load address 0x000000000000019a
                [!provide]                        PROVIDE (__data_start, .)
 *(.gnu.linkonce.d*)
 *(.gnu.linkonce.r*)
                0x0000000000800100                . = ALIGN (0x2)
                0x0000000000800100                _edata = .
                [!provide]                        PROVIDE (__data_end, .)

.bss            0x0000000000800100       0x8c
                [!provide]                        PROVIDE (__bss_start, .)
 *(COMMON)
 COMMON         0x0000000000800100        0x4 vprofiler.o
                0x0000000000800100                current_velocity
 COMMON         0x0000000000800104       0x88 mctp.o
                0x0000000000800104                mctp_context
                [!provide]                        PROVIDE (__bss_end, .)
                0x000000000000019a                __data_load_start = LOADADDR (.data)
                0x000000000000019a                __data_load_end = (__data_load_start + SIZEOF (.data))

.noinit         0x000000000080018c        0x0
                [!provide]                        PROVIDE (__noinit_start, .)
 *(.noinit*)
                [!provide]                        PROVIDE (__noinit_end, .)
                0x000000000080018c                _end = .

.eeprom         0x0000000000810000        0x0
 *(.eeprom*)
                0x0000000000810000                __eeprom_end = .

.fuse
 *(.fuse)
 *(.lfuse)
 *(.hfuse)
 *(.efuse)

.lock
 *(.lock*)

.signature
 *(.signature*)

.user_signatures
 *(.user_signatures*)

.stab
 *(.stab)

.stabstr
 *(.stabstr)

.stab.excl
 *(.stab.excl)

.stab.exclstr
 *(.stab.exclstr)

.stab.index
 *(.stab.index)

.stab.indexstr
 *(.stab.indexstr)

.comment        0x0000000000000000       0x2f
 *(.comment)
 .comment       0x0000000000000000       0x2f main.o
                                         0x30 (size before relaxing)
 .comment       0x000000000000002f       0x30 simulavr_info.o
 .comment       0x000000000000002f       0x30 node.o
 .comment       0x000000000000002f       0x30 config.o
 .comment       0x000000000000002f       0x30 vprofiler.o
 .comment       0x000000000000002f       0x30 systemtimer.o
 .comment       0x000000000000002f       0x30 stepdir_out.o
 .comment       0x000000000000002f       0x30 interpolator.o
 .comment       0x000000000000002f       0x30 channels.o
 .comment       0x000000000000002f       0x30 adc.o
 .comment       0x000000000000002f       0x30 entityStepper1.o
 .comment       0x000000000000002f       0x30 entitySimple1.o
 .comment       0x000000000000002f       0x30 NumericEffecter.o
 .comment       0x000000000000002f       0x30 StateEffecter.o
 .comment       0x000000000000002f       0x30 StateSensor.o
 .comment       0x000000000000002f       0x30 NumericSensor.o
 .comment       0x000000000000002f       0x30 EventGenerator.o
 .comment       0x000000000000002f       0x30 mctp.o
 .comment       0x000000000000002f       0x30 uart.o
 .comment       0x000000000000002f       0x30 crc8.o
 .comment       0x000000000000002f       0x30 fcs.o

.note.gnu.build-id
 *(.note.gnu.build-id)

.debug
 *(.debug)

.line
 *(.line)

.debug_srcinfo
 *(.debug_srcinfo)

.debug_sfnames
 *(.debug_sfnames)

.debug_aranges
 *(.debug_aranges)

.debug_pubnames
 *(.debug_pubnames)

.debug_info     0x0000000000000000      0x5f4
 *(.debug_info .gnu.linkonce.wi.*)
 .debug_info    0x0000000000000000      0x5f4 c:/program files/microchip/xc8/v2.31/avr/bin/../lib/gcc/avr/5.4.0/../../../../avr/lib/avr5/crtatmega328p.o

.debug_abbrev   0x0000000000000000      0x5a2
 *(.debug_abbrev)
 .debug_abbrev  0x0000000000000000      0x5a2 c:/program files/microchip/xc8/v2.31/avr/bin/../lib/gcc/avr/5.4.0/../../../../avr/lib/avr5/crtatmega328p.o

.debug_line     0x0000000000000000       0x1a
 *(.debug_line .debug_line.* .debug_line_end)
 .debug_line    0x0000000000000000       0x1a c:/program files/microchip/xc8/v2.31/avr/bin/../lib/gcc/avr/5.4.0/../../../../avr/lib/avr5/crtatmega328p.o

.debug_frame
 *(.debug_frame)

.debug_str      0x0000000000000000      0x208
 *(.debug_str)
 .debug_str     0x0000000000000000      0x208 c:/program files/microchip/xc8/v2.31/avr/bin/../lib/gcc/avr/5.4.0/../../../../avr/lib/avr5/crtatmega328p.o

.debug_loc
 *(.debug_loc)

.debug_macinfo
 *(.debug_macinfo)

.debug_weaknames
 *(.debug_weaknames)

.debug_funcnames
 *(.debug_funcnames)

.debug_typenames
 *(.debug_typenames)

.debug_varnames
 *(.debug_varnames)

.debug_pubtypes
 *(.debug_pubtypes)

.debug_ranges
 *(.debug_ranges)

.debug_macro
 *(.debug_macro)
OUTPUT(userver.elf elf32-avr)
LOAD linker stubs
LOAD data_init

.data%z1        0x0000000000800100        0x0
 .data          0x0000000000800100        0x0 c:/program files/microchip/xc8/v2.31/avr/bin/../lib/gcc/avr/5.4.0/../../../../avr/lib/avr5/crtatmega328p.o

.bss%z2         0x0000000000800100        0x0
 .bss           0x0000000000800100        0x0 c:/program files/microchip/xc8/v2.31/avr/bin/../lib/gcc/avr/5.4.0/../../../../avr/lib/avr5/crtatmega328p.o

.note.gnu.avr.deviceinfo
                0x0000000000000000       0x40
 .note.gnu.avr.deviceinfo
                0x0000000000000000       0x40 c:/program files/microchip/xc8/v2.31/avr/bin/../lib/gcc/avr/5.4.0/../../../../avr/lib/avr5/crtatmega328p.o

.text%z3        0x0000000000000000        0x0
 .text          0x0000000000000000        0x0 main.o

.data%z4        0x0000000000800100        0x0
 .data          0x0000000000800100        0x0 main.o

.bss%z5         0x0000000000800100        0x0
 .bss           0x0000000000800100        0x0 main.o

.text%z6        0x0000000000000000        0x0
 .text          0x0000000000000000        0x0 simulavr_info.o

.data%z7        0x0000000000800100        0x0
 .data          0x0000000000800100        0x0 simulavr_info.o

.bss%z8         0x0000000000800100        0x0
 .bss           0x0000000000800100        0x0 simulavr_info.o

.data%z9        0x0000000000800100        0x0
 .data          0x0000000000800100        0x0 node.o

.bss            0x0000000000800539        0xf
 .bss           0x0000000000800539        0xf node.o

progmem.data%z10
                0x0000000000000000        0x0
 progmem.data   0x0000000000000000        0x0 node.o

.text%z11       0x0000000000000000        0x0
 .text          0x0000000000000000        0x0 config.o

.data%z12       0x0000000000800100        0x0
 .data          0x0000000000800100        0x0 config.o

.bss%z13        0x0000000000800100        0x0
 .bss           0x0000000000800100        0x0 config.o

.bss            0x000000000080038c       0x86
 .bss           0x000000000080038c       0x86 vprofiler.o

.data%z14       0x0000000000800100        0x0
 .data          0x0000000000800100        0x0 systemtimer.o

.bss            0x000000000080051c       0x1d
 .bss           0x000000000080051c       0x1d systemtimer.o

.data%z15       0x0000000000800100        0x0
 .data          0x0000000000800100        0x0 stepdir_out.o

.bss            0x0000000000800548        0x7
 .bss           0x0000000000800548        0x7 stepdir_out.o

.data%z16       0x0000000000800100        0x0
 .data          0x0000000000800100        0x0 interpolator.o

.bss%z17        0x0000000000800100        0x0
 .bss           0x0000000000800100        0x0 interpolator.o

.data%z18       0x0000000000800100        0x0
 .data          0x0000000000800100        0x0 channels.o

.bss            0x0000000000800554        0x3
 .bss           0x0000000000800554        0x3 channels.o

.data%z19       0x0000000000800100        0x0
 .data          0x0000000000800100        0x0 adc.o

.bss            0x0000000000800557        0x2
 .bss           0x0000000000800557        0x2 adc.o

.text%z20       0x0000000000000000        0x0
 .text          0x0000000000000000        0x0 entityStepper1.o

.data%z21       0x0000000000800100        0x0
 .data          0x0000000000800100        0x0 entityStepper1.o

.bss%z22        0x0000000000800100        0x0
 .bss           0x0000000000800100        0x0 entityStepper1.o

.data%z23       0x0000000000800100        0x0
 .data          0x0000000000800100        0x0 entitySimple1.o

.bss            0x0000000000800496       0x5e
 .bss           0x0000000000800496       0x5e entitySimple1.o

.data%z24       0x0000000000800100        0x0
 .data          0x0000000000800100        0x0 NumericEffecter.o

.bss%z25        0x0000000000800100        0x0
 .bss           0x0000000000800100        0x0 NumericEffecter.o

.data%z26       0x0000000000800100        0x0
 .data          0x0000000000800100        0x0 StateEffecter.o

.bss%z27        0x0000000000800100        0x0
 .bss           0x0000000000800100        0x0 StateEffecter.o

.data%z28       0x0000000000800100        0x0
 .data          0x0000000000800100        0x0 StateSensor.o

.bss%z29        0x0000000000800100        0x0
 .bss           0x0000000000800100        0x0 StateSensor.o

.data%z30       0x0000000000800100        0x0
 .data          0x0000000000800100        0x0 NumericSensor.o

.bss%z31        0x0000000000800100        0x0
 .bss           0x0000000000800100        0x0 NumericSensor.o

.data%z32       0x0000000000800100        0x0
 .data          0x0000000000800100        0x0 EventGenerator.o

.bss%z33        0x0000000000800100        0x0
 .bss           0x0000000000800100        0x0 EventGenerator.o

.data%z34       0x0000000000800100        0x0
 .data          0x0000000000800100        0x0 mctp.o

.bss            0x000000000080054f        0x5
 .bss           0x000000000080054f        0x5 mctp.o

.data%z35       0x0000000000800100        0x0
 .data          0x0000000000800100        0x0 uart.o

.bss            0x0000000000800412       0x84
 .bss           0x0000000000800412       0x84 uart.o

.data%z36       0x0000000000800100        0x0
 .data          0x0000000000800100        0x0 crc8.o

.bss%z37        0x0000000000800100        0x0
 .bss           0x0000000000800100        0x0 crc8.o

.data%z38       0x0000000000800100        0x0
 .data          0x0000000000800100        0x0 fcs.o

.bss%z39        0x0000000000800100        0x0
 .bss           0x0000000000800100        0x0 fcs.o

.text%z40       0x0000000000000000        0x0
 .text          0x0000000000000000        0x0 c:/program files/microchip/xc8/v2.31/avr/bin/../lib/gcc/avr/5.4.0/avr5\libgcc.a(_udivmodhi4.o)

.data%z41       0x0000000000800100        0x0
 .data          0x0000000000800100        0x0 c:/program files/microchip/xc8/v2.31/avr/bin/../lib/gcc/avr/5.4.0/avr5\libgcc.a(_udivmodhi4.o)

.bss%z42        0x0000000000800100        0x0
 .bss           0x0000000000800100        0x0 c:/program files/microchip/xc8/v2.31/avr/bin/../lib/gcc/avr/5.4.0/avr5\libgcc.a(_udivmodhi4.o)

.text.libgcc.mul%z43
                0x0000000000000000        0x0
 .text.libgcc.mul
                0x0000000000000000        0x0 c:/program files/microchip/xc8/v2.31/avr/bin/../lib/gcc/avr/5.4.0/avr5\libgcc.a(_udivmodhi4.o)

.text.libgcc%z44
                0x0000000000000000        0x0
 .text.libgcc   0x0000000000000000        0x0 c:/program files/microchip/xc8/v2.31/avr/bin/../lib/gcc/avr/5.4.0/avr5\libgcc.a(_udivmodhi4.o)

.text.libgcc.prologue%z45
                0x0000000000000000        0x0
 .text.libgcc.prologue
                0x0000000000000000        0x0 c:/program files/microchip/xc8/v2.31/avr/bin/../lib/gcc/avr/5.4.0/avr5\libgcc.a(_udivmodhi4.o)

.text.libgcc.builtins%z46
                0x0000000000000000        0x0
 .text.libgcc.builtins
                0x0000000000000000        0x0 c:/program files/microchip/xc8/v2.31/avr/bin/../lib/gcc/avr/5.4.0/avr5\libgcc.a(_udivmodhi4.o)

.text.libgcc.fmul%z47
                0x0000000000000000        0x0
 .text.libgcc.fmul
                0x0000000000000000        0x0 c:/program files/microchip/xc8/v2.31/avr/bin/../lib/gcc/avr/5.4.0/avr5\libgcc.a(_udivmodhi4.o)

.text.libgcc.fixed%z48
                0x0000000000000000        0x0
 .text.libgcc.fixed
                0x0000000000000000        0x0 c:/program files/microchip/xc8/v2.31/avr/bin/../lib/gcc/avr/5.4.0/avr5\libgcc.a(_udivmodhi4.o)

.text%z49       0x0000000000000000        0x0
 .text          0x0000000000000000        0x0 c:/program files/microchip/xc8/v2.31/avr/bin/../lib/gcc/avr/5.4.0/avr5\libgcc.a(_divmodsi4.o)

.data%z50       0x0000000000800100        0x0
 .data          0x0000000000800100        0x0 c:/program files/microchip/xc8/v2.31/avr/bin/../lib/gcc/avr/5.4.0/avr5\libgcc.a(_divmodsi4.o)

.bss%z51        0x0000000000800100        0x0
 .bss           0x0000000000800100        0x0 c:/program files/microchip/xc8/v2.31/avr/bin/../lib/gcc/avr/5.4.0/avr5\libgcc.a(_divmodsi4.o)

.text.libgcc.mul%z52
                0x0000000000000000        0x0
 .text.libgcc.mul
                0x0000000000000000        0x0 c:/program files/microchip/xc8/v2.31/avr/bin/../lib/gcc/avr/5.4.0/avr5\libgcc.a(_divmodsi4.o)

.text.libgcc%z53
                0x0000000000000000        0x0
 .text.libgcc   0x0000000000000000        0x0 c:/program files/microchip/xc8/v2.31/avr/bin/../lib/gcc/avr/5.4.0/avr5\libgcc.a(_divmodsi4.o)

.text.libgcc.prologue%z54
                0x0000000000000000        0x0
 .text.libgcc.prologue
                0x0000000000000000        0x0 c:/program files/microchip/xc8/v2.31/avr/bin/../lib/gcc/avr/5.4.0/avr5\libgcc.a(_divmodsi4.o)

.text.libgcc.builtins%z55
                0x0000000000000000        0x0
 .text.libgcc.builtins
                0x0000000000000000        0x0 c:/program files/microchip/xc8/v2.31/avr/bin/../lib/gcc/avr/5.4.0/avr5\libgcc.a(_divmodsi4.o)

.text.libgcc.fmul%z56
                0x0000000000000000        0x0
 .text.libgcc.fmul
                0x0000000000000000        0x0 c:/program files/microchip/xc8/v2.31/avr/bin/../lib/gcc/avr/5.4.0/avr5\libgcc.a(_divmodsi4.o)

.text.libgcc.fixed%z57
                0x0000000000000000        0x0
 .text.libgcc.fixed
                0x0000000000000000        0x0 c:/program files/microchip/xc8/v2.31/avr/bin/../lib/gcc/avr/5.4.0/avr5\libgcc.a(_divmodsi4.o)

.text%z58       0x0000000000000000        0x0
 .text          0x0000000000000000        0x0 c:/program files/microchip/xc8/v2.31/avr/bin/../lib/gcc/avr/5.4.0/avr5\libgcc.a(_negsi2.o)

.data%z59       0x0000000000800100        0x0
 .data          0x0000000000800100        0x0 c:/program files/microchip/xc8/v2.31/avr/bin/../lib/gcc/avr/5.4.0/avr5\libgcc.a(_negsi2.o)

.bss%z60        0x0000000000800100        0x0
 .bss           0x0000000000800100        0x0 c:/program files/microchip/xc8/v2.31/avr/bin/../lib/gcc/avr/5.4.0/avr5\libgcc.a(_negsi2.o)

.text.libgcc.mul%z61
                0x0000000000000000        0x0
 .text.libgcc.mul
                0x0000000000000000        0x0 c:/program files/microchip/xc8/v2.31/avr/bin/../lib/gcc/avr/5.4.0/avr5\libgcc.a(_negsi2.o)

.text.libgcc%z62
                0x0000000000000000        0x0
 .text.libgcc   0x0000000000000000        0x0 c:/program files/microchip/xc8/v2.31/avr/bin/../lib/gcc/avr/5.4.0/avr5\libgcc.a(_negsi2.o)

.text.libgcc.prologue%z63
                0x0000000000000000        0x0
 .text.libgcc.prologue
                0x0000000000000000        0x0 c:/program files/microchip/xc8/v2.31/avr/bin/../lib/gcc/avr/5.4.0/avr5\libgcc.a(_negsi2.o)

.text.libgcc.builtins%z64
                0x0000000000000000        0x0
 .text.libgcc.builtins
                0x0000000000000000        0x0 c:/program files/microchip/xc8/v2.31/avr/bin/../lib/gcc/avr/5.4.0/avr5\libgcc.a(_negsi2.o)

.text.libgcc.fmul%z65
                0x0000000000000000        0x0
 .text.libgcc.fmul
                0x0000000000000000        0x0 c:/program files/microchip/xc8/v2.31/avr/bin/../lib/gcc/avr/5.4.0/avr5\libgcc.a(_negsi2.o)

.text.libgcc.fixed%z66
                0x0000000000000000        0x0
 .text.libgcc.fixed
                0x0000000000000000        0x0 c:/program files/microchip/xc8/v2.31/avr/bin/../lib/gcc/avr/5.4.0/avr5\libgcc.a(_negsi2.o)

.text%z67       0x0000000000000000        0x0
 .text          0x0000000000000000        0x0 c:/program files/microchip/xc8/v2.31/avr/bin/../lib/gcc/avr/5.4.0/avr5\libgcc.a(_exit.o)

.data%z68       0x0000000000800100        0x0
 .data          0x0000000000800100        0x0 c:/program files/microchip/xc8/v2.31/avr/bin/../lib/gcc/avr/5.4.0/avr5\libgcc.a(_exit.o)

.bss%z69        0x0000000000800100        0x0
 .bss           0x0000000000800100        0x0 c:/program files/microchip/xc8/v2.31/avr/bin/../lib/gcc/avr/5.4.0/avr5\libgcc.a(_exit.o)

.text.libgcc.mul%z70
                0x0000000000000000        0x0
 .text.libgcc.mul
                0x0000000000000000        0x0 c:/program files/microchip/xc8/v2.31/avr/bin/../lib/gcc/avr/5.4.0/avr5\libgcc.a(_exit.o)

.text.libgcc.div%z71
                0x0000000000000000        0x0
 .text.libgcc.div
                0x0000000000000000        0x0 c:/program files/microchip/xc8/v2.31/avr/bin/../lib/gcc/avr/5.4.0/avr5\libgcc.a(_exit.o)

.text.libgcc%z72
                0x0000000000000000        0x0
 .text.libgcc   0x0000000000000000        0x0 c:/program files/microchip/xc8/v2.31/avr/bin/../lib/gcc/avr/5.4.0/avr5\libgcc.a(_exit.o)

.text.libgcc.prologue%z73
                0x0000000000000000        0x0
 .text.libgcc.prologue
                0x0000000000000000        0x0 c:/program files/microchip/xc8/v2.31/avr/bin/../lib/gcc/avr/5.4.0/avr5\libgcc.a(_exit.o)

.text.libgcc.builtins%z74
                0x0000000000000000        0x0
 .text.libgcc.builtins
                0x0000000000000000        0x0 c:/program files/microchip/xc8/v2.31/avr/bin/../lib/gcc/avr/5.4.0/avr5\libgcc.a(_exit.o)

.text.libgcc.fmul%z75
                0x0000000000000000        0x0
 .text.libgcc.fmul
                0x0000000000000000        0x0 c:/program files/microchip/xc8/v2.31/avr/bin/../lib/gcc/avr/5.4.0/avr5\libgcc.a(_exit.o)

.text.libgcc.fixed%z76
                0x0000000000000000        0x0
 .text.libgcc.fixed
                0x0000000000000000        0x0 c:/program files/microchip/xc8/v2.31/avr/bin/../lib/gcc/avr/5.4.0/avr5\libgcc.a(_exit.o)

.text%z77       0x0000000000000000        0x0
 .text          0x0000000000000000        0x0 c:/program files/microchip/xc8/v2.31/avr/bin/../lib/gcc/avr/5.4.0/avr5\libgcc.a(_tablejump2.o)

.data%z78       0x0000000000800100        0x0
 .data          0x0000000000800100        0x0 c:/program files/microchip/xc8/v2.31/avr/bin/../lib/gcc/avr/5.4.0/avr5\libgcc.a(_tablejump2.o)

.bss%z79        0x0000000000800100        0x0
 .bss           0x0000000000800100        0x0 c:/program files/microchip/xc8/v2.31/avr/bin/../lib/gcc/avr/5.4.0/avr5\libgcc.a(_tablejump2.o)

.text.libgcc.mul%z80
                0x0000000000000000        0x0
 .text.libgcc.mul
                0x0000000000000000        0x0 c:/program files/microchip/xc8/v2.31/avr/bin/../lib/gcc/avr/5.4.0/avr5\libgcc.a(_tablejump2.o)

.text.libgcc.div%z81
                0x0000000000000000        0x0
 .text.libgcc.div
                0x0000000000000000        0x0 c:/program files/microchip/xc8/v2.31/avr/bin/../lib/gcc/avr/5.4.0/avr5\libgcc.a(_tablejump2.o)

.text.libgcc.prologue%z82
                0x0000000000000000        0x0
 .text.libgcc.prologue
                0x0000000000000000        0x0 c:/program files/microchip/xc8/v2.31/avr/bin/../lib/gcc/avr/5.4.0/avr5\libgcc.a(_tablejump2.o)

.text.libgcc.builtins%z83
                0x0000000000000000        0x0
 .text.libgcc.builtins
                0x0000000000000000        0x0 c:/program files/microchip/xc8/v2.31/avr/bin/../lib/gcc/avr/5.4.0/avr5\libgcc.a(_tablejump2.o)

.text.libgcc.fmul%z84
                0x0000000000000000        0x0
 .text.libgcc.fmul
                0x0000000000000000        0x0 c:/program files/microchip/xc8/v2.31/avr/bin/../lib/gcc/avr/5.4.0/avr5\libgcc.a(_tablejump2.o)

.text.libgcc.fixed%z85
                0x0000000000000000        0x0
 .text.libgcc.fixed
                0x0000000000000000        0x0 c:/program files/microchip/xc8/v2.31/avr/bin/../lib/gcc/avr/5.4.0/avr5\libgcc.a(_tablejump2.o)

.text%z86       0x0000000000000000        0x0
 .text          0x0000000000000000        0x0 c:/program files/microchip/xc8/v2.31/avr/bin/../lib/gcc/avr/5.4.0/avr5\libgcc.a(_copy_data.o)

.data%z87       0x0000000000800100        0x0
 .data          0x0000000000800100        0x0 c:/program files/microchip/xc8/v2.31/avr/bin/../lib/gcc/avr/5.4.0/avr5\libgcc.a(_copy_data.o)

.bss%z88        0x0000000000800100        0x0
 .bss           0x0000000000800100        0x0 c:/program files/microchip/xc8/v2.31/avr/bin/../lib/gcc/avr/5.4.0/avr5\libgcc.a(_copy_data.o)

.text.libgcc.mul%z89
                0x0000000000000000        0x0
 .text.libgcc.mul
                0x0000000000000000        0x0 c:/program files/microchip/xc8/v2.31/avr/bin/../lib/gcc/avr/5.4.0/avr5\libgcc.a(_copy_data.o)

.text.libgcc.div%z90
                0x0000000000000000        0x0
 .text.libgcc.div
                0x0000000000000000        0x0 c:/program files/microchip/xc8/v2.31/avr/bin/../lib/gcc/avr/5.4.0/avr5\libgcc.a(_copy_data.o)

.text.libgcc%z91
                0x0000000000000000        0x0
 .text.libgcc   0x0000000000000000        0x0 c:/program files/microchip/xc8/v2.31/avr/bin/../lib/gcc/avr/5.4.0/avr5\libgcc.a(_copy_data.o)

.text.libgcc.prologue%z92
                0x0000000000000000        0x0
 .text.libgcc.prologue
                0x0000000000000000        0x0 c:/program files/microchip/xc8/v2.31/avr/bin/../lib/gcc/avr/5.4.0/avr5\libgcc.a(_copy_data.o)

.text.libgcc.builtins%z93
                0x0000000000000000        0x0
 .text.libgcc.builtins
                0x0000000000000000        0x0 c:/program files/microchip/xc8/v2.31/avr/bin/../lib/gcc/avr/5.4.0/avr5\libgcc.a(_copy_data.o)

.text.libgcc.fmul%z94
                0x0000000000000000        0x0
 .text.libgcc.fmul
                0x0000000000000000        0x0 c:/program files/microchip/xc8/v2.31/avr/bin/../lib/gcc/avr/5.4.0/avr5\libgcc.a(_copy_data.o)

.text.libgcc.fixed%z95
                0x0000000000000000        0x0
 .text.libgcc.fixed
                0x0000000000000000        0x0 c:/program files/microchip/xc8/v2.31/avr/bin/../lib/gcc/avr/5.4.0/avr5\libgcc.a(_copy_data.o)

.text%z96       0x0000000000000000        0x0
 .text          0x0000000000000000        0x0 c:/program files/microchip/xc8/v2.31/avr/bin/../lib/gcc/avr/5.4.0/avr5\libgcc.a(_mulsidi3.o)

.data%z97       0x0000000000800100        0x0
 .data          0x0000000000800100        0x0 c:/program files/microchip/xc8/v2.31/avr/bin/../lib/gcc/avr/5.4.0/avr5\libgcc.a(_mulsidi3.o)

.bss%z98        0x0000000000800100        0x0
 .bss           0x0000000000800100        0x0 c:/program files/microchip/xc8/v2.31/avr/bin/../lib/gcc/avr/5.4.0/avr5\libgcc.a(_mulsidi3.o)

.text.libgcc.div%z99
                0x0000000000000000        0x0
 .text.libgcc.div
                0x0000000000000000        0x0 c:/program files/microchip/xc8/v2.31/avr/bin/../lib/gcc/avr/5.4.0/avr5\libgcc.a(_mulsidi3.o)

.text.libgcc%z100
                0x0000000000000000        0x0
 .text.libgcc   0x0000000000000000        0x0 c:/program files/microchip/xc8/v2.31/avr/bin/../lib/gcc/avr/5.4.0/avr5\libgcc.a(_mulsidi3.o)

.text.libgcc.prologue%z101
                0x0000000000000000        0x0
 .text.libgcc.prologue
                0x0000000000000000        0x0 c:/program files/microchip/xc8/v2.31/avr/bin/../lib/gcc/avr/5.4.0/avr5\libgcc.a(_mulsidi3.o)

.text.libgcc.builtins%z102
                0x0000000000000000        0x0
 .text.libgcc.builtins
                0x0000000000000000        0x0 c:/program files/microchip/xc8/v2.31/avr/bin/../lib/gcc/avr/5.4.0/avr5\libgcc.a(_mulsidi3.o)

.text.libgcc.fmul%z103
                0x0000000000000000        0x0
 .text.libgcc.fmul
                0x0000000000000000        0x0 c:/program files/microchip/xc8/v2.31/avr/bin/../lib/gcc/avr/5.4.0/avr5\libgcc.a(_mulsidi3.o)

.text.libgcc.fixed%z104
                0x0000000000000000        0x0
 .text.libgcc.fixed
                0x0000000000000000        0x0 c:/program files/microchip/xc8/v2.31/avr/bin/../lib/gcc/avr/5.4.0/avr5\libgcc.a(_mulsidi3.o)

.text%z105      0x0000000000000000        0x0
 .text          0x0000000000000000        0x0 c:/program files/microchip/xc8/v2.31/avr/bin/../lib/gcc/avr/5.4.0/avr5\libgcc.a(_umulsidi3.o)

.data%z106      0x0000000000800100        0x0
 .data          0x0000000000800100        0x0 c:/program files/microchip/xc8/v2.31/avr/bin/../lib/gcc/avr/5.4.0/avr5\libgcc.a(_umulsidi3.o)

.bss%z107       0x0000000000800100        0x0
 .bss           0x0000000000800100        0x0 c:/program files/microchip/xc8/v2.31/avr/bin/../lib/gcc/avr/5.4.0/avr5\libgcc.a(_umulsidi3.o)

.text.libgcc.div%z108
                0x0000000000000000        0x0
 .text.libgcc.div
                0x0000000000000000        0x0 c:/program files/microchip/xc8/v2.31/avr/bin/../lib/gcc/avr/5.4.0/avr5\libgcc.a(_umulsidi3.o)

.text.libgcc%z109
                0x0000000000000000        0x0
 .text.libgcc   0x0000000000000000        0x0 c:/program files/microchip/xc8/v2.31/avr/bin/../lib/gcc/avr/5.4.0/avr5\libgcc.a(_umulsidi3.o)

.text.libgcc.prologue%z110
                0x0000000000000000        0x0
 .text.libgcc.prologue
                0x0000000000000000        0x0 c:/program files/microchip/xc8/v2.31/avr/bin/../lib/gcc/avr/5.4.0/avr5\libgcc.a(_umulsidi3.o)

.text.libgcc.builtins%z111
                0x0000000000000000        0x0
 .text.libgcc.builtins
                0x0000000000000000        0x0 c:/program files/microchip/xc8/v2.31/avr/bin/../lib/gcc/avr/5.4.0/avr5\libgcc.a(_umulsidi3.o)

.text.libgcc.fmul%z112
                0x0000000000000000        0x0
 .text.libgcc.fmul
                0x0000000000000000        0x0 c:/program files/microchip/xc8/v2.31/avr/bin/../lib/gcc/avr/5.4.0/avr5\libgcc.a(_umulsidi3.o)

.text.libgcc.fixed%z113
                0x0000000000000000        0x0
 .text.libgcc.fixed
                0x0000000000000000        0x0 c:/program files/microchip/xc8/v2.31/avr/bin/../lib/gcc/avr/5.4.0/avr5\libgcc.a(_umulsidi3.o)

.text%z114      0x0000000000000000        0x0
 .text          0x0000000000000000        0x0 c:/program files/microchip/xc8/v2.31/avr/bin/../lib/gcc/avr/5.4.0/avr5\libgcc.a(_ashrdi3.o)

.data%z115      0x0000000000800100        0x0
 .data          0x0000000000800100        0x0 c:/program files/microchip/xc8/v2.31/avr/bin/../lib/gcc/avr/5.4.0/avr5\libgcc.a(_ashrdi3.o)

.bss%z116       0x0000000000800100        0x0
 .bss           0x0000000000800100        0x0 c:/program files/microchip/xc8/v2.31/avr/bin/../lib/gcc/avr/5.4.0/avr5\libgcc.a(_ashrdi3.o)

.text.libgcc.mul%z117
                0x0000000000000000        0x0
 .text.libgcc.mul
                0x0000000000000000        0x0 c:/program files/microchip/xc8/v2.31/avr/bin/../lib/gcc/avr/5.4.0/avr5\libgcc.a(_ashrdi3.o)

.text.libgcc.div%z118
                0x0000000000000000        0x0
 .text.libgcc.div
                0x0000000000000000        0x0 c:/program files/microchip/xc8/v2.31/avr/bin/../lib/gcc/avr/5.4.0/avr5\libgcc.a(_ashrdi3.o)

.text.libgcc%z119
                0x0000000000000000        0x0
 .text.libgcc   0x0000000000000000        0x0 c:/program files/microchip/xc8/v2.31/avr/bin/../lib/gcc/avr/5.4.0/avr5\libgcc.a(_ashrdi3.o)

.text.libgcc.prologue%z120
                0x0000000000000000        0x0
 .text.libgcc.prologue
                0x0000000000000000        0x0 c:/program files/microchip/xc8/v2.31/avr/bin/../lib/gcc/avr/5.4.0/avr5\libgcc.a(_ashrdi3.o)

.text.libgcc.fmul%z121
                0x0000000000000000        0x0
 .text.libgcc.fmul
                0x0000000000000000        0x0 c:/program files/microchip/xc8/v2.31/avr/bin/../lib/gcc/avr/5.4.0/avr5\libgcc.a(_ashrdi3.o)

.text.libgcc.fixed%z122
                0x0000000000000000        0x0
 .text.libgcc.fixed
                0x0000000000000000        0x0 c:/program files/microchip/xc8/v2.31/avr/bin/../lib/gcc/avr/5.4.0/avr5\libgcc.a(_ashrdi3.o)

.text%z123      0x0000000000000000        0x0
 .text          0x0000000000000000        0x0 c:/program files/microchip/xc8/v2.31/avr/bin/../lib/gcc/avr/5.4.0/avr5\libgcc.a(_cmpdi2_s8.o)

.data%z124      0x0000000000800100        0x0
 .data          0x0000000000800100        0x0 c:/program files/microchip/xc8/v2.31/avr/bin/../lib/gcc/avr/5.4.0/avr5\libgcc.a(_cmpdi2_s8.o)

.bss%z125       0x0000000000800100        0x0
 .bss           0x0000000000800100        0x0 c:/program files/microchip/xc8/v2.31/avr/bin/../lib/gcc/avr/5.4.0/avr5\libgcc.a(_cmpdi2_s8.o)

.text.libgcc.mul%z126
                0x0000000000000000        0x0
 .text.libgcc.mul
                0x0000000000000000        0x0 c:/program files/microchip/xc8/v2.31/avr/bin/../lib/gcc/avr/5.4.0/avr5\libgcc.a(_cmpdi2_s8.o)

.text.libgcc.div%z127
                0x0000000000000000        0x0
 .text.libgcc.div
                0x0000000000000000        0x0 c:/program files/microchip/xc8/v2.31/avr/bin/../lib/gcc/avr/5.4.0/avr5\libgcc.a(_cmpdi2_s8.o)

.text.libgcc.prologue%z128
                0x0000000000000000        0x0
 .text.libgcc.prologue
                0x0000000000000000        0x0 c:/program files/microchip/xc8/v2.31/avr/bin/../lib/gcc/avr/5.4.0/avr5\libgcc.a(_cmpdi2_s8.o)

.text.libgcc.builtins%z129
                0x0000000000000000        0x0
 .text.libgcc.builtins
                0x0000000000000000        0x0 c:/program files/microchip/xc8/v2.31/avr/bin/../lib/gcc/avr/5.4.0/avr5\libgcc.a(_cmpdi2_s8.o)

.text.libgcc.fmul%z130
                0x0000000000000000        0x0
 .text.libgcc.fmul
                0x0000000000000000        0x0 c:/program files/microchip/xc8/v2.31/avr/bin/../lib/gcc/avr/5.4.0/avr5\libgcc.a(_cmpdi2_s8.o)

.text.libgcc.fixed%z131
                0x0000000000000000        0x0
 .text.libgcc.fixed
                0x0000000000000000        0x0 c:/program files/microchip/xc8/v2.31/avr/bin/../lib/gcc/avr/5.4.0/avr5\libgcc.a(_cmpdi2_s8.o)

.text%z132      0x0000000000000000        0x0
 .text          0x0000000000000000        0x0 c:/program files/microchip/xc8/v2.31/avr/bin/../lib/gcc/avr/5.4.0/avr5\libgcc.a(_udivmodsi4.o)

.data%z133      0x0000000000800100        0x0
 .data          0x0000000000800100        0x0 c:/program files/microchip/xc8/v2.31/avr/bin/../lib/gcc/avr/5.4.0/avr5\libgcc.a(_udivmodsi4.o)

.bss%z134       0x0000000000800100        0x0
 .bss           0x0000000000800100        0x0 c:/program files/microchip/xc8/v2.31/avr/bin/../lib/gcc/avr/5.4.0/avr5\libgcc.a(_udivmodsi4.o)

.text.libgcc.mul%z135
                0x0000000000000000        0x0
 .text.libgcc.mul
                0x0000000000000000        0x0 c:/program files/microchip/xc8/v2.31/avr/bin/../lib/gcc/avr/5.4.0/avr5\libgcc.a(_udivmodsi4.o)

.text.libgcc%z136
                0x0000000000000000        0x0
 .text.libgcc   0x0000000000000000        0x0 c:/program files/microchip/xc8/v2.31/avr/bin/../lib/gcc/avr/5.4.0/avr5\libgcc.a(_udivmodsi4.o)

.text.libgcc.prologue%z137
                0x0000000000000000        0x0
 .text.libgcc.prologue
                0x0000000000000000        0x0 c:/program files/microchip/xc8/v2.31/avr/bin/../lib/gcc/avr/5.4.0/avr5\libgcc.a(_udivmodsi4.o)

.text.libgcc.builtins%z138
                0x0000000000000000        0x0
 .text.libgcc.builtins
                0x0000000000000000        0x0 c:/program files/microchip/xc8/v2.31/avr/bin/../lib/gcc/avr/5.4.0/avr5\libgcc.a(_udivmodsi4.o)

.text.libgcc.fmul%z139
                0x0000000000000000        0x0
 .text.libgcc.fmul
                0x0000000000000000        0x0 c:/program files/microchip/xc8/v2.31/avr/bin/../lib/gcc/avr/5.4.0/avr5\libgcc.a(_udivmodsi4.o)

.text.libgcc.fixed%z140
                0x0000000000000000        0x0
 .text.libgcc.fixed
                0x0000000000000000        0x0 c:/program files/microchip/xc8/v2.31/avr/bin/../lib/gcc/avr/5.4.0/avr5\libgcc.a(_udivmodsi4.o)

.text%z141      0x0000000000000000        0x0
 .text          0x0000000000000000        0x0 c:/program files/microchip/xc8/v2.31/avr/bin/../lib/gcc/avr/5.4.0/avr5\libgcc.a(_umulhisi3.o)

.data%z142      0x0000000000800100        0x0
 .data          0x0000000000800100        0x0 c:/program files/microchip/xc8/v2.31/avr/bin/../lib/gcc/avr/5.4.0/avr5\libgcc.a(_umulhisi3.o)

.bss%z143       0x0000000000800100        0x0
 .bss           0x0000000000800100        0x0 c:/program files/microchip/xc8/v2.31/avr/bin/../lib/gcc/avr/5.4.0/avr5\libgcc.a(_umulhisi3.o)

.text.libgcc.div%z144
                0x0000000000000000        0x0
 .text.libgcc.div
                0x0000000000000000        0x0 c:/program files/microchip/xc8/v2.31/avr/bin/../lib/gcc/avr/5.4.0/avr5\libgcc.a(_umulhisi3.o)

.text.libgcc%z145
                0x0000000000000000        0x0
 .text.libgcc   0x0000000000000000        0x0 c:/program files/microchip/xc8/v2.31/avr/bin/../lib/gcc/avr/5.4.0/avr5\libgcc.a(_umulhisi3.o)

.text.libgcc.prologue%z146
                0x0000000000000000        0x0
 .text.libgcc.prologue
                0x0000000000000000        0x0 c:/program files/microchip/xc8/v2.31/avr/bin/../lib/gcc/avr/5.4.0/avr5\libgcc.a(_umulhisi3.o)

.text.libgcc.builtins%z147
                0x0000000000000000        0x0
 .text.libgcc.builtins
                0x0000000000000000        0x0 c:/program files/microchip/xc8/v2.31/avr/bin/../lib/gcc/avr/5.4.0/avr5\libgcc.a(_umulhisi3.o)

.text.libgcc.fmul%z148
                0x0000000000000000        0x0
 .text.libgcc.fmul
                0x0000000000000000        0x0 c:/program files/microchip/xc8/v2.31/avr/bin/../lib/gcc/avr/5.4.0/avr5\libgcc.a(_umulhisi3.o)

.text.libgcc.fixed%z149
                0x0000000000000000        0x0
 .text.libgcc.fixed
                0x0000000000000000        0x0 c:/program files/microchip/xc8/v2.31/avr/bin/../lib/gcc/avr/5.4.0/avr5\libgcc.a(_umulhisi3.o)

.text%z150      0x0000000000000000        0x0
 .text          0x0000000000000000        0x0 c:/program files/microchip/xc8/v2.31/avr/bin/../lib/gcc/avr/5.4.0/avr5\libgcc.a(_muldi3_6.o)

.data%z151      0x0000000000800100        0x0
 .data          0x0000000000800100        0x0 c:/program files/microchip/xc8/v2.31/avr/bin/../lib/gcc/avr/5.4.0/avr5\libgcc.a(_muldi3_6.o)

.bss%z152       0x0000000000800100        0x0
 .bss           0x0000000000800100        0x0 c:/program files/microchip/xc8/v2.31/avr/bin/../lib/gcc/avr/5.4.0/avr5\libgcc.a(_muldi3_6.o)

.text.libgcc.div%z153
                0x0000000000000000        0x0
 .text.libgcc.div
                0x0000000000000000        0x0 c:/program files/microchip/xc8/v2.31/avr/bin/../lib/gcc/avr/5.4.0/avr5\libgcc.a(_muldi3_6.o)

.text.libgcc%z154
                0x0000000000000000        0x0
 .text.libgcc   0x0000000000000000        0x0 c:/program files/microchip/xc8/v2.31/avr/bin/../lib/gcc/avr/5.4.0/avr5\libgcc.a(_muldi3_6.o)

.text.libgcc.prologue%z155
                0x0000000000000000        0x0
 .text.libgcc.prologue
                0x0000000000000000        0x0 c:/program files/microchip/xc8/v2.31/avr/bin/../lib/gcc/avr/5.4.0/avr5\libgcc.a(_muldi3_6.o)

.text.libgcc.builtins%z156
                0x0000000000000000        0x0
 .text.libgcc.builtins
                0x0000000000000000        0x0 c:/program files/microchip/xc8/v2.31/avr/bin/../lib/gcc/avr/5.4.0/avr5\libgcc.a(_muldi3_6.o)

.text.libgcc.fmul%z157
                0x0000000000000000        0x0
 .text.libgcc.fmul
                0x0000000000000000        0x0 c:/program files/microchip/xc8/v2.31/avr/bin/../lib/gcc/avr/5.4.0/avr5\libgcc.a(_muldi3_6.o)

.text.libgcc.fixed%z158
                0x0000000000000000        0x0
 .text.libgcc.fixed
                0x0000000000000000        0x0 c:/program files/microchip/xc8/v2.31/avr/bin/../lib/gcc/avr/5.4.0/avr5\libgcc.a(_muldi3_6.o)

.text%z159      0x0000000000000000        0x0
 .text          0x0000000000000000        0x0 c:/program files/microchip/xc8/v2.31/avr/bin/../lib/gcc/avr/5.4.0/../../../../avr/lib/avr5\libm.a(addsf3.o)

.data%z160      0x0000000000800100        0x0
 .data          0x0000000000800100        0x0 c:/program files/microchip/xc8/v2.31/avr/bin/../lib/gcc/avr/5.4.0/../../../../avr/lib/avr5\libm.a(addsf3.o)

.bss%z161       0x0000000000800100        0x0
 .bss           0x0000000000800100        0x0 c:/program files/microchip/xc8/v2.31/avr/bin/../lib/gcc/avr/5.4.0/../../../../avr/lib/avr5\libm.a(addsf3.o)

.text%z162      0x0000000000000000        0x0
 .text          0x0000000000000000        0x0 c:/program files/microchip/xc8/v2.31/avr/bin/../lib/gcc/avr/5.4.0/../../../../avr/lib/avr5\libm.a(addsf3x.o)

.data%z163      0x0000000000800100        0x0
 .data          0x0000000000800100        0x0 c:/program files/microchip/xc8/v2.31/avr/bin/../lib/gcc/avr/5.4.0/../../../../avr/lib/avr5\libm.a(addsf3x.o)

.bss%z164       0x0000000000800100        0x0
 .bss           0x0000000000800100        0x0 c:/program files/microchip/xc8/v2.31/avr/bin/../lib/gcc/avr/5.4.0/../../../../avr/lib/avr5\libm.a(addsf3x.o)

.text%z165      0x0000000000000000        0x0
 .text          0x0000000000000000        0x0 c:/program files/microchip/xc8/v2.31/avr/bin/../lib/gcc/avr/5.4.0/../../../../avr/lib/avr5\libm.a(cmpsf2.o)

.data%z166      0x0000000000800100        0x0
 .data          0x0000000000800100        0x0 c:/program files/microchip/xc8/v2.31/avr/bin/../lib/gcc/avr/5.4.0/../../../../avr/lib/avr5\libm.a(cmpsf2.o)

.bss%z167       0x0000000000800100        0x0
 .bss           0x0000000000800100        0x0 c:/program files/microchip/xc8/v2.31/avr/bin/../lib/gcc/avr/5.4.0/../../../../avr/lib/avr5\libm.a(cmpsf2.o)

.text%z168      0x0000000000000000        0x0
 .text          0x0000000000000000        0x0 c:/program files/microchip/xc8/v2.31/avr/bin/../lib/gcc/avr/5.4.0/../../../../avr/lib/avr5\libm.a(divsf3.o)

.data%z169      0x0000000000800100        0x0
 .data          0x0000000000800100        0x0 c:/program files/microchip/xc8/v2.31/avr/bin/../lib/gcc/avr/5.4.0/../../../../avr/lib/avr5\libm.a(divsf3.o)

.bss%z170       0x0000000000800100        0x0
 .bss           0x0000000000800100        0x0 c:/program files/microchip/xc8/v2.31/avr/bin/../lib/gcc/avr/5.4.0/../../../../avr/lib/avr5\libm.a(divsf3.o)

.text%z171      0x0000000000000000        0x0
 .text          0x0000000000000000        0x0 c:/program files/microchip/xc8/v2.31/avr/bin/../lib/gcc/avr/5.4.0/../../../../avr/lib/avr5\libm.a(divsf3x.o)

.data%z172      0x0000000000800100        0x0
 .data          0x0000000000800100        0x0 c:/program files/microchip/xc8/v2.31/avr/bin/../lib/gcc/avr/5.4.0/../../../../avr/lib/avr5\libm.a(divsf3x.o)

.bss%z173       0x0000000000800100        0x0
 .bss           0x0000000000800100        0x0 c:/program files/microchip/xc8/v2.31/avr/bin/../lib/gcc/avr/5.4.0/../../../../avr/lib/avr5\libm.a(divsf3x.o)

.text%z174      0x0000000000000000        0x0
 .text          0x0000000000000000        0x0 c:/program files/microchip/xc8/v2.31/avr/bin/../lib/gcc/avr/5.4.0/../../../../avr/lib/avr5\libm.a(fixsfsi.o)

.data%z175      0x0000000000800100        0x0
 .data          0x0000000000800100        0x0 c:/program files/microchip/xc8/v2.31/avr/bin/../lib/gcc/avr/5.4.0/../../../../avr/lib/avr5\libm.a(fixsfsi.o)

.bss%z176       0x0000000000800100        0x0
 .bss           0x0000000000800100        0x0 c:/program files/microchip/xc8/v2.31/avr/bin/../lib/gcc/avr/5.4.0/../../../../avr/lib/avr5\libm.a(fixsfsi.o)

.text%z177      0x0000000000000000        0x0
 .text          0x0000000000000000        0x0 c:/program files/microchip/xc8/v2.31/avr/bin/../lib/gcc/avr/5.4.0/../../../../avr/lib/avr5\libm.a(fixunssfsi.o)

.data%z178      0x0000000000800100        0x0
 .data          0x0000000000800100        0x0 c:/program files/microchip/xc8/v2.31/avr/bin/../lib/gcc/avr/5.4.0/../../../../avr/lib/avr5\libm.a(fixunssfsi.o)

.bss%z179       0x0000000000800100        0x0
 .bss           0x0000000000800100        0x0 c:/program files/microchip/xc8/v2.31/avr/bin/../lib/gcc/avr/5.4.0/../../../../avr/lib/avr5\libm.a(fixunssfsi.o)

.text%z180      0x0000000000000000        0x0
 .text          0x0000000000000000        0x0 c:/program files/microchip/xc8/v2.31/avr/bin/../lib/gcc/avr/5.4.0/../../../../avr/lib/avr5\libm.a(floatsisf.o)

.data%z181      0x0000000000800100        0x0
 .data          0x0000000000800100        0x0 c:/program files/microchip/xc8/v2.31/avr/bin/../lib/gcc/avr/5.4.0/../../../../avr/lib/avr5\libm.a(floatsisf.o)

.bss%z182       0x0000000000800100        0x0
 .bss           0x0000000000800100        0x0 c:/program files/microchip/xc8/v2.31/avr/bin/../lib/gcc/avr/5.4.0/../../../../avr/lib/avr5\libm.a(floatsisf.o)

.text%z183      0x0000000000000000        0x0
 .text          0x0000000000000000        0x0 c:/program files/microchip/xc8/v2.31/avr/bin/../lib/gcc/avr/5.4.0/../../../../avr/lib/avr5\libm.a(fp_cmp.o)

.data%z184      0x0000000000800100        0x0
 .data          0x0000000000800100        0x0 c:/program files/microchip/xc8/v2.31/avr/bin/../lib/gcc/avr/5.4.0/../../../../avr/lib/avr5\libm.a(fp_cmp.o)

.bss%z185       0x0000000000800100        0x0
 .bss           0x0000000000800100        0x0 c:/program files/microchip/xc8/v2.31/avr/bin/../lib/gcc/avr/5.4.0/../../../../avr/lib/avr5\libm.a(fp_cmp.o)

.text%z186      0x0000000000000000        0x0
 .text          0x0000000000000000        0x0 c:/program files/microchip/xc8/v2.31/avr/bin/../lib/gcc/avr/5.4.0/../../../../avr/lib/avr5\libm.a(fp_inf.o)

.data%z187      0x0000000000800100        0x0
 .data          0x0000000000800100        0x0 c:/program files/microchip/xc8/v2.31/avr/bin/../lib/gcc/avr/5.4.0/../../../../avr/lib/avr5\libm.a(fp_inf.o)

.bss%z188       0x0000000000800100        0x0
 .bss           0x0000000000800100        0x0 c:/program files/microchip/xc8/v2.31/avr/bin/../lib/gcc/avr/5.4.0/../../../../avr/lib/avr5\libm.a(fp_inf.o)

.text%z189      0x0000000000000000        0x0
 .text          0x0000000000000000        0x0 c:/program files/microchip/xc8/v2.31/avr/bin/../lib/gcc/avr/5.4.0/../../../../avr/lib/avr5\libm.a(fp_nan.o)

.data%z190      0x0000000000800100        0x0
 .data          0x0000000000800100        0x0 c:/program files/microchip/xc8/v2.31/avr/bin/../lib/gcc/avr/5.4.0/../../../../avr/lib/avr5\libm.a(fp_nan.o)

.bss%z191       0x0000000000800100        0x0
 .bss           0x0000000000800100        0x0 c:/program files/microchip/xc8/v2.31/avr/bin/../lib/gcc/avr/5.4.0/../../../../avr/lib/avr5\libm.a(fp_nan.o)

.text%z192      0x0000000000000000        0x0
 .text          0x0000000000000000        0x0 c:/program files/microchip/xc8/v2.31/avr/bin/../lib/gcc/avr/5.4.0/../../../../avr/lib/avr5\libm.a(fp_pscA.o)

.data%z193      0x0000000000800100        0x0
 .data          0x0000000000800100        0x0 c:/program files/microchip/xc8/v2.31/avr/bin/../lib/gcc/avr/5.4.0/../../../../avr/lib/avr5\libm.a(fp_pscA.o)

.bss%z194       0x0000000000800100        0x0
 .bss           0x0000000000800100        0x0 c:/program files/microchip/xc8/v2.31/avr/bin/../lib/gcc/avr/5.4.0/../../../../avr/lib/avr5\libm.a(fp_pscA.o)

.text%z195      0x0000000000000000        0x0
 .text          0x0000000000000000        0x0 c:/program files/microchip/xc8/v2.31/avr/bin/../lib/gcc/avr/5.4.0/../../../../avr/lib/avr5\libm.a(fp_pscB.o)

.data%z196      0x0000000000800100        0x0
 .data          0x0000000000800100        0x0 c:/program files/microchip/xc8/v2.31/avr/bin/../lib/gcc/avr/5.4.0/../../../../avr/lib/avr5\libm.a(fp_pscB.o)

.bss%z197       0x0000000000800100        0x0
 .bss           0x0000000000800100        0x0 c:/program files/microchip/xc8/v2.31/avr/bin/../lib/gcc/avr/5.4.0/../../../../avr/lib/avr5\libm.a(fp_pscB.o)

.text%z198      0x0000000000000000        0x0
 .text          0x0000000000000000        0x0 c:/program files/microchip/xc8/v2.31/avr/bin/../lib/gcc/avr/5.4.0/../../../../avr/lib/avr5\libm.a(fp_round.o)

.data%z199      0x0000000000800100        0x0
 .data          0x0000000000800100        0x0 c:/program files/microchip/xc8/v2.31/avr/bin/../lib/gcc/avr/5.4.0/../../../../avr/lib/avr5\libm.a(fp_round.o)

.bss%z200       0x0000000000800100        0x0
 .bss           0x0000000000800100        0x0 c:/program files/microchip/xc8/v2.31/avr/bin/../lib/gcc/avr/5.4.0/../../../../avr/lib/avr5\libm.a(fp_round.o)

.text%z201      0x0000000000000000        0x0
 .text          0x0000000000000000        0x0 c:/program files/microchip/xc8/v2.31/avr/bin/../lib/gcc/avr/5.4.0/../../../../avr/lib/avr5\libm.a(fp_split3.o)

.data%z202      0x0000000000800100        0x0
 .data          0x0000000000800100        0x0 c:/program files/microchip/xc8/v2.31/avr/bin/../lib/gcc/avr/5.4.0/../../../../avr/lib/avr5\libm.a(fp_split3.o)

.bss%z203       0x0000000000800100        0x0
 .bss           0x0000000000800100        0x0 c:/program files/microchip/xc8/v2.31/avr/bin/../lib/gcc/avr/5.4.0/../../../../avr/lib/avr5\libm.a(fp_split3.o)

.text%z204      0x0000000000000000        0x0
 .text          0x0000000000000000        0x0 c:/program files/microchip/xc8/v2.31/avr/bin/../lib/gcc/avr/5.4.0/../../../../avr/lib/avr5\libm.a(fp_zero.o)

.data%z205      0x0000000000800100        0x0
 .data          0x0000000000800100        0x0 c:/program files/microchip/xc8/v2.31/avr/bin/../lib/gcc/avr/5.4.0/../../../../avr/lib/avr5\libm.a(fp_zero.o)

.bss%z206       0x0000000000800100        0x0
 .bss           0x0000000000800100        0x0 c:/program files/microchip/xc8/v2.31/avr/bin/../lib/gcc/avr/5.4.0/../../../../avr/lib/avr5\libm.a(fp_zero.o)

.text%z207      0x0000000000000000        0x0
 .text          0x0000000000000000        0x0 c:/program files/microchip/xc8/v2.31/avr/bin/../lib/gcc/avr/5.4.0/../../../../avr/lib/avr5\libm.a(gesf2.o)

.data%z208      0x0000000000800100        0x0
 .data          0x0000000000800100        0x0 c:/program files/microchip/xc8/v2.31/avr/bin/../lib/gcc/avr/5.4.0/../../../../avr/lib/avr5\libm.a(gesf2.o)

.bss%z209       0x0000000000800100        0x0
 .bss           0x0000000000800100        0x0 c:/program files/microchip/xc8/v2.31/avr/bin/../lib/gcc/avr/5.4.0/../../../../avr/lib/avr5\libm.a(gesf2.o)

.text%z210      0x0000000000000000        0x0
 .text          0x0000000000000000        0x0 c:/program files/microchip/xc8/v2.31/avr/bin/../lib/gcc/avr/5.4.0/../../../../avr/lib/avr5\libm.a(mulsf3.o)

.data%z211      0x0000000000800100        0x0
 .data          0x0000000000800100        0x0 c:/program files/microchip/xc8/v2.31/avr/bin/../lib/gcc/avr/5.4.0/../../../../avr/lib/avr5\libm.a(mulsf3.o)

.bss%z212       0x0000000000800100        0x0
 .bss           0x0000000000800100        0x0 c:/program files/microchip/xc8/v2.31/avr/bin/../lib/gcc/avr/5.4.0/../../../../avr/lib/avr5\libm.a(mulsf3.o)

.text%z213      0x0000000000000000        0x0
 .text          0x0000000000000000        0x0 c:/program files/microchip/xc8/v2.31/avr/bin/../lib/gcc/avr/5.4.0/../../../../avr/lib/avr5\libm.a(mulsf3x.o)

.data%z214      0x0000000000800100        0x0
 .data          0x0000000000800100        0x0 c:/program files/microchip/xc8/v2.31/avr/bin/../lib/gcc/avr/5.4.0/../../../../avr/lib/avr5\libm.a(mulsf3x.o)

.bss%z215       0x0000000000800100        0x0
 .bss           0x0000000000800100        0x0 c:/program files/microchip/xc8/v2.31/avr/bin/../lib/gcc/avr/5.4.0/../../../../avr/lib/avr5\libm.a(mulsf3x.o)

.text%z216      0x0000000000000000        0x0
 .text          0x0000000000000000        0x0 c:/program files/microchip/xc8/v2.31/avr/bin/../lib/gcc/avr/5.4.0/../../../../avr/lib/avr5\libm.a(sqrt.o)

.data%z217      0x0000000000800100        0x0
 .data          0x0000000000800100        0x0 c:/program files/microchip/xc8/v2.31/avr/bin/../lib/gcc/avr/5.4.0/../../../../avr/lib/avr5\libm.a(sqrt.o)

.bss%z218       0x0000000000800100        0x0
 .bss           0x0000000000800100        0x0 c:/program files/microchip/xc8/v2.31/avr/bin/../lib/gcc/avr/5.4.0/../../../../avr/lib/avr5\libm.a(sqrt.o)

.text%z219      0x0000000000000000        0x0
 .text          0x0000000000000000        0x0 c:/program files/microchip/xc8/v2.31/avr/bin/../lib/gcc/avr/5.4.0/../../../../avr/lib/avr5\libm.a(fp_mpack.o)

.data%z220      0x0000000000800100        0x0
 .data          0x0000000000800100        0x0 c:/program files/microchip/xc8/v2.31/avr/bin/../lib/gcc/avr/5.4.0/../../../../avr/lib/avr5\libm.a(fp_mpack.o)

.bss%z221       0x0000000000800100        0x0
 .bss           0x0000000000800100        0x0 c:/program files/microchip/xc8/v2.31/avr/bin/../lib/gcc/avr/5.4.0/../../../../avr/lib/avr5\libm.a(fp_mpack.o)

.text%z222      0x0000000000000000        0x0
 .text          0x0000000000000000        0x0 c:/program files/microchip/xc8/v2.31/avr/bin/../lib/gcc/avr/5.4.0/../../../../avr/lib/avr5\libm.a(fp_norm2.o)

.data%z223      0x0000000000800100        0x0
 .data          0x0000000000800100        0x0 c:/program files/microchip/xc8/v2.31/avr/bin/../lib/gcc/avr/5.4.0/../../../../avr/lib/avr5\libm.a(fp_norm2.o)

.bss%z224       0x0000000000800100        0x0
 .bss           0x0000000000800100        0x0 c:/program files/microchip/xc8/v2.31/avr/bin/../lib/gcc/avr/5.4.0/../../../../avr/lib/avr5\libm.a(fp_norm2.o)

progmem.data    0x000000000000019a      0x2e5
 progmem.data   0x000000000000019a      0x2e5 config.o
                0x000000000000019a                __lintable_ain2_5v
                0x00000000000002ae                __fru_data
                0x00000000000002ba                __pdr_data

.data           0x0000000000800559        0x1 load address 0x000000000000047f
 .data          0x0000000000800559        0x1 vprofiler.o

.text           0x0000000000000480     0x2788
 .text          0x0000000000000480     0x2788 vprofiler.o
                0x0000000000000480                vprofiler_setParameters
                0x0000000000000550                vprofiler_start
                0x0000000000001eb2                vprofiler_startv
                0x0000000000002442                vprofiler_stop
                0x000000000000244a                vprofiler_update
                0x0000000000002930                vprofiler_updatev
                0x0000000000002bfa                vprofiler_isDone

.text           0x0000000000002c08     0x20a6
 .text          0x0000000000002c08     0x20a6 node.o
                0x0000000000002cd0                node_init
                0x0000000000002cd6                setTid
                0x0000000000002d54                getTid
                0x0000000000002de0                getPldmVersion
                0x0000000000002e9a                getPldmTypes
                0x0000000000002f8e                getPldmCommands
                0x0000000000003090                getUuid
                0x0000000000003134                processCommandEventMessageSupported
                0x00000000000031f6                processSetEventReceiver
                0x000000000000329c                processPollForPlatformEvent
                0x000000000000344a                getFruTableMetadata
                0x0000000000003524                node_putCommand
                0x0000000000003562                node_getResponse
                0x0000000000004ac0                node_sendNumericSensorEvent
                0x0000000000004bca                node_sendStateSensorEvent
                0x0000000000004ca6                node_updateEvents

.text           0x0000000000004cae      0x808
 .text          0x0000000000004cae      0x808 entitySimple1.o
                0x0000000000004d8e                entitySimple1_readChannels
                0x0000000000004df8                entitySimple1_updateEvents
                0x0000000000004ef2                entitySimple1_acknowledgeEvent
                0x0000000000004f4a                entitySimple1_respondToPollEvent
                0x0000000000004fec                entitySimple1_init
                0x000000000000510a                entitySimple1_setStateEffecterStates
                0x0000000000005156                entitySimple1_setStateEffecterEnables
                0x00000000000051a0                entitySimple1_getStateSensorReading
                0x0000000000005244                entitySimple1_setStateSensorEnables
                0x0000000000005296                entitySimple1_getStateEffecterStates
                0x000000000000530e                entitySimple1_setNumericEffecterValue
                0x000000000000531e                entitySimple1_getNumericEffecterValue
                0x000000000000532c                entitySimple1_getSensorReading
                0x00000000000053c4                entitySimple1_setNumericEffecterEnable
                0x00000000000053d6                entitySimple1_setNumericSensorEnable
                0x0000000000005406                entitySimple1_updateControl

.text           0x00000000000054b6      0x5c2
 .text          0x00000000000054b6      0x5c2 NumericSensor.o
                0x00000000000055b6                numericsensor_init
                0x00000000000055da                numericsensor_setValue
                0x00000000000055e6                numericsensor_getValue
                0x00000000000055f8                numericsensor_updateSensorState
                0x0000000000005698                numericsensor_sensorRearm
                0x00000000000056aa                numericsensor_isTriggered
                0x00000000000056ba                numericsensor_setOperationalState
                0x00000000000056f0                numericsensor_isEnabled
                0x0000000000005704                numericsensor_isFatal
                0x0000000000005718                numericsensor_isCritical
                0x000000000000572c                numericsensor_isWarning
                0x0000000000005740                numericsensor_isNormal
                0x0000000000005750                numericsensor_setPresentState
                0x0000000000005754                numericsensor_getOperationalState
                0x000000000000575a                numericsensor_getPresentState
                0x0000000000005832                numericsensor_getEventState
                0x0000000000005838                numericsensor_getSensorPreviousState
                0x000000000000583e                numericsensor_getWarningHighThreshold
                0x000000000000584a                numericsensor_getCriticalHighThreshold
                0x0000000000005856                numericsensor_getFatalHighThreshold
                0x0000000000005862                numericsensor_getWarningLowThreshold
                0x000000000000586e                numericsensor_getCriticalLowThreshold
                0x000000000000587a                numericsensor_getFatalLowThreshold
                0x0000000000005886                numericsensor_setThresholds

.text           0x0000000000005a78      0x432
 .text          0x0000000000005a78      0x432 mctp.o
                0x0000000000005a78                mctp_init
                0x0000000000005a86                mctp_isPacketAvailable
                0x0000000000005a8c                mctp_getPacket
                0x0000000000005a96                mctp_updateRxFSM
                0x0000000000005cde                mctp_transmitFrameStart
                0x0000000000005de0                mctp_transmitFrameData
                0x0000000000005e5a                mctp_transmitFrameEnd
                0x0000000000005e78                mctp_sendNoWait
                0x0000000000005ea6                mctp_close

.text           0x0000000000005eaa      0x324
 .text          0x0000000000005eaa      0x324 interpolator.o
                0x0000000000005eaa                to_fp16
                0x0000000000005eb8                fp16_mult
                0x0000000000005f24                interpolator_linearize

.text           0x00000000000061ce      0x258
 .text          0x00000000000061ce      0x258 systemtimer.o
                0x00000000000061ce                __vector_7
                0x000000000000636c                systemtimer_init
                0x00000000000063be                delay_set
                0x00000000000063de                delay_isDone

.text           0x0000000000006426      0x1ec
 .text          0x0000000000006426      0x1ec uart.o
                0x0000000000006426                __vector_18
                0x0000000000006486                __vector_19
                0x00000000000064ec                uart_init
                0x0000000000006512                uart_isConnected
                0x0000000000006516                uart_flush
                0x0000000000006522                uart_readCh
                0x000000000000655c                uart_writeCh
                0x00000000000065c2                uart_writeBuffer
                0x0000000000006600                uart_rx_isempty
                0x000000000000660e                uart_close

.text           0x0000000000006612      0x182
 .text          0x0000000000006612      0x182 stepdir_out.o
                0x0000000000006612                step_dir_out1_init
                0x0000000000006654                step_dir_out1_setOutput

.text           0x0000000000006794      0x140
 .text          0x0000000000006794      0x140 StateSensor.o
                0x0000000000006794                statesensor_init
                0x00000000000067b8                statesensor_setValue
                0x00000000000067be                statesensor_updateSensorState
                0x0000000000006832                statesensor_sensorRearm
                0x0000000000006844                statesensor_isTriggered
                0x0000000000006854                statesensor_isEnabled
                0x0000000000006868                statesensor_setOperationalState
                0x000000000000689e                statesensor_setPresentState
                0x00000000000068a2                statesensor_getOperationalState
                0x00000000000068a8                statesensor_getPresentState
                0x00000000000068b8                statesensor_getEventState
                0x00000000000068be                statesensor_getSensorPreviousState
                0x00000000000068c4                statesensor_setValueFromChannelBit

.text.avrlibc.fplib
                0x00000000000068d4       0xde
 .text.avrlibc.fplib
                0x00000000000068d4       0xde c:/program files/microchip/xc8/v2.31/avr/bin/../lib/gcc/avr/5.4.0/../../../../avr/lib/avr5\libm.a(divsf3x.o)
                0x00000000000068d4                __divsf3x
                0x00000000000068fc                __divsf3_pse

.text.avrlibc.fplib
                0x00000000000069b2       0xd4
 .text.avrlibc.fplib
                0x00000000000069b2       0xd4 c:/program files/microchip/xc8/v2.31/avr/bin/../lib/gcc/avr/5.4.0/../../../../avr/lib/avr5\libm.a(mulsf3x.o)
                0x00000000000069b2                __mulsf3x
                0x00000000000069d8                __mulsf3_pse

.text           0x0000000000006a86       0xd2
 .text          0x0000000000006a86       0xd2 EventGenerator.o
                0x0000000000006a86                eventgenerator_init
                0x0000000000006a98                eventgenerator_setEventOccuredFn
                0x0000000000006aa0                eventgenerator_setSendEventFn
                0x0000000000006aa8                eventgenerator_isEventPending
                0x0000000000006ab6                eventgenerator_isEventSent
                0x0000000000006ac4                eventgenerator_isEnabled
                0x0000000000006ad2                eventgenerator_setEnableEvents
                0x0000000000006aea                eventgenerator_startSending
                0x0000000000006b10                eventgenerator_acknowledge
                0x0000000000006b24                eventgenerator_updateEventStateMachine

.text.avrlibc.fplib
                0x0000000000006b58       0xce
 .text.avrlibc.fplib
                0x0000000000006b58       0xce c:/program files/microchip/xc8/v2.31/avr/bin/../lib/gcc/avr/5.4.0/../../../../avr/lib/avr5\libm.a(addsf3x.o)
                0x0000000000006b58                __addsf3x

.text           0x0000000000006c26       0xb2
 .text          0x0000000000006c26       0xb2 NumericEffecter.o
                0x0000000000006c26                numericeffecter_init
                0x0000000000006c2e                numericeffecter_setValue
                0x0000000000006c74                numericeffecter_getValue
                0x0000000000006c80                numericeffecter_setOperationalState
                0x0000000000006cbe                numericeffecter_getOperationalState
                0x0000000000006cc4                numericeffecter_isEnabled

.text           0x0000000000006cd8       0x94
 .text          0x0000000000006cd8       0x94 channels.o
                0x0000000000006cd8                digital_in1_init
                0x0000000000006cde                digital_in1_sample
                0x0000000000006cec                digital_in1_getRawData
                0x0000000000006cf2                interlock_in_init
                0x0000000000006cf8                interlock_in_sample
                0x0000000000006d06                interlock_in_getRawData
                0x0000000000006d0c                interlock_out_setOutput
                0x0000000000006d18                interlock_out_enable
                0x0000000000006d1c                interlock_out_init
                0x0000000000006d20                interlock_out_disable
                0x0000000000006d26                trigger_in_init
                0x0000000000006d2c                trigger_in_sample
                0x0000000000006d3a                trigger_in_getRawData
                0x0000000000006d40                trigger_out_setOutput
                0x0000000000006d4c                trigger_out_enable
                0x0000000000006d50                trigger_out_init
                0x0000000000006d54                trigger_out_disable
                0x0000000000006d5a                channels_init

.text           0x0000000000006d6c       0x94
 .text          0x0000000000006d6c       0x94 StateEffecter.o
                0x0000000000006d6c                stateeffecter_init
                0x0000000000006d76                stateeffecter_getOutput
                0x0000000000006d84                stateeffecter_setOperationalState
                0x0000000000006db4                stateeffecter_isEnabled
                0x0000000000006dc8                stateeffecter_setPresentState
                0x0000000000006dea                stateeffecter_getOperationalState
                0x0000000000006df0                stateeffecter_getPresentState

.text.startup   0x0000000000006e00       0x8e
 .text.startup  0x0000000000006e00       0x8e main.o
                0x0000000000006e00                main

.text.avrlibc.fplib
                0x0000000000006e8e       0x8e
 .text.avrlibc.fplib
                0x0000000000006e8e       0x8e c:/program files/microchip/xc8/v2.31/avr/bin/../lib/gcc/avr/5.4.0/../../../../avr/lib/avr5\libm.a(sqrt.o)
                0x0000000000006e8e                sqrtf
                0x0000000000006e8e                sqrt

.text.avrlibc.fplib
                0x0000000000006f1c       0x7a
 .text.avrlibc.fplib
                0x0000000000006f1c       0x7a c:/program files/microchip/xc8/v2.31/avr/bin/../lib/gcc/avr/5.4.0/../../../../avr/lib/avr5\libm.a(floatsisf.o)
                0x0000000000006f1c                __floatunsisf
                0x0000000000006f20                __floatsisf

.text.avrlibc.fplib
                0x0000000000006f96       0x5e
 .text.avrlibc.fplib
                0x0000000000006f96       0x5e c:/program files/microchip/xc8/v2.31/avr/bin/../lib/gcc/avr/5.4.0/../../../../avr/lib/avr5\libm.a(fixunssfsi.o)
                0x0000000000006f96                __fixunssfsi

.text.libgcc.mul
                0x0000000000006ff4       0x56
 .text.libgcc.mul
                0x0000000000006ff4       0x56 c:/program files/microchip/xc8/v2.31/avr/bin/../lib/gcc/avr/5.4.0/avr5\libgcc.a(_umulsidi3.o)
                0x0000000000006ff4                __umulsidi3
                0x0000000000006ff6                __umulsidi3_helper

.text.avrlibc.fplib
                0x000000000000704a       0x48
 .text.avrlibc.fplib
                0x000000000000704a       0x48 c:/program files/microchip/xc8/v2.31/avr/bin/../lib/gcc/avr/5.4.0/../../../../avr/lib/avr5\libm.a(fp_cmp.o)
                0x000000000000704a                __fp_cmp

.text.libgcc.div
                0x0000000000007092       0x44
 .text.libgcc.div
                0x0000000000007092       0x44 c:/program files/microchip/xc8/v2.31/avr/bin/../lib/gcc/avr/5.4.0/avr5\libgcc.a(_udivmodsi4.o)
                0x0000000000007092                __udivmodsi4

.text.avrlibc.fplib
                0x00000000000070d6       0x44
 .text.avrlibc.fplib
                0x00000000000070d6       0x44 c:/program files/microchip/xc8/v2.31/avr/bin/../lib/gcc/avr/5.4.0/../../../../avr/lib/avr5\libm.a(fp_split3.o)
                0x00000000000070d6                __fp_split3
                0x00000000000070e6                __fp_splitA

.text           0x000000000000711a       0x40
 .text          0x000000000000711a       0x40 adc.o
                0x000000000000711a                adc_init
                0x0000000000007130                adc_sample
                0x0000000000007150                adc_getRawData

.text.libgcc.builtins
                0x000000000000715a       0x3c
 .text.libgcc.builtins
                0x000000000000715a       0x3c c:/program files/microchip/xc8/v2.31/avr/bin/../lib/gcc/avr/5.4.0/avr5\libgcc.a(_ashrdi3.o)
                0x000000000000715a                __ashrdi3
                0x000000000000715e                __lshrdi3

.text           0x0000000000007196       0x30
 .text          0x0000000000007196       0x30 fcs.o
                0x0000000000007196                fcs_calcFcs

.text.libgcc.div
                0x00000000000071c6       0x2e
 .text.libgcc.div
                0x00000000000071c6       0x2e c:/program files/microchip/xc8/v2.31/avr/bin/../lib/gcc/avr/5.4.0/avr5\libgcc.a(_divmodsi4.o)
                0x00000000000071c6                __divmodsi4

.text           0x00000000000071f4       0x2a
 .text          0x00000000000071f4       0x2a crc8.o
                0x00000000000071f4                calc_new_crc8

.text.libgcc.div
                0x000000000000721e       0x28
 .text.libgcc.div
                0x000000000000721e       0x28 c:/program files/microchip/xc8/v2.31/avr/bin/../lib/gcc/avr/5.4.0/avr5\libgcc.a(_udivmodhi4.o)
                0x000000000000721e                __udivmodhi4

.text.avrlibc.fplib
                0x0000000000007246       0x22
 .text.avrlibc.fplib
                0x0000000000007246       0x22 c:/program files/microchip/xc8/v2.31/avr/bin/../lib/gcc/avr/5.4.0/../../../../avr/lib/avr5\libm.a(fp_round.o)
                0x0000000000007246                __fp_round

.text.libgcc.mul
                0x0000000000007268       0x1e
 .text.libgcc.mul
                0x0000000000007268       0x1e c:/program files/microchip/xc8/v2.31/avr/bin/../lib/gcc/avr/5.4.0/avr5\libgcc.a(_mulsidi3.o)
                0x0000000000007268                __mulsidi3

.text.libgcc.mul
                0x0000000000007286       0x1e
 .text.libgcc.mul
                0x0000000000007286       0x1e c:/program files/microchip/xc8/v2.31/avr/bin/../lib/gcc/avr/5.4.0/avr5\libgcc.a(_umulhisi3.o)
                0x0000000000007286                __umulhisi3

.text.avrlibc.fplib
                0x00000000000072a4       0x1c
 .text.avrlibc.fplib
                0x00000000000072a4       0x1c c:/program files/microchip/xc8/v2.31/avr/bin/../lib/gcc/avr/5.4.0/../../../../avr/lib/avr5\libm.a(fp_mpack.o)
                0x00000000000072a4                __fp_mpack
                0x00000000000072a8                __fp_mpack_finite

.text.libgcc    0x00000000000072c0       0x18
 .text.libgcc   0x00000000000072c0       0x18 c:/program files/microchip/xc8/v2.31/avr/bin/../lib/gcc/avr/5.4.0/avr5\libgcc.a(_cmpdi2_s8.o)
                0x00000000000072c0                __cmpdi2_s8

.text.libgcc.mul
                0x00000000000072d8       0x12
 .text.libgcc.mul
                0x00000000000072d8       0x12 c:/program files/microchip/xc8/v2.31/avr/bin/../lib/gcc/avr/5.4.0/avr5\libgcc.a(_muldi3_6.o)
                0x00000000000072d8                __muldi3_6

.text.libgcc.div
                0x00000000000072ea       0x10
 .text.libgcc.div
                0x00000000000072ea       0x10 c:/program files/microchip/xc8/v2.31/avr/bin/../lib/gcc/avr/5.4.0/avr5\libgcc.a(_negsi2.o)
                0x00000000000072ea                __negsi2

.text.avrlibc.fplib
                0x00000000000072fa        0xe
 .text.avrlibc.fplib
                0x00000000000072fa        0xe c:/program files/microchip/xc8/v2.31/avr/bin/../lib/gcc/avr/5.4.0/../../../../avr/lib/avr5\libm.a(addsf3.o)
                0x00000000000072fa                __subsf3
                0x00000000000072fc                __addsf3

.text.avrlibc.fplib
                0x0000000000007308        0xe
 .text.avrlibc.fplib
                0x0000000000007308        0xe c:/program files/microchip/xc8/v2.31/avr/bin/../lib/gcc/avr/5.4.0/../../../../avr/lib/avr5\libm.a(fixsfsi.o)
                0x0000000000007308                __fixsfsi

.text.avrlibc.fplib
                0x0000000000007316        0xe
 .text.avrlibc.fplib
                0x0000000000007316        0xe c:/program files/microchip/xc8/v2.31/avr/bin/../lib/gcc/avr/5.4.0/../../../../avr/lib/avr5\libm.a(fp_pscA.o)
                0x0000000000007316                __fp_pscA

.text.avrlibc.fplib
                0x0000000000007324        0xe
 .text.avrlibc.fplib
                0x0000000000007324        0xe c:/program files/microchip/xc8/v2.31/avr/bin/../lib/gcc/avr/5.4.0/../../../../avr/lib/avr5\libm.a(fp_pscB.o)
                0x0000000000007324                __fp_pscB

.text.avrlibc.fplib
                0x0000000000007332        0xe
 .text.avrlibc.fplib
                0x0000000000007332        0xe c:/program files/microchip/xc8/v2.31/avr/bin/../lib/gcc/avr/5.4.0/../../../../avr/lib/avr5\libm.a(fp_zero.o)
                0x0000000000007332                __fp_zero
                0x0000000000007334                __fp_szero

.text.avrlibc.fplib
                0x0000000000007340        0xe
 .text.avrlibc.fplib
                0x0000000000007340        0xe c:/program files/microchip/xc8/v2.31/avr/bin/../lib/gcc/avr/5.4.0/../../../../avr/lib/avr5\libm.a(fp_norm2.o)
                0x0000000000007340                __fp_norm2

.text.libgcc    0x000000000000734e        0xc
 .text.libgcc   0x000000000000734e        0xc c:/program files/microchip/xc8/v2.31/avr/bin/../lib/gcc/avr/5.4.0/avr5\libgcc.a(_tablejump2.o)
                0x000000000000734e                __tablejump2__

.text.avrlibc.fplib
                0x000000000000735a        0xc
 .text.avrlibc.fplib
                0x000000000000735a        0xc c:/program files/microchip/xc8/v2.31/avr/bin/../lib/gcc/avr/5.4.0/../../../../avr/lib/avr5\libm.a(fp_inf.o)
                0x000000000000735a                __fp_inf

.text.avrlibc.fplib
                0x0000000000007366        0xa
 .text.avrlibc.fplib
                0x0000000000007366        0xa c:/program files/microchip/xc8/v2.31/avr/bin/../lib/gcc/avr/5.4.0/../../../../avr/lib/avr5\libm.a(cmpsf2.o)
                0x0000000000007366                __nesf2
                0x0000000000007366                __eqsf2
                0x0000000000007366                __cmpsf2
                0x0000000000007366                __ltsf2
                0x0000000000007366                __lesf2

.text.avrlibc.fplib
                0x0000000000007370        0xa
 .text.avrlibc.fplib
                0x0000000000007370        0xa c:/program files/microchip/xc8/v2.31/avr/bin/../lib/gcc/avr/5.4.0/../../../../avr/lib/avr5\libm.a(gesf2.o)
                0x0000000000007370                __gesf2
                0x0000000000007370                __gtsf2

.text.avrlibc.fplib
                0x000000000000737a        0x8
 .text.avrlibc.fplib
                0x000000000000737a        0x8 c:/program files/microchip/xc8/v2.31/avr/bin/../lib/gcc/avr/5.4.0/../../../../avr/lib/avr5\libm.a(divsf3.o)
                0x000000000000737a                __divsf3

.text.avrlibc.fplib
                0x0000000000007382        0x8
 .text.avrlibc.fplib
                0x0000000000007382        0x8 c:/program files/microchip/xc8/v2.31/avr/bin/../lib/gcc/avr/5.4.0/../../../../avr/lib/avr5\libm.a(mulsf3.o)
                0x0000000000007382                __mulsf3

.text.avrlibc.fplib
                0x000000000000738a        0x6
 .text.avrlibc.fplib
                0x000000000000738a        0x6 c:/program files/microchip/xc8/v2.31/avr/bin/../lib/gcc/avr/5.4.0/../../../../avr/lib/avr5\libm.a(fp_nan.o)
                0x000000000000738a                __fp_nan

.text           0x0000000000007390        0x4
 .text          0x0000000000007390        0x4 c:/program files/microchip/xc8/v2.31/avr/bin/../lib/gcc/avr/5.4.0/../../../../avr/lib/avr5/crtatmega328p.o
                0x0000000000007390                __vector_22
                0x0000000000007390                __vector_1
                0x0000000000007390                __vector_24
                0x0000000000007390                __vector_12
                0x0000000000007390                __bad_interrupt
                0x0000000000007390                __vector_6
                0x0000000000007390                __vector_3
                0x0000000000007390                __vector_23
                0x0000000000007390                __vector_25
                0x0000000000007390                __vector_11
                0x0000000000007390                __vector_13
                0x0000000000007390                __vector_17
                0x0000000000007390                __vector_5
                0x0000000000007390                __vector_4
                0x0000000000007390                __vector_9
                0x0000000000007390                __vector_2
                0x0000000000007390                __vector_21
                0x0000000000007390                __vector_15
                0x0000000000007390                __vector_8
                0x0000000000007390                __vector_14
                0x0000000000007390                __vector_10
                0x0000000000007390                __vector_16
                0x0000000000007390                __vector_20

.rodata         0x000000000080018c      0x200 load address 0x0000000000007394
 .rodata        0x000000000080018c      0x200 fcs.o

.siminfo        0x00000000008004f4       0x28 load address 0x0000000000007594
 .siminfo       0x00000000008004f4       0x28 simulavr_info.o
                0x00000000008004f4                siminfo_serial_out
                0x00000000008004ff                siminfo_serial_in
                0x000000000080050a                siminfo_cpufrequency
                0x0000000000800510                siminfo_device

Cross Reference Table

Symbol                                            File
__DATA_REGION_LENGTH__                            c:/program files/microchip/xc8/v2.31/avr/bin/../lib/gcc/avr/5.4.0/../../../../avr/lib/avr5/crtatmega328p.o
__DATA_REGION_ORIGIN__                            c:/program files/microchip/xc8/v2.31/avr/bin/../lib/gcc/avr/5.4.0/../../../../avr/lib/avr5/crtatmega328p.o
__EEPROM_REGION_LENGTH__                          c:/program files/microchip/xc8/v2.31/avr/bin/../lib/gcc/avr/5.4.0/../../../../avr/lib/avr5/crtatmega328p.o
__FUSE_REGION_LENGTH__                            c:/program files/microchip/xc8/v2.31/avr/bin/../lib/gcc/avr/5.4.0/../../../../avr/lib/avr5/crtatmega328p.o
__TEXT_REGION_LENGTH__                            c:/program files/microchip/xc8/v2.31/avr/bin/../lib/gcc/avr/5.4.0/../../../../avr/lib/avr5/crtatmega328p.o
__addsf3                                          c:/program files/microchip/xc8/v2.31/avr/bin/../lib/gcc/avr/5.4.0/../../../../avr/lib/avr5\libm.a(addsf3.o)
                                                  vprofiler.o
__addsf3x                                         c:/program files/microchip/xc8/v2.31/avr/bin/../lib/gcc/avr/5.4.0/../../../../avr/lib/avr5\libm.a(addsf3x.o)
                                                  c:/program files/microchip/xc8/v2.31/avr/bin/../lib/gcc/avr/5.4.0/../../../../avr/lib/avr5\libm.a(addsf3.o)
__ashrdi3                                         c:/program files/microchip/xc8/v2.31/avr/bin/../lib/gcc/avr/5.4.0/avr5\libgcc.a(_ashrdi3.o)
                                                  interpolator.o
__bad_interrupt                                   c:/program files/microchip/xc8/v2.31/avr/bin/../lib/gcc/avr/5.4.0/../../../../avr/lib/avr5/crtatmega328p.o
__cmpdi2_s8                                       c:/program files/microchip/xc8/v2.31/avr/bin/../lib/gcc/avr/5.4.0/avr5\libgcc.a(_cmpdi2_s8.o)
                                                  interpolator.o
__cmpsf2                                          c:/program files/microchip/xc8/v2.31/avr/bin/../lib/gcc/avr/5.4.0/../../../../avr/lib/avr5\libm.a(cmpsf2.o)
__divmodsi4                                       c:/program files/microchip/xc8/v2.31/avr/bin/../lib/gcc/avr/5.4.0/avr5\libgcc.a(_divmodsi4.o)
                                                  interpolator.o
                                                  vprofiler.o
__divsf3                                          c:/program files/microchip/xc8/v2.31/avr/bin/../lib/gcc/avr/5.4.0/../../../../avr/lib/avr5\libm.a(divsf3.o)
                                                  vprofiler.o
__divsf3_pse                                      c:/program files/microchip/xc8/v2.31/avr/bin/../lib/gcc/avr/5.4.0/../../../../avr/lib/avr5\libm.a(divsf3x.o)
__divsf3x                                         c:/program files/microchip/xc8/v2.31/avr/bin/../lib/gcc/avr/5.4.0/../../../../avr/lib/avr5\libm.a(divsf3x.o)
                                                  c:/program files/microchip/xc8/v2.31/avr/bin/../lib/gcc/avr/5.4.0/../../../../avr/lib/avr5\libm.a(divsf3.o)
__do_clear_bss                                    c:/program files/microchip/xc8/v2.31/avr/bin/../lib/gcc/avr/5.4.0/avr5\libgcc.a(_copy_data.o)
                                                  uart.o
                                                  mctp.o
                                                  entitySimple1.o
                                                  adc.o
                                                  channels.o
                                                  stepdir_out.o
                                                  systemtimer.o
                                                  vprofiler.o
                                                  node.o
__do_copy_data                                    c:/program files/microchip/xc8/v2.31/avr/bin/../lib/gcc/avr/5.4.0/avr5\libgcc.a(_copy_data.o)
                                                  fcs.o
                                                  vprofiler.o
                                                  simulavr_info.o
__eqsf2                                           c:/program files/microchip/xc8/v2.31/avr/bin/../lib/gcc/avr/5.4.0/../../../../avr/lib/avr5\libm.a(cmpsf2.o)
__fixsfsi                                         c:/program files/microchip/xc8/v2.31/avr/bin/../lib/gcc/avr/5.4.0/../../../../avr/lib/avr5\libm.a(fixsfsi.o)
                                                  vprofiler.o
__fixunssfsi                                      c:/program files/microchip/xc8/v2.31/avr/bin/../lib/gcc/avr/5.4.0/../../../../avr/lib/avr5\libm.a(fixunssfsi.o)
                                                  c:/program files/microchip/xc8/v2.31/avr/bin/../lib/gcc/avr/5.4.0/../../../../avr/lib/avr5\libm.a(fixsfsi.o)
__floatsisf                                       c:/program files/microchip/xc8/v2.31/avr/bin/../lib/gcc/avr/5.4.0/../../../../avr/lib/avr5\libm.a(floatsisf.o)
                                                  vprofiler.o
__floatunsisf                                     c:/program files/microchip/xc8/v2.31/avr/bin/../lib/gcc/avr/5.4.0/../../../../avr/lib/avr5\libm.a(floatsisf.o)
__fp_cmp                                          c:/program files/microchip/xc8/v2.31/avr/bin/../lib/gcc/avr/5.4.0/../../../../avr/lib/avr5\libm.a(fp_cmp.o)
                                                  c:/program files/microchip/xc8/v2.31/avr/bin/../lib/gcc/avr/5.4.0/../../../../avr/lib/avr5\libm.a(gesf2.o)
                                                  c:/program files/microchip/xc8/v2.31/avr/bin/../lib/gcc/avr/5.4.0/../../../../avr/lib/avr5\libm.a(cmpsf2.o)
__fp_inf                                          c:/program files/microchip/xc8/v2.31/avr/bin/../lib/gcc/avr/5.4.0/../../../../avr/lib/avr5\libm.a(fp_inf.o)
                                                  c:/program files/microchip/xc8/v2.31/avr/bin/../lib/gcc/avr/5.4.0/../../../../avr/lib/avr5\libm.a(mulsf3x.o)
                                                  c:/program files/microchip/xc8/v2.31/avr/bin/../lib/gcc/avr/5.4.0/../../../../avr/lib/avr5\libm.a(divsf3x.o)
                                                  c:/program files/microchip/xc8/v2.31/avr/bin/../lib/gcc/avr/5.4.0/../../../../avr/lib/avr5\libm.a(addsf3x.o)
__fp_mpack                                        c:/program files/microchip/xc8/v2.31/avr/bin/../lib/gcc/avr/5.4.0/../../../../avr/lib/avr5\libm.a(fp_mpack.o)
                                                  c:/program files/microchip/xc8/v2.31/avr/bin/../lib/gcc/avr/5.4.0/../../../../avr/lib/avr5\libm.a(sqrt.o)
__fp_mpack_finite                                 c:/program files/microchip/xc8/v2.31/avr/bin/../lib/gcc/avr/5.4.0/../../../../avr/lib/avr5\libm.a(fp_mpack.o)
__fp_nan                                          c:/program files/microchip/xc8/v2.31/avr/bin/../lib/gcc/avr/5.4.0/../../../../avr/lib/avr5\libm.a(fp_nan.o)
                                                  c:/program files/microchip/xc8/v2.31/avr/bin/../lib/gcc/avr/5.4.0/../../../../avr/lib/avr5\libm.a(sqrt.o)
                                                  c:/program files/microchip/xc8/v2.31/avr/bin/../lib/gcc/avr/5.4.0/../../../../avr/lib/avr5\libm.a(mulsf3x.o)
                                                  c:/program files/microchip/xc8/v2.31/avr/bin/../lib/gcc/avr/5.4.0/../../../../avr/lib/avr5\libm.a(divsf3x.o)
                                                  c:/program files/microchip/xc8/v2.31/avr/bin/../lib/gcc/avr/5.4.0/../../../../avr/lib/avr5\libm.a(addsf3x.o)
__fp_norm2                                        c:/program files/microchip/xc8/v2.31/avr/bin/../lib/gcc/avr/5.4.0/../../../../avr/lib/avr5\libm.a(fp_norm2.o)
                                                  c:/program files/microchip/xc8/v2.31/avr/bin/../lib/gcc/avr/5.4.0/../../../../avr/lib/avr5\libm.a(sqrt.o)
__fp_pscA                                         c:/program files/microchip/xc8/v2.31/avr/bin/../lib/gcc/avr/5.4.0/../../../../avr/lib/avr5\libm.a(fp_pscA.o)
                                                  c:/program files/microchip/xc8/v2.31/avr/bin/../lib/gcc/avr/5.4.0/../../../../avr/lib/avr5\libm.a(mulsf3x.o)
                                                  c:/program files/microchip/xc8/v2.31/avr/bin/../lib/gcc/avr/5.4.0/../../../../avr/lib/avr5\libm.a(divsf3x.o)
                                                  c:/program files/microchip/xc8/v2.31/avr/bin/../lib/gcc/avr/5.4.0/../../../../avr/lib/avr5\libm.a(addsf3x.o)
__fp_pscB                                         c:/program files/microchip/xc8/v2.31/avr/bin/../lib/gcc/avr/5.4.0/../../../../avr/lib/avr5\libm.a(fp_pscB.o)
                                                  c:/program files/microchip/xc8/v2.31/avr/bin/../lib/gcc/avr/5.4.0/../../../../avr/lib/avr5\libm.a(mulsf3x.o)
                                                  c:/program files/microchip/xc8/v2.31/avr/bin/../lib/gcc/avr/5.4.0/../../../../avr/lib/avr5\libm.a(divsf3x.o)
                                                  c:/program files/microchip/xc8/v2.31/avr/bin/../lib/gcc/avr/5.4.0/../../../../avr/lib/avr5\libm.a(addsf3x.o)
__fp_round                                        c:/program files/microchip/xc8/v2.31/avr/bin/../lib/gcc/avr/5.4.0/../../../../avr/lib/avr5\libm.a(fp_round.o)
                                                  c:/program files/microchip/xc8/v2.31/avr/bin/../lib/gcc/avr/5.4.0/../../../../avr/lib/avr5\libm.a(mulsf3.o)
                                                  c:/program files/microchip/xc8/v2.31/avr/bin/../lib/gcc/avr/5.4.0/../../../../avr/lib/avr5\libm.a(divsf3.o)
                                                  c:/program files/microchip/xc8/v2.31/avr/bin/../lib/gcc/avr/5.4.0/../../../../avr/lib/avr5\libm.a(addsf3.o)
__fp_split3                                       c:/program files/microchip/xc8/v2.31/avr/bin/../lib/gcc/avr/5.4.0/../../../../avr/lib/avr5\libm.a(fp_split3.o)
                                                  c:/program files/microchip/xc8/v2.31/avr/bin/../lib/gcc/avr/5.4.0/../../../../avr/lib/avr5\libm.a(mulsf3x.o)
                                                  c:/program files/microchip/xc8/v2.31/avr/bin/../lib/gcc/avr/5.4.0/../../../../avr/lib/avr5\libm.a(divsf3x.o)
                                                  c:/program files/microchip/xc8/v2.31/avr/bin/../lib/gcc/avr/5.4.0/../../../../avr/lib/avr5\libm.a(addsf3x.o)
__fp_splitA                                       c:/program files/microchip/xc8/v2.31/avr/bin/../lib/gcc/avr/5.4.0/../../../../avr/lib/avr5\libm.a(fp_split3.o)
                                                  c:/program files/microchip/xc8/v2.31/avr/bin/../lib/gcc/avr/5.4.0/../../../../avr/lib/avr5\libm.a(sqrt.o)
                                                  c:/program files/microchip/xc8/v2.31/avr/bin/../lib/gcc/avr/5.4.0/../../../../avr/lib/avr5\libm.a(fixunssfsi.o)
__fp_szero                                        c:/program files/microchip/xc8/v2.31/avr/bin/../lib/gcc/avr/5.4.0/../../../../avr/lib/avr5\libm.a(fp_zero.o)
                                                  c:/program files/microchip/xc8/v2.31/avr/bin/../lib/gcc/avr/5.4.0/../../../../avr/lib/avr5\libm.a(mulsf3x.o)
                                                  c:/program files/microchip/xc8/v2.31/avr/bin/../lib/gcc/avr/5.4.0/../../../../avr/lib/avr5\libm.a(fixsfsi.o)
                                                  c:/program files/microchip/xc8/v2.31/avr/bin/../lib/gcc/avr/5.4.0/../../../../avr/lib/avr5\libm.a(divsf3x.o)
__fp_zero                                         c:/program files/microchip/xc8/v2.31/avr/bin/../lib/gcc/avr/5.4.0/../../../../avr/lib/avr5\libm.a(fp_zero.o)
                                                  c:/program files/microchip/xc8/v2.31/avr/bin/../lib/gcc/avr/5.4.0/../../../../avr/lib/avr5\libm.a(fixunssfsi.o)
                                                  c:/program files/microchip/xc8/v2.31/avr/bin/../lib/gcc/avr/5.4.0/../../../../avr/lib/avr5\libm.a(addsf3x.o)
__fru_data                                        config.o
                                                  node.o
__gesf2                                           c:/program files/microchip/xc8/v2.31/avr/bin/../lib/gcc/avr/5.4.0/../../../../avr/lib/avr5\libm.a(gesf2.o)
                                                  vprofiler.o
__gtsf2                                           c:/program files/microchip/xc8/v2.31/avr/bin/../lib/gcc/avr/5.4.0/../../../../avr/lib/avr5\libm.a(gesf2.o)
__heap_end                                        c:/program files/microchip/xc8/v2.31/avr/bin/../lib/gcc/avr/5.4.0/../../../../avr/lib/avr5/crtatmega328p.o
__heap_start                                      userver.elf