Archive member included to satisfy reference by file (symbol)

/usr/lib/gcc/avr/5.4.0/avr5/libgcc.a(_divmodsi4.o)
                              vprofiler.o (__divmodsi4)
/usr/lib/gcc/avr/5.4.0/avr5/libgcc.a(_negsi2.o)
                              /usr/lib/gcc/avr/5.4.0/avr5/libgcc.a(_divmodsi4.o) (__negsi2)
/usr/lib/gcc/avr/5.4.0/avr5/libgcc.a(_exit.o)
                              /usr/lib/gcc/avr/5.4.0/../../../avr/lib/avr5/crtatmega328p.o (exit)
/usr/lib/gcc/avr/5.4.0/avr5/libgcc.a(_tablejump2.o)
                              node.o (__tablejump2__)
/usr/lib/gcc/avr/5.4.0/avr5/libgcc.a(_copy_data.o)
                              node.o (__do_copy_data)
/usr/lib/gcc/avr/5.4.0/avr5/libgcc.a(_clear_bss.o)
                              node.o (__do_clear_bss)
/usr/lib/gcc/avr/5.4.0/avr5/libgcc.a(_udivmodsi4.o)
                              /usr/lib/gcc/avr/5.4.0/avr5/libgcc.a(_divmodsi4.o) (__udivmodsi4)
/usr/lib/gcc/avr/5.4.0/../../../avr/lib/avr5/libm.a(addsf3.o)
                              vprofiler.o (__subsf3)
/usr/lib/gcc/avr/5.4.0/../../../avr/lib/avr5/libm.a(addsf3x.o)
                              /usr/lib/gcc/avr/5.4.0/../../../avr/lib/avr5/libm.a(addsf3.o) (__addsf3x)
/usr/lib/gcc/avr/5.4.0/../../../avr/lib/avr5/libm.a(divsf3.o)
                              vprofiler.o (__divsf3)
/usr/lib/gcc/avr/5.4.0/../../../avr/lib/avr5/libm.a(divsf3x.o)
                              /usr/lib/gcc/avr/5.4.0/../../../avr/lib/avr5/libm.a(divsf3.o) (__divsf3x)
/usr/lib/gcc/avr/5.4.0/../../../avr/lib/avr5/libm.a(fixsfsi.o)
                              vprofiler.o (__fixsfsi)
/usr/lib/gcc/avr/5.4.0/../../../avr/lib/avr5/libm.a(fixunssfsi.o)
                              /usr/lib/gcc/avr/5.4.0/../../../avr/lib/avr5/libm.a(fixsfsi.o) (__fixunssfsi)
/usr/lib/gcc/avr/5.4.0/../../../avr/lib/avr5/libm.a(floatsisf.o)
                              vprofiler.o (__floatsisf)
/usr/lib/gcc/avr/5.4.0/../../../avr/lib/avr5/libm.a(fp_inf.o)
                              /usr/lib/gcc/avr/5.4.0/../../../avr/lib/avr5/libm.a(addsf3x.o) (__fp_inf)
/usr/lib/gcc/avr/5.4.0/../../../avr/lib/avr5/libm.a(fp_nan.o)
                              /usr/lib/gcc/avr/5.4.0/../../../avr/lib/avr5/libm.a(addsf3x.o) (__fp_nan)
/usr/lib/gcc/avr/5.4.0/../../../avr/lib/avr5/libm.a(fp_pscA.o)
                              /usr/lib/gcc/avr/5.4.0/../../../avr/lib/avr5/libm.a(addsf3x.o) (__fp_pscA)
/usr/lib/gcc/avr/5.4.0/../../../avr/lib/avr5/libm.a(fp_pscB.o)
                              /usr/lib/gcc/avr/5.4.0/../../../avr/lib/avr5/libm.a(addsf3x.o) (__fp_pscB)
/usr/lib/gcc/avr/5.4.0/../../../avr/lib/avr5/libm.a(fp_round.o)
                              /usr/lib/gcc/avr/5.4.0/../../../avr/lib/avr5/libm.a(addsf3.o) (__fp_round)
/usr/lib/gcc/avr/5.4.0/../../../avr/lib/avr5/libm.a(fp_split3.o)
                              /usr/lib/gcc/avr/5.4.0/../../../avr/lib/avr5/libm.a(addsf3x.o) (__fp_split3)
/usr/lib/gcc/avr/5.4.0/../../../avr/lib/avr5/libm.a(fp_zero.o)
                              /usr/lib/gcc/avr/5.4.0/../../../avr/lib/avr5/libm.a(addsf3x.o) (__fp_zero)
/usr/lib/gcc/avr/5.4.0/../../../avr/lib/avr5/libm.a(gesf2.o)
                              vprofiler.o (__gesf2)
/usr/lib/gcc/avr/5.4.0/../../../avr/lib/avr5/libm.a(mulsf3.o)
                              vprofiler.o (__mulsf3)
/usr/lib/gcc/avr/5.4.0/../../../avr/lib/avr5/libm.a(mulsf3x.o)
                              /usr/lib/gcc/avr/5.4.0/../../../avr/lib/avr5/libm.a(mulsf3.o) (__mulsf3x)
/usr/lib/gcc/avr/5.4.0/../../../avr/lib/avr5/libm.a(sqrt.o)
                              vprofiler.o (sqrt)
/usr/lib/gcc/avr/5.4.0/../../../avr/lib/avr5/libm.a(fp_cmp.o)
                              /usr/lib/gcc/avr/5.4.0/../../../avr/lib/avr5/libm.a(gesf2.o) (__fp_cmp)
/usr/lib/gcc/avr/5.4.0/../../../avr/lib/avr5/libm.a(fp_mpack.o)
                              /usr/lib/gcc/avr/5.4.0/../../../avr/lib/avr5/libm.a(sqrt.o) (__fp_mpack)
/usr/lib/gcc/avr/5.4.0/../../../avr/lib/avr5/libm.a(fp_norm2.o)
                              /usr/lib/gcc/avr/5.4.0/../../../avr/lib/avr5/libm.a(sqrt.o) (__fp_norm2)

Allocating common symbols
Common symbol       size              file

mctp_context        0x88              mctp.o
tid                 0x1               node.o
current_velocity    0x4               vprofiler.o
step_dir_out1_step_rawdata
                    0x2               channels.o
digital_in1_rawdata
                    0x1               channels.o
interlock_in_rawdata
                    0x1               channels.o
trigger_in_rawdata  0x1               channels.o
requested_kffa      0x4               control_servo.o
setp_dir_out1_dir_rawdata
                    0x1               channels.o
digital_in2_rawdata
                    0x1               channels.o

Memory Configuration

Name             Origin             Length             Attributes
text             0x0000000000000000 0x0000000000020000 xr
data             0x0000000000800060 0x000000000000ffa0 rw !x
eeprom           0x0000000000810000 0x0000000000010000 rw !x
fuse             0x0000000000820000 0x0000000000000003 rw !x
lock             0x0000000000830000 0x0000000000000400 rw !x
signature        0x0000000000840000 0x0000000000000400 rw !x
user_signatures  0x0000000000850000 0x0000000000000400 rw !x
*default*        0x0000000000000000 0xffffffffffffffff

Linker script and memory map

Address of section .data set to 0x800100
LOAD /usr/lib/gcc/avr/5.4.0/../../../avr/lib/avr5/crtatmega328p.o
LOAD main.o
LOAD simulavr_info.o
LOAD node.o
LOAD pdr_data.o
LOAD vprofiler.o
LOAD control_servo.o
LOAD timer1.o
LOAD channels.o
LOAD entityStepper1.o
LOAD NumericEffecter.o
LOAD StateEffecter.o
LOAD StateSensor.o
LOAD NumericSensor.o
LOAD EventGenerator.o
LOAD mctp.o
LOAD uart.o
LOAD crc8.o
LOAD fcs.o
LOAD /usr/lib/gcc/avr/5.4.0/avr5/libgcc.a
LOAD /usr/lib/gcc/avr/5.4.0/../../../avr/lib/avr5/libm.a
START GROUP
LOAD /usr/lib/gcc/avr/5.4.0/avr5/libgcc.a
LOAD /usr/lib/gcc/avr/5.4.0/../../../avr/lib/avr5/libm.a
LOAD /usr/lib/gcc/avr/5.4.0/../../../avr/lib/avr5/libc.a
LOAD /usr/lib/gcc/avr/5.4.0/../../../avr/lib/avr5/libatmega328p.a
END GROUP
                0x0000000000000000                __TEXT_REGION_ORIGIN__ = DEFINED (__TEXT_REGION_ORIGIN__)?__TEXT_REGION_ORIGIN__:0x0
                0x0000000000800060                __DATA_REGION_ORIGIN__ = DEFINED (__DATA_REGION_ORIGIN__)?__DATA_REGION_ORIGIN__:0x800060
                0x0000000000020000                __TEXT_REGION_LENGTH__ = DEFINED (__TEXT_REGION_LENGTH__)?__TEXT_REGION_LENGTH__:0x20000
                0x000000000000ffa0                __DATA_REGION_LENGTH__ = DEFINED (__DATA_REGION_LENGTH__)?__DATA_REGION_LENGTH__:0xffa0
                0x0000000000010000                __EEPROM_REGION_LENGTH__ = DEFINED (__EEPROM_REGION_LENGTH__)?__EEPROM_REGION_LENGTH__:0x10000
                [0x0000000000000003]                __FUSE_REGION_LENGTH__ = DEFINED (__FUSE_REGION_LENGTH__)?__FUSE_REGION_LENGTH__:0x400
                0x0000000000000400                __LOCK_REGION_LENGTH__ = DEFINED (__LOCK_REGION_LENGTH__)?__LOCK_REGION_LENGTH__:0x400
                0x0000000000000400                __SIGNATURE_REGION_LENGTH__ = DEFINED (__SIGNATURE_REGION_LENGTH__)?__SIGNATURE_REGION_LENGTH__:0x400
                0x0000000000000400                __USER_SIGNATURE_REGION_LENGTH__ = DEFINED (__USER_SIGNATURE_REGION_LENGTH__)?__USER_SIGNATURE_REGION_LENGTH__:0x400

.hash
 *(.hash)

.dynsym
 *(.dynsym)

.dynstr
 *(.dynstr)

.gnu.version
 *(.gnu.version)

.gnu.version_d
 *(.gnu.version_d)

.gnu.version_r
 *(.gnu.version_r)

.rel.init
 *(.rel.init)

.rela.init
 *(.rela.init)

.rel.text
 *(.rel.text)
 *(.rel.text.*)
 *(.rel.gnu.linkonce.t*)

.rela.text
 *(.rela.text)
 *(.rela.text.*)
 *(.rela.gnu.linkonce.t*)

.rel.fini
 *(.rel.fini)

.rela.fini
 *(.rela.fini)

.rel.rodata
 *(.rel.rodata)
 *(.rel.rodata.*)
 *(.rel.gnu.linkonce.r*)

.rela.rodata
 *(.rela.rodata)
 *(.rela.rodata.*)
 *(.rela.gnu.linkonce.r*)

.rel.data
 *(.rel.data)
 *(.rel.data.*)
 *(.rel.gnu.linkonce.d*)

.rela.data
 *(.rela.data)
 *(.rela.data.*)
 *(.rela.gnu.linkonce.d*)

.rel.ctors
 *(.rel.ctors)

.rela.ctors
 *(.rela.ctors)

.rel.dtors
 *(.rel.dtors)

.rela.dtors
 *(.rela.dtors)

.rel.got
 *(.rel.got)

.rela.got
 *(.rela.got)

.rel.bss
 *(.rel.bss)

.rela.bss
 *(.rela.bss)

.rel.plt
 *(.rel.plt)

.rela.plt
 *(.rela.plt)

.text           0x0000000000000000     0x755c
 *(.vectors)
 .vectors       0x0000000000000000       0x68 /usr/lib/gcc/avr/5.4.0/../../../avr/lib/avr5/crtatmega328p.o
                0x0000000000000000                __vectors
                0x0000000000000000                __vector_default
 *(.vectors)
 *(.progmem.gcc*)
 .progmem.gcc_sw_table
                0x0000000000000068       0xa2 node.o
 .progmem.gcc_sw_table
                0x000000000000010a       0x1c mctp.o
                0x0000000000000126                . = ALIGN (0x2)
                0x0000000000000126                __trampolines_start = .
 *(.trampolines)
 .trampolines   0x0000000000000126        0x0 linker stubs
 *(.trampolines*)
                0x0000000000000126                __trampolines_end = .
 *libprintf_flt.a:*(.progmem.data)
 *libc.a:*(.progmem.data)
 *(.progmem*)
 .progmem.data  0x0000000000000126      0x5c4 pdr_data.o
                0x0000000000000126                __pdr_data
                0x00000000000006ea                . = ALIGN (0x2)
 *(.jumptables)
 *(.jumptables*)
 *(.lowtext)
 *(.lowtext*)
                0x00000000000006ea                __ctors_start = .
 *(.ctors)
                0x00000000000006ea                __ctors_end = .
                0x00000000000006ea                __dtors_start = .
 *(.dtors)
                0x00000000000006ea                __dtors_end = .
 SORT(*)(.ctors)
 SORT(*)(.dtors)
 *(.init0)
 .init0         0x00000000000006ea        0x0 /usr/lib/gcc/avr/5.4.0/../../../avr/lib/avr5/crtatmega328p.o
                0x00000000000006ea                __init
 *(.init0)
 *(.init1)
 *(.init1)
 *(.init2)
 .init2         0x00000000000006ea        0xc /usr/lib/gcc/avr/5.4.0/../../../avr/lib/avr5/crtatmega328p.o
 *(.init2)
 *(.init3)
 *(.init3)
 *(.init4)
 .init4         0x00000000000006f6       0x16 /usr/lib/gcc/avr/5.4.0/avr5/libgcc.a(_copy_data.o)
                0x00000000000006f6                __do_copy_data
 .init4         0x000000000000070c       0x10 /usr/lib/gcc/avr/5.4.0/avr5/libgcc.a(_clear_bss.o)
                0x000000000000070c                __do_clear_bss
 *(.init4)
 *(.init5)
 *(.init5)
 *(.init6)
 *(.init6)
 *(.init7)
 *(.init7)
 *(.init8)
 *(.init8)
 *(.init9)
 .init9         0x000000000000071c        0x8 /usr/lib/gcc/avr/5.4.0/../../../avr/lib/avr5/crtatmega328p.o
 *(.init9)
 *(.text)
 .text          0x0000000000000724        0x4 /usr/lib/gcc/avr/5.4.0/../../../avr/lib/avr5/crtatmega328p.o
                0x0000000000000724                __vector_22
                0x0000000000000724                __vector_1
                0x0000000000000724                __vector_24
                0x0000000000000724                __vector_12
                0x0000000000000724                __bad_interrupt
                0x0000000000000724                __vector_6
                0x0000000000000724                __vector_3
                0x0000000000000724                __vector_23
                0x0000000000000724                __vector_25
                0x0000000000000724                __vector_11
                0x0000000000000724                __vector_17
                0x0000000000000724                __vector_7
                0x0000000000000724                __vector_5
                0x0000000000000724                __vector_4
                0x0000000000000724                __vector_9
                0x0000000000000724                __vector_2
                0x0000000000000724                __vector_21
                0x0000000000000724                __vector_15
                0x0000000000000724                __vector_8
                0x0000000000000724                __vector_14
                0x0000000000000724                __vector_10
                0x0000000000000724                __vector_16
                0x0000000000000724                __vector_20
 .text          0x0000000000000728       0xc2 main.o
                0x0000000000000728                step_dir_out1_init
                0x0000000000000738                main
 .text          0x00000000000007ea        0x0 simulavr_info.o
 .text          0x00000000000007ea     0x196e node.o
                0x0000000000000894                node_init
                0x0000000000001d02                setTid
                0x0000000000001d66                getTid
                0x0000000000001f56                node_putCommand
                0x0000000000001fac                node_getResponse
                0x0000000000001fd4                node_sendNumericSensorEvent
                0x0000000000002080                node_sendStateSensorEvent
                0x00000000000020fe                node_sendHeartbeatEvent
 .text          0x0000000000002158        0x0 pdr_data.o
 .text          0x0000000000002158     0x241c vprofiler.o
                0x0000000000002158                vprofiler_setParameters
                0x0000000000002500                vprofiler_start
                0x0000000000003ec4                vprofiler_stop
                0x0000000000003eda                vprofiler_update
                0x000000000000455a                vprofiler_isDone
 .text          0x0000000000004574      0x32e control_servo.o
                0x0000000000004574                control_setState
                0x00000000000045b8                control_update
                0x0000000000004890                control_getState
 .text          0x00000000000048a2      0x308 timer1.o
                0x00000000000048a2                __vector_13
                0x0000000000004a1a                timer1_init
                0x0000000000004ad6                delay_set
                0x0000000000004b26                delay_isDone
 .text          0x0000000000004baa      0x362 channels.o
                0x0000000000004baa                digital_in1_init
                0x0000000000004bde                digital_in1_sample
                0x0000000000004c02                digital_in1_getRawData
                0x0000000000004c14                digital_in2_init
                0x0000000000004c48                digital_in2_sample
                0x0000000000004c6c                digital_in2_getRawData
                0x0000000000004c7e                interlock_in_init
                0x0000000000004cb2                interlock_in_sample
                0x0000000000004cd4                interlock_in_getRawData
                0x0000000000004ce6                interlock_out_init
                0x0000000000004d1a                interlock_out_setOutput
                0x0000000000004d5c                interlock_out_enable
                0x0000000000004d7e                interlock_out_disable
                0x0000000000004db2                trigger_in_init
                0x0000000000004de6                trigger_in_sample
                0x0000000000004e0a                trigger_in_getRawData
                0x0000000000004e1c                trigger_out_init
                0x0000000000004e50                trigger_out_setOutput
                0x0000000000004e8a                trigger_out_enable
                0x0000000000004eac                trigger_out_disable
                0x0000000000004ee0                channels_init
 .text          0x0000000000004f0c      0x2b4 entityStepper1.o
                0x000000000000501c                entityStepper1_init
                0x00000000000051a0                entityStepper1_readChannels
 .text          0x00000000000051c0      0x10c NumericEffecter.o
                0x00000000000051c0                numericeffecter_init
                0x00000000000051e4                numericeffecter_setValue
                0x0000000000005236                numericeffecter_getValue
                0x0000000000005260                numericeffecter_setOperationalState
                0x00000000000052ac                numericeffecter_getOperationalState
 .text          0x00000000000052cc      0x144 StateEffecter.o
                0x00000000000052cc                stateeffecter_init
                0x00000000000052f8                stateeffecter_getOutput
                0x000000000000532a                stateeffecter_setOperationalState
                0x0000000000005376                stateeffecter_setPresentState
                0x00000000000053c0                stateeffecter_getOperationalState
                0x00000000000053e0                stateeffecter_getPresentState
 .text          0x0000000000005410      0x2a8 StateSensor.o
                0x0000000000005410                statesensor_init
                0x0000000000005462                statesensor_setValue
                0x000000000000548c                statesensor_updateSensorState
                0x0000000000005534                statesensor_sensorRearm
                0x000000000000557c                statesensor_isTriggered
                0x00000000000055a4                statesensor_setOperationalState
                0x00000000000055f0                statesensor_setPresentState
                0x0000000000005610                statesensor_getOperationalState
                0x0000000000005630                statesensor_getPresentState
                0x0000000000005678                statesensor_getEventState
                0x0000000000005698                statesensor_getSensorPreviousState
 .text          0x00000000000056b8      0xb26 NumericSensor.o
                0x00000000000056b8                numericsensor_init
                0x000000000000570a                numericsensor_setValue
                0x0000000000005984                numericsensor_updateSensorState
                0x0000000000005a2c                numericsensor_sensorRearm
                0x0000000000005a74                numericsensor_isTriggered
                0x0000000000005a9c                numericsensor_setOperationalState
                0x0000000000005ae8                numericsensor_setPresentState
                0x0000000000005b08                numericsensor_getOperationalState
                0x0000000000005b28                numericsensor_getPresentState
                0x0000000000005cba                numericsensor_getEventState
                0x0000000000005cda                numericsensor_getSensorPreviousState
                0x0000000000005cfa                numericsensor_getWarningHighThreshold
                0x0000000000005d24                numericsensor_getCriticalHighThreshold
                0x0000000000005d4e                numericsensor_getFatalHighThreshold
                0x0000000000005d78                numericsensor_getWarningLowThreshold
                0x0000000000005da2                numericsensor_getCriticalLowThreshold
                0x0000000000005dcc                numericsensor_getFatalLowThreshold
                0x0000000000005df6                numericsensor_setThresholds
 .text          0x00000000000061de      0x2a0 EventGenerator.o
                0x00000000000061de                eventgenerator_init
                0x000000000000622c                eventgenerator_setEventOccuredFn
                0x000000000000625e                eventgenerator_setSendEventFn
                0x0000000000006290                eventgenerator_isEventPending
                0x00000000000062b8                eventgenerator_isEventSending
                0x00000000000062f2                eventgenerator_isEnabled
                0x000000000000631a                eventgenerator_setEnableAsyncEvents
                0x0000000000006366                eventgenerator_startSending
                0x00000000000063a6                eventgenerator_updateEventStateMachine
 .text          0x000000000000647e      0x6d4 mctp.o
                0x000000000000647e                mctp_init
                0x000000000000649a                mctp_sendNoWait
                0x00000000000064e0                mctp_isPacketAvailable
                0x00000000000064fc                mctp_getPacket
                0x0000000000006578                mctp_updateRxFSM
                0x000000000000692c                mctp_transmitFrameStart
                0x0000000000006a42                mctp_transmitFrameData
                0x0000000000006b02                mctp_transmitFrameEnd
                0x0000000000006b34                mctp_close
 .text          0x0000000000006b52      0x35a uart.o
                0x0000000000006b52                __vector_18
                0x0000000000006be6                __vector_19
                0x0000000000006c84                uart_init
                0x0000000000006cd0                uart_isConnected
                0x0000000000006ce0                uart_flush
                0x0000000000006cf8                uart_readCh
                0x0000000000006d5c                uart_writeCh
                0x0000000000006e1a                uart_writeBuffer
                0x0000000000006e7e                uart_rx_isempty
                0x0000000000006e9c                uart_close
 .text          0x0000000000006eac       0x74 crc8.o
                0x0000000000006eac                calc_new_crc8
 .text          0x0000000000006f20       0x82 fcs.o
                0x0000000000006f20                fcs_calcFcs
 .text          0x0000000000006fa2        0x0 /usr/lib/gcc/avr/5.4.0/avr5/libgcc.a(_divmodsi4.o)
 .text          0x0000000000006fa2        0x0 /usr/lib/gcc/avr/5.4.0/avr5/libgcc.a(_negsi2.o)
 .text          0x0000000000006fa2        0x0 /usr/lib/gcc/avr/5.4.0/avr5/libgcc.a(_exit.o)
 .text          0x0000000000006fa2        0x0 /usr/lib/gcc/avr/5.4.0/avr5/libgcc.a(_tablejump2.o)
 .text          0x0000000000006fa2        0x0 /usr/lib/gcc/avr/5.4.0/avr5/libgcc.a(_copy_data.o)
 .text          0x0000000000006fa2        0x0 /usr/lib/gcc/avr/5.4.0/avr5/libgcc.a(_clear_bss.o)
 .text          0x0000000000006fa2        0x0 /usr/lib/gcc/avr/5.4.0/avr5/libgcc.a(_udivmodsi4.o)
 .text          0x0000000000006fa2        0x0 /usr/lib/gcc/avr/5.4.0/../../../avr/lib/avr5/libm.a(addsf3.o)
 .text          0x0000000000006fa2        0x0 /usr/lib/gcc/avr/5.4.0/../../../avr/lib/avr5/libm.a(addsf3x.o)
 .text          0x0000000000006fa2        0x0 /usr/lib/gcc/avr/5.4.0/../../../avr/lib/avr5/libm.a(divsf3.o)
 .text          0x0000000000006fa2        0x0 /usr/lib/gcc/avr/5.4.0/../../../avr/lib/avr5/libm.a(divsf3x.o)
 .text          0x0000000000006fa2        0x0 /usr/lib/gcc/avr/5.4.0/../../../avr/lib/avr5/libm.a(fixsfsi.o)
 .text          0x0000000000006fa2        0x0 /usr/lib/gcc/avr/5.4.0/../../../avr/lib/avr5/libm.a(fixunssfsi.o)
 .text          0x0000000000006fa2        0x0 /usr/lib/gcc/avr/5.4.0/../../../avr/lib/avr5/libm.a(floatsisf.o)
 .text          0x0000000000006fa2        0x0 /usr/lib/gcc/avr/5.4.0/../../../avr/lib/avr5/libm.a(fp_inf.o)
 .text          0x0000000000006fa2        0x0 /usr/lib/gcc/avr/5.4.0/../../../avr/lib/avr5/libm.a(fp_nan.o)
 .text          0x0000000000006fa2        0x0 /usr/lib/gcc/avr/5.4.0/../../../avr/lib/avr5/libm.a(fp_pscA.o)
 .text          0x0000000000006fa2        0x0 /usr/lib/gcc/avr/5.4.0/../../../avr/lib/avr5/libm.a(fp_pscB.o)
 .text          0x0000000000006fa2        0x0 /usr/lib/gcc/avr/5.4.0/../../../avr/lib/avr5/libm.a(fp_round.o)
 .text          0x0000000000006fa2        0x0 /usr/lib/gcc/avr/5.4.0/../../../avr/lib/avr5/libm.a(fp_split3.o)
 .text          0x0000000000006fa2        0x0 /usr/lib/gcc/avr/5.4.0/../../../avr/lib/avr5/libm.a(fp_zero.o)
 .text          0x0000000000006fa2        0x0 /usr/lib/gcc/avr/5.4.0/../../../avr/lib/avr5/libm.a(gesf2.o)
 .text          0x0000000000006fa2        0x0 /usr/lib/gcc/avr/5.4.0/../../../avr/lib/avr5/libm.a(mulsf3.o)
 .text          0x0000000000006fa2        0x0 /usr/lib/gcc/avr/5.4.0/../../../avr/lib/avr5/libm.a(mulsf3x.o)
 .text          0x0000000000006fa2        0x0 /usr/lib/gcc/avr/5.4.0/../../../avr/lib/avr5/libm.a(sqrt.o)
 .text          0x0000000000006fa2        0x0 /usr/lib/gcc/avr/5.4.0/../../../avr/lib/avr5/libm.a(fp_cmp.o)
 .text          0x0000000000006fa2        0x0 /usr/lib/gcc/avr/5.4.0/../../../avr/lib/avr5/libm.a(fp_mpack.o)
 .text          0x0000000000006fa2        0x0 /usr/lib/gcc/avr/5.4.0/../../../avr/lib/avr5/libm.a(fp_norm2.o)
                0x0000000000006fa2                . = ALIGN (0x2)
 *(.text.*)
 .text.libgcc.mul
                0x0000000000006fa2        0x0 /usr/lib/gcc/avr/5.4.0/avr5/libgcc.a(_divmodsi4.o)
 .text.libgcc.div
                0x0000000000006fa2       0x2e /usr/lib/gcc/avr/5.4.0/avr5/libgcc.a(_divmodsi4.o)
                0x0000000000006fa2                __divmodsi4
 .text.libgcc   0x0000000000006fd0        0x0 /usr/lib/gcc/avr/5.4.0/avr5/libgcc.a(_divmodsi4.o)
 .text.libgcc.prologue
                0x0000000000006fd0        0x0 /usr/lib/gcc/avr/5.4.0/avr5/libgcc.a(_divmodsi4.o)
 .text.libgcc.builtins
                0x0000000000006fd0        0x0 /usr/lib/gcc/avr/5.4.0/avr5/libgcc.a(_divmodsi4.o)
 .text.libgcc.fmul
                0x0000000000006fd0        0x0 /usr/lib/gcc/avr/5.4.0/avr5/libgcc.a(_divmodsi4.o)
 .text.libgcc.fixed
                0x0000000000006fd0        0x0 /usr/lib/gcc/avr/5.4.0/avr5/libgcc.a(_divmodsi4.o)
 .text.libgcc.mul
                0x0000000000006fd0        0x0 /usr/lib/gcc/avr/5.4.0/avr5/libgcc.a(_negsi2.o)
 .text.libgcc.div
                0x0000000000006fd0       0x10 /usr/lib/gcc/avr/5.4.0/avr5/libgcc.a(_negsi2.o)
                0x0000000000006fd0                __negsi2
 .text.libgcc   0x0000000000006fe0        0x0 /usr/lib/gcc/avr/5.4.0/avr5/libgcc.a(_negsi2.o)
 .text.libgcc.prologue
                0x0000000000006fe0        0x0 /usr/lib/gcc/avr/5.4.0/avr5/libgcc.a(_negsi2.o)
 .text.libgcc.builtins
                0x0000000000006fe0        0x0 /usr/lib/gcc/avr/5.4.0/avr5/libgcc.a(_negsi2.o)
 .text.libgcc.fmul
                0x0000000000006fe0        0x0 /usr/lib/gcc/avr/5.4.0/avr5/libgcc.a(_negsi2.o)
 .text.libgcc.fixed
                0x0000000000006fe0        0x0 /usr/lib/gcc/avr/5.4.0/avr5/libgcc.a(_negsi2.o)
 .text.libgcc.mul
                0x0000000000006fe0        0x0 /usr/lib/gcc/avr/5.4.0/avr5/libgcc.a(_exit.o)
 .text.libgcc.div
                0x0000000000006fe0        0x0 /usr/lib/gcc/avr/5.4.0/avr5/libgcc.a(_exit.o)
 .text.libgcc   0x0000000000006fe0        0x0 /usr/lib/gcc/avr/5.4.0/avr5/libgcc.a(_exit.o)
 .text.libgcc.prologue
                0x0000000000006fe0        0x0 /usr/lib/gcc/avr/5.4.0/avr5/libgcc.a(_exit.o)
 .text.libgcc.builtins
                0x0000000000006fe0        0x0 /usr/lib/gcc/avr/5.4.0/avr5/libgcc.a(_exit.o)
 .text.libgcc.fmul
                0x0000000000006fe0        0x0 /usr/lib/gcc/avr/5.4.0/avr5/libgcc.a(_exit.o)
 .text.libgcc.fixed
                0x0000000000006fe0        0x0 /usr/lib/gcc/avr/5.4.0/avr5/libgcc.a(_exit.o)
 .text.libgcc.mul
                0x0000000000006fe0        0x0 /usr/lib/gcc/avr/5.4.0/avr5/libgcc.a(_tablejump2.o)
 .text.libgcc.div
                0x0000000000006fe0        0x0 /usr/lib/gcc/avr/5.4.0/avr5/libgcc.a(_tablejump2.o)
 .text.libgcc   0x0000000000006fe0        0xc /usr/lib/gcc/avr/5.4.0/avr5/libgcc.a(_tablejump2.o)
                0x0000000000006fe0                __tablejump2__
 .text.libgcc.prologue
                0x0000000000006fec        0x0 /usr/lib/gcc/avr/5.4.0/avr5/libgcc.a(_tablejump2.o)
 .text.libgcc.builtins
                0x0000000000006fec        0x0 /usr/lib/gcc/avr/5.4.0/avr5/libgcc.a(_tablejump2.o)
 .text.libgcc.fmul
                0x0000000000006fec        0x0 /usr/lib/gcc/avr/5.4.0/avr5/libgcc.a(_tablejump2.o)
 .text.libgcc.fixed
                0x0000000000006fec        0x0 /usr/lib/gcc/avr/5.4.0/avr5/libgcc.a(_tablejump2.o)
 .text.libgcc.mul
                0x0000000000006fec        0x0 /usr/lib/gcc/avr/5.4.0/avr5/libgcc.a(_copy_data.o)
 .text.libgcc.div
                0x0000000000006fec        0x0 /usr/lib/gcc/avr/5.4.0/avr5/libgcc.a(_copy_data.o)
 .text.libgcc   0x0000000000006fec        0x0 /usr/lib/gcc/avr/5.4.0/avr5/libgcc.a(_copy_data.o)
 .text.libgcc.prologue
                0x0000000000006fec        0x0 /usr/lib/gcc/avr/5.4.0/avr5/libgcc.a(_copy_data.o)
 .text.libgcc.builtins
                0x0000000000006fec        0x0 /usr/lib/gcc/avr/5.4.0/avr5/libgcc.a(_copy_data.o)
 .text.libgcc.fmul
                0x0000000000006fec        0x0 /usr/lib/gcc/avr/5.4.0/avr5/libgcc.a(_copy_data.o)
 .text.libgcc.fixed
                0x0000000000006fec        0x0 /usr/lib/gcc/avr/5.4.0/avr5/libgcc.a(_copy_data.o)
 .text.libgcc.mul
                0x0000000000006fec        0x0 /usr/lib/gcc/avr/5.4.0/avr5/libgcc.a(_clear_bss.o)
 .text.libgcc.div
                0x0000000000006fec        0x0 /usr/lib/gcc/avr/5.4.0/avr5/libgcc.a(_clear_bss.o)
 .text.libgcc   0x0000000000006fec        0x0 /usr/lib/gcc/avr/5.4.0/avr5/libgcc.a(_clear_bss.o)
 .text.libgcc.prologue
                0x0000000000006fec        0x0 /usr/lib/gcc/avr/5.4.0/avr5/libgcc.a(_clear_bss.o)
 .text.libgcc.builtins
                0x0000000000006fec        0x0 /usr/lib/gcc/avr/5.4.0/avr5/libgcc.a(_clear_bss.o)
 .text.libgcc.fmul
                0x0000000000006fec        0x0 /usr/lib/gcc/avr/5.4.0/avr5/libgcc.a(_clear_bss.o)
 .text.libgcc.fixed
                0x0000000000006fec        0x0 /usr/lib/gcc/avr/5.4.0/avr5/libgcc.a(_clear_bss.o)
 .text.libgcc.mul
                0x0000000000006fec        0x0 /usr/lib/gcc/avr/5.4.0/avr5/libgcc.a(_udivmodsi4.o)
 .text.libgcc.div
                0x0000000000006fec       0x44 /usr/lib/gcc/avr/5.4.0/avr5/libgcc.a(_udivmodsi4.o)
                0x0000000000006fec                __udivmodsi4
 .text.libgcc   0x0000000000007030        0x0 /usr/lib/gcc/avr/5.4.0/avr5/libgcc.a(_udivmodsi4.o)
 .text.libgcc.prologue
                0x0000000000007030        0x0 /usr/lib/gcc/avr/5.4.0/avr5/libgcc.a(_udivmodsi4.o)
 .text.libgcc.builtins
                0x0000000000007030        0x0 /usr/lib/gcc/avr/5.4.0/avr5/libgcc.a(_udivmodsi4.o)
 .text.libgcc.fmul
                0x0000000000007030        0x0 /usr/lib/gcc/avr/5.4.0/avr5/libgcc.a(_udivmodsi4.o)
 .text.libgcc.fixed
                0x0000000000007030        0x0 /usr/lib/gcc/avr/5.4.0/avr5/libgcc.a(_udivmodsi4.o)
 .text.avr-libc.fplib
                0x0000000000007030        0xe /usr/lib/gcc/avr/5.4.0/../../../avr/lib/avr5/libm.a(addsf3.o)
                0x0000000000007030                __subsf3
                0x0000000000007032                __addsf3
 .text.avr-libc.fplib
                0x000000000000703e       0xcc /usr/lib/gcc/avr/5.4.0/../../../avr/lib/avr5/libm.a(addsf3x.o)
                0x0000000000007060                __addsf3x
 .text.avr-libc.fplib
                0x000000000000710a        0x8 /usr/lib/gcc/avr/5.4.0/../../../avr/lib/avr5/libm.a(divsf3.o)
                0x000000000000710a                __divsf3
 .text.avr-libc.fplib
                0x0000000000007112       0xdc /usr/lib/gcc/avr/5.4.0/../../../avr/lib/avr5/libm.a(divsf3x.o)
                0x0000000000007132                __divsf3x
                0x0000000000007138                __divsf3_pse
 .text.avr-libc.fplib
                0x00000000000071ee        0xe /usr/lib/gcc/avr/5.4.0/../../../avr/lib/avr5/libm.a(fixsfsi.o)
                0x00000000000071ee                __fixsfsi
 .text.avr-libc.fplib
                0x00000000000071fc       0x5e /usr/lib/gcc/avr/5.4.0/../../../avr/lib/avr5/libm.a(fixunssfsi.o)
                0x00000000000071fc                __fixunssfsi
 .text.avr-libc.fplib
                0x000000000000725a       0x7a /usr/lib/gcc/avr/5.4.0/../../../avr/lib/avr5/libm.a(floatsisf.o)
                0x000000000000725a                __floatunsisf
                0x000000000000725e                __floatsisf
 .text.avr-libc.fplib
                0x00000000000072d4        0xc /usr/lib/gcc/avr/5.4.0/../../../avr/lib/avr5/libm.a(fp_inf.o)
                0x00000000000072d4                __fp_inf
 .text.avr-libc.fplib
                0x00000000000072e0        0x6 /usr/lib/gcc/avr/5.4.0/../../../avr/lib/avr5/libm.a(fp_nan.o)
                0x00000000000072e0                __fp_nan
 .text.avr-libc.fplib
                0x00000000000072e6        0xe /usr/lib/gcc/avr/5.4.0/../../../avr/lib/avr5/libm.a(fp_pscA.o)
                0x00000000000072e6                __fp_pscA
 .text.avr-libc.fplib
                0x00000000000072f4        0xe /usr/lib/gcc/avr/5.4.0/../../../avr/lib/avr5/libm.a(fp_pscB.o)
                0x00000000000072f4                __fp_pscB
 .text.avr-libc.fplib
                0x0000000000007302       0x22 /usr/lib/gcc/avr/5.4.0/../../../avr/lib/avr5/libm.a(fp_round.o)
                0x0000000000007302                __fp_round
 .text.avr-libc.fplib
                0x0000000000007324       0x44 /usr/lib/gcc/avr/5.4.0/../../../avr/lib/avr5/libm.a(fp_split3.o)
                0x0000000000007324                __fp_split3
                0x0000000000007334                __fp_splitA
 .text.avr-libc.fplib
                0x0000000000007368        0xe /usr/lib/gcc/avr/5.4.0/../../../avr/lib/avr5/libm.a(fp_zero.o)
                0x0000000000007368                __fp_zero
                0x000000000000736a                __fp_szero
 .text.avr-libc.fplib
                0x0000000000007376        0xa /usr/lib/gcc/avr/5.4.0/../../../avr/lib/avr5/libm.a(gesf2.o)
                0x0000000000007376                __gtsf2
                0x0000000000007376                __gesf2
 .text.avr-libc.fplib
                0x0000000000007380        0x8 /usr/lib/gcc/avr/5.4.0/../../../avr/lib/avr5/libm.a(mulsf3.o)
                0x0000000000007380                __mulsf3
 .text.avr-libc.fplib
                0x0000000000007388       0xd2 /usr/lib/gcc/avr/5.4.0/../../../avr/lib/avr5/libm.a(mulsf3x.o)
                0x00000000000073a6                __mulsf3x
                0x00000000000073ac                __mulsf3_pse
 .text.avr-libc.fplib
                0x000000000000745a       0x8c /usr/lib/gcc/avr/5.4.0/../../../avr/lib/avr5/libm.a(sqrt.o)
                0x0000000000007466                sqrt
                0x0000000000007466                sqrtf
 .text.avr-libc.fplib
                0x00000000000074e6       0x48 /usr/lib/gcc/avr/5.4.0/../../../avr/lib/avr5/libm.a(fp_cmp.o)
                0x00000000000074e6                __fp_cmp
 .text.avr-libc.fplib
                0x000000000000752e       0x1c /usr/lib/gcc/avr/5.4.0/../../../avr/lib/avr5/libm.a(fp_mpack.o)
                0x000000000000752e                __fp_mpack
                0x0000000000007532                __fp_mpack_finite
 .text.avr-libc.fplib
                0x000000000000754a        0xe /usr/lib/gcc/avr/5.4.0/../../../avr/lib/avr5/libm.a(fp_norm2.o)
                0x000000000000754a                __fp_norm2
                0x0000000000007558                . = ALIGN (0x2)
 *(.fini9)
 .fini9         0x0000000000007558        0x0 /usr/lib/gcc/avr/5.4.0/avr5/libgcc.a(_exit.o)
                0x0000000000007558                exit
                0x0000000000007558                _exit
 *(.fini9)
 *(.fini8)
 *(.fini8)
 *(.fini7)
 *(.fini7)
 *(.fini6)
 *(.fini6)
 *(.fini5)
 *(.fini5)
 *(.fini4)
 *(.fini4)
 *(.fini3)
 *(.fini3)
 *(.fini2)
 *(.fini2)
 *(.fini1)
 *(.fini1)
 *(.fini0)
 .fini0         0x0000000000007558        0x4 /usr/lib/gcc/avr/5.4.0/avr5/libgcc.a(_exit.o)
 *(.fini0)
                0x000000000000755c                _etext = .

.siminfo        0x000000000000755c       0x28
 .siminfo       0x000000000000755c       0x28 simulavr_info.o
                0x000000000000755c                siminfo_device
                0x0000000000007568                siminfo_cpufrequency
                0x000000000000756e                siminfo_serial_in
                0x0000000000007579                siminfo_serial_out

.data           0x0000000000800100      0x226 load address 0x0000000000007584
                0x0000000000800100                PROVIDE (__data_start, .)
 *(.data)
 .data          0x0000000000800100        0x0 /usr/lib/gcc/avr/5.4.0/../../../avr/lib/avr5/crtatmega328p.o
 .data          0x0000000000800100        0x0 main.o
 .data          0x0000000000800100        0x0 simulavr_info.o
 .data          0x0000000000800100        0x1 node.o
 .data          0x0000000000800101        0x6 pdr_data.o
                0x0000000000800101                __pdr_total_size
                0x0000000000800103                __pdr_number_of_records
                0x0000000000800105                __pdr_max_record_size
 .data          0x0000000000800107        0x5 vprofiler.o
 .data          0x000000000080010c        0xf control_servo.o
                0x000000000080010c                requested_position
                0x0000000000800110                requested_velocity
                0x0000000000800114                requested_acceleration
 .data          0x000000000080011b        0x0 timer1.o
 .data          0x000000000080011b        0x0 channels.o
 .data          0x000000000080011b        0x0 entityStepper1.o
 .data          0x000000000080011b        0x0 NumericEffecter.o
 .data          0x000000000080011b        0x0 StateEffecter.o
 .data          0x000000000080011b        0x0 StateSensor.o
 .data          0x000000000080011b        0x0 NumericSensor.o
 .data          0x000000000080011b        0x0 EventGenerator.o
 .data          0x000000000080011b        0x0 mctp.o
 .data          0x000000000080011b        0x0 uart.o
 .data          0x000000000080011b        0x0 crc8.o
 .data          0x000000000080011b      0x200 fcs.o
 .data          0x000000000080031b        0x0 /usr/lib/gcc/avr/5.4.0/avr5/libgcc.a(_divmodsi4.o)
 .data          0x000000000080031b        0x0 /usr/lib/gcc/avr/5.4.0/avr5/libgcc.a(_negsi2.o)
 .data          0x000000000080031b        0x0 /usr/lib/gcc/avr/5.4.0/avr5/libgcc.a(_exit.o)
 .data          0x000000000080031b        0x0 /usr/lib/gcc/avr/5.4.0/avr5/libgcc.a(_tablejump2.o)
 .data          0x000000000080031b        0x0 /usr/lib/gcc/avr/5.4.0/avr5/libgcc.a(_copy_data.o)
 .data          0x000000000080031b        0x0 /usr/lib/gcc/avr/5.4.0/avr5/libgcc.a(_clear_bss.o)
 .data          0x000000000080031b        0x0 /usr/lib/gcc/avr/5.4.0/avr5/libgcc.a(_udivmodsi4.o)
 .data          0x000000000080031b        0x0 /usr/lib/gcc/avr/5.4.0/../../../avr/lib/avr5/libm.a(addsf3.o)
 .data          0x000000000080031b        0x0 /usr/lib/gcc/avr/5.4.0/../../../avr/lib/avr5/libm.a(addsf3x.o)
 .data          0x000000000080031b        0x0 /usr/lib/gcc/avr/5.4.0/../../../avr/lib/avr5/libm.a(divsf3.o)
 .data          0x000000000080031b        0x0 /usr/lib/gcc/avr/5.4.0/../../../avr/lib/avr5/libm.a(divsf3x.o)
 .data          0x000000000080031b        0x0 /usr/lib/gcc/avr/5.4.0/../../../avr/lib/avr5/libm.a(fixsfsi.o)
 .data          0x000000000080031b        0x0 /usr/lib/gcc/avr/5.4.0/../../../avr/lib/avr5/libm.a(fixunssfsi.o)
 .data          0x000000000080031b        0x0 /usr/lib/gcc/avr/5.4.0/../../../avr/lib/avr5/libm.a(floatsisf.o)
 .data          0x000000000080031b        0x0 /usr/lib/gcc/avr/5.4.0/../../../avr/lib/avr5/libm.a(fp_inf.o)
 .data          0x000000000080031b        0x0 /usr/lib/gcc/avr/5.4.0/../../../avr/lib/avr5/libm.a(fp_nan.o)
 .data          0x000000000080031b        0x0 /usr/lib/gcc/avr/5.4.0/../../../avr/lib/avr5/libm.a(fp_pscA.o)
 .data          0x000000000080031b        0x0 /usr/lib/gcc/avr/5.4.0/../../../avr/lib/avr5/libm.a(fp_pscB.o)
 .data          0x000000000080031b        0x0 /usr/lib/gcc/avr/5.4.0/../../../avr/lib/avr5/libm.a(fp_round.o)
 .data          0x000000000080031b        0x0 /usr/lib/gcc/avr/5.4.0/../../../avr/lib/avr5/libm.a(fp_split3.o)
 .data          0x000000000080031b        0x0 /usr/lib/gcc/avr/5.4.0/../../../avr/lib/avr5/libm.a(fp_zero.o)
 .data          0x000000000080031b        0x0 /usr/lib/gcc/avr/5.4.0/../../../avr/lib/avr5/libm.a(gesf2.o)
 .data          0x000000000080031b        0x0 /usr/lib/gcc/avr/5.4.0/../../../avr/lib/avr5/libm.a(mulsf3.o)
 .data          0x000000000080031b        0x0 /usr/lib/gcc/avr/5.4.0/../../../avr/lib/avr5/libm.a(mulsf3x.o)
 .data          0x000000000080031b        0x0 /usr/lib/gcc/avr/5.4.0/../../../avr/lib/avr5/libm.a(sqrt.o)
 .data          0x000000000080031b        0x0 /usr/lib/gcc/avr/5.4.0/../../../avr/lib/avr5/libm.a(fp_cmp.o)
 .data          0x000000000080031b        0x0 /usr/lib/gcc/avr/5.4.0/../../../avr/lib/avr5/libm.a(fp_mpack.o)
 .data          0x000000000080031b        0x0 /usr/lib/gcc/avr/5.4.0/../../../avr/lib/avr5/libm.a(fp_norm2.o)
 *(.data*)
 *(.gnu.linkonce.d*)
 *(.rodata)
 .rodata        0x000000000080031b        0xb node.o
 *(.rodata*)
 *(.gnu.linkonce.r*)
                0x0000000000800326                . = ALIGN (0x2)
                0x0000000000800326                _edata = .
                0x0000000000800326                PROVIDE (__data_end, .)

.bss            0x0000000000800326      0x274
                0x0000000000800326                PROVIDE (__bss_start, .)
 *(.bss)
 .bss           0x0000000000800326        0x0 /usr/lib/gcc/avr/5.4.0/../../../avr/lib/avr5/crtatmega328p.o
 .bss           0x0000000000800326        0x0 main.o
 .bss           0x0000000000800326        0x0 simulavr_info.o
 .bss           0x0000000000800326        0x9 node.o
 .bss           0x000000000080032f        0x0 pdr_data.o
 .bss           0x000000000080032f       0x8a vprofiler.o
 .bss           0x00000000008003b9        0x7 control_servo.o
                0x00000000008003b9                servo_cmd
                0x00000000008003ba                servo_mode
                0x00000000008003bb                servo_flags
                0x00000000008003bc                current_position
 .bss           0x00000000008003c0       0x1f timer1.o
 .bss           0x00000000008003df        0x0 channels.o
 .bss           0x00000000008003df       0x9a entityStepper1.o
 .bss           0x0000000000800479        0x0 NumericEffecter.o
 .bss           0x0000000000800479        0x0 StateEffecter.o
 .bss           0x0000000000800479        0x0 StateSensor.o
 .bss           0x0000000000800479        0x0 NumericSensor.o
 .bss           0x0000000000800479        0x0 EventGenerator.o
 .bss           0x0000000000800479        0x5 mctp.o
 .bss           0x000000000080047e       0x84 uart.o
 .bss           0x0000000000800502        0x0 crc8.o
 .bss           0x0000000000800502        0x0 fcs.o
 .bss           0x0000000000800502        0x0 /usr/lib/gcc/avr/5.4.0/avr5/libgcc.a(_divmodsi4.o)
 .bss           0x0000000000800502        0x0 /usr/lib/gcc/avr/5.4.0/avr5/libgcc.a(_negsi2.o)
 .bss           0x0000000000800502        0x0 /usr/lib/gcc/avr/5.4.0/avr5/libgcc.a(_exit.o)
 .bss           0x0000000000800502        0x0 /usr/lib/gcc/avr/5.4.0/avr5/libgcc.a(_tablejump2.o)
 .bss           0x0000000000800502        0x0 /usr/lib/gcc/avr/5.4.0/avr5/libgcc.a(_copy_data.o)
 .bss           0x0000000000800502        0x0 /usr/lib/gcc/avr/5.4.0/avr5/libgcc.a(_clear_bss.o)
 .bss           0x0000000000800502        0x0 /usr/lib/gcc/avr/5.4.0/avr5/libgcc.a(_udivmodsi4.o)
 .bss           0x0000000000800502        0x0 /usr/lib/gcc/avr/5.4.0/../../../avr/lib/avr5/libm.a(addsf3.o)
 .bss           0x0000000000800502        0x0 /usr/lib/gcc/avr/5.4.0/../../../avr/lib/avr5/libm.a(addsf3x.o)
 .bss           0x0000000000800502        0x0 /usr/lib/gcc/avr/5.4.0/../../../avr/lib/avr5/libm.a(divsf3.o)
 .bss           0x0000000000800502        0x0 /usr/lib/gcc/avr/5.4.0/../../../avr/lib/avr5/libm.a(divsf3x.o)
 .bss           0x0000000000800502        0x0 /usr/lib/gcc/avr/5.4.0/../../../avr/lib/avr5/libm.a(fixsfsi.o)
 .bss           0x0000000000800502        0x0 /usr/lib/gcc/avr/5.4.0/../../../avr/lib/avr5/libm.a(fixunssfsi.o)
 .bss           0x0000000000800502        0x0 /usr/lib/gcc/avr/5.4.0/../../../avr/lib/avr5/libm.a(floatsisf.o)
 .bss           0x0000000000800502        0x0 /usr/lib/gcc/avr/5.4.0/../../../avr/lib/avr5/libm.a(fp_inf.o)
 .bss           0x0000000000800502        0x0 /usr/lib/gcc/avr/5.4.0/../../../avr/lib/avr5/libm.a(fp_nan.o)
 .bss           0x0000000000800502        0x0 /usr/lib/gcc/avr/5.4.0/../../../avr/lib/avr5/libm.a(fp_pscA.o)
 .bss           0x0000000000800502        0x0 /usr/lib/gcc/avr/5.4.0/../../../avr/lib/avr5/libm.a(fp_pscB.o)
 .bss           0x0000000000800502        0x0 /usr/lib/gcc/avr/5.4.0/../../../avr/lib/avr5/libm.a(fp_round.o)
 .bss           0x0000000000800502        0x0 /usr/lib/gcc/avr/5.4.0/../../../avr/lib/avr5/libm.a(fp_split3.o)
 .bss           0x0000000000800502        0x0 /usr/lib/gcc/avr/5.4.0/../../../avr/lib/avr5/libm.a(fp_zero.o)
 .bss           0x0000000000800502        0x0 /usr/lib/gcc/avr/5.4.0/../../../avr/lib/avr5/libm.a(gesf2.o)
 .bss           0x0000000000800502        0x0 /usr/lib/gcc/avr/5.4.0/../../../avr/lib/avr5/libm.a(mulsf3.o)
 .bss           0x0000000000800502        0x0 /usr/lib/gcc/avr/5.4.0/../../../avr/lib/avr5/libm.a(mulsf3x.o)
 .bss           0x0000000000800502        0x0 /usr/lib/gcc/avr/5.4.0/../../../avr/lib/avr5/libm.a(sqrt.o)
 .bss           0x0000000000800502        0x0 /usr/lib/gcc/avr/5.4.0/../../../avr/lib/avr5/libm.a(fp_cmp.o)
 .bss           0x0000000000800502        0x0 /usr/lib/gcc/avr/5.4.0/../../../avr/lib/avr5/libm.a(fp_mpack.o)
 .bss           0x0000000000800502        0x0 /usr/lib/gcc/avr/5.4.0/../../../avr/lib/avr5/libm.a(fp_norm2.o)
 *(.bss*)
 *(COMMON)
 COMMON         0x0000000000800502        0x1 node.o
                0x0000000000800502                tid
 COMMON         0x0000000000800503        0x4 vprofiler.o
                0x0000000000800503                current_velocity
 COMMON         0x0000000000800507        0x4 control_servo.o
                0x0000000000800507                requested_kffa
 COMMON         0x000000000080050b        0x7 channels.o
                0x000000000080050b                step_dir_out1_step_rawdata
                0x000000000080050d                digital_in1_rawdata
                0x000000000080050e                interlock_in_rawdata
                0x000000000080050f                trigger_in_rawdata
                0x0000000000800510                setp_dir_out1_dir_rawdata
                0x0000000000800511                digital_in2_rawdata
 COMMON         0x0000000000800512       0x88 mctp.o
                0x0000000000800512                mctp_context
                0x000000000080059a                PROVIDE (__bss_end, .)
                0x0000000000007584                __data_load_start = LOADADDR (.data)
                0x00000000000077aa                __data_load_end = (__data_load_start + SIZEOF (.data))

.noinit         0x000000000080059a        0x0
                [!provide]                        PROVIDE (__noinit_start, .)
 *(.noinit*)
                [!provide]                        PROVIDE (__noinit_end, .)
                0x000000000080059a                _end = .
                [!provide]                        PROVIDE (__heap_start, .)

.eeprom         0x0000000000810000        0x0
 *(.eeprom*)
                0x0000000000810000                __eeprom_end = .

.fuse
 *(.fuse)
 *(.lfuse)
 *(.hfuse)
 *(.efuse)

.lock
 *(.lock*)

.signature
 *(.signature*)

.user_signatures
 *(.user_signatures*)

.stab           0x0000000000000000     0xb7c0
 *(.stab)
 .stab          0x0000000000000000      0x7a4 main.o
 .stab          0x00000000000007a4      0x30c simulavr_info.o
                                        0x480 (size before relaxing)
 .stab          0x0000000000000ab0     0x2c04 node.o
                                       0x2e20 (size before relaxing)
 .stab          0x00000000000036b4      0x30c pdr_data.o
                                        0x504 (size before relaxing)
 .stab          0x00000000000039c0     0x11a0 vprofiler.o
                                       0x11ac (size before relaxing)
 .stab          0x0000000000004b60      0x7f8 control_servo.o
                                        0x9c0 (size before relaxing)
 .stab          0x0000000000005358      0x654 timer1.o
                                        0x81c (size before relaxing)
 .stab          0x00000000000059ac      0x984 channels.o
                                        0xb88 (size before relaxing)
 .stab          0x0000000000006330      0x864 entityStepper1.o
                                        0xb70 (size before relaxing)
 .stab          0x0000000000006b94      0x5a0 NumericEffecter.o
                                        0x8d0 (size before relaxing)
 .stab          0x0000000000007134      0x654 StateEffecter.o
                                        0x984 (size before relaxing)
 .stab          0x0000000000007788      0x930 StateSensor.o
                                        0xc60 (size before relaxing)
 .stab          0x00000000000080b8     0x11d0 NumericSensor.o
                                       0x1500 (size before relaxing)
 .stab          0x0000000000009288      0x828 EventGenerator.o
                                        0xa50 (size before relaxing)
 .stab          0x0000000000009ab0      0xe28 mctp.o
                                       0x1044 (size before relaxing)
 .stab          0x000000000000a8d8      0x840 uart.o
                                        0xa08 (size before relaxing)
 .stab          0x000000000000b118      0x384 crc8.o
                                        0x390 (size before relaxing)
 .stab          0x000000000000b49c      0x324 fcs.o
                                        0x330 (size before relaxing)

.stabstr        0x0000000000000000     0x432a
 *(.stabstr)
 .stabstr       0x0000000000000000     0x432a main.o

.stab.excl
 *(.stab.excl)

.stab.exclstr
 *(.stab.exclstr)

.stab.index
 *(.stab.index)

.stab.indexstr
 *(.stab.indexstr)

.comment        0x0000000000000000       0x11
 *(.comment)
 .comment       0x0000000000000000       0x11 main.o
                                         0x12 (size before relaxing)
 .comment       0x0000000000000011       0x12 simulavr_info.o
 .comment       0x0000000000000011       0x12 node.o
 .comment       0x0000000000000011       0x12 pdr_data.o
 .comment       0x0000000000000011       0x12 vprofiler.o
 .comment       0x0000000000000011       0x12 control_servo.o
 .comment       0x0000000000000011       0x12 timer1.o
 .comment       0x0000000000000011       0x12 channels.o
 .comment       0x0000000000000011       0x12 entityStepper1.o
 .comment       0x0000000000000011       0x12 NumericEffecter.o
 .comment       0x0000000000000011       0x12 StateEffecter.o
 .comment       0x0000000000000011       0x12 StateSensor.o
 .comment       0x0000000000000011       0x12 NumericSensor.o
 .comment       0x0000000000000011       0x12 EventGenerator.o
 .comment       0x0000000000000011       0x12 mctp.o
 .comment       0x0000000000000011       0x12 uart.o
 .comment       0x0000000000000011       0x12 crc8.o
 .comment       0x0000000000000011       0x12 fcs.o

.note.gnu.avr.deviceinfo
                0x0000000000000000       0x40
 .note.gnu.avr.deviceinfo
                0x0000000000000000       0x40 /usr/lib/gcc/avr/5.4.0/../../../avr/lib/avr5/crtatmega328p.o

.note.gnu.build-id
 *(.note.gnu.build-id)

.debug
 *(.debug)

.line
 *(.line)

.debug_srcinfo
 *(.debug_srcinfo)

.debug_sfnames
 *(.debug_sfnames)

.debug_aranges
 *(.debug_aranges)

.debug_pubnames
 *(.debug_pubnames)

.debug_info     0x0000000000000000      0x5f4
 *(.debug_info .gnu.linkonce.wi.*)
 .debug_info    0x0000000000000000      0x5f4 /usr/lib/gcc/avr/5.4.0/../../../avr/lib/avr5/crtatmega328p.o

.debug_abbrev   0x0000000000000000      0x5a2
 *(.debug_abbrev)
 .debug_abbrev  0x0000000000000000      0x5a2 /usr/lib/gcc/avr/5.4.0/../../../avr/lib/avr5/crtatmega328p.o

.debug_line     0x0000000000000000       0x1a
 *(.debug_line .debug_line.* .debug_line_end)
 .debug_line    0x0000000000000000       0x1a /usr/lib/gcc/avr/5.4.0/../../../avr/lib/avr5/crtatmega328p.o

.debug_frame
 *(.debug_frame)

.debug_str      0x0000000000000000      0x208
 *(.debug_str)
 .debug_str     0x0000000000000000      0x208 /usr/lib/gcc/avr/5.4.0/../../../avr/lib/avr5/crtatmega328p.o

.debug_loc
 *(.debug_loc)

.debug_macinfo
 *(.debug_macinfo)

.debug_weaknames
 *(.debug_weaknames)

.debug_funcnames
 *(.debug_funcnames)

.debug_typenames
 *(.debug_typenames)

.debug_varnames
 *(.debug_varnames)

.debug_pubtypes
 *(.debug_pubtypes)

.debug_ranges
 *(.debug_ranges)

.debug_macro
 *(.debug_macro)
OUTPUT(userver.elf elf32-avr)
LOAD linker stubs

Cross Reference Table

Symbol                                            File
__FUSE_REGION_LENGTH__                            /usr/lib/gcc/avr/5.4.0/../../../avr/lib/avr5/crtatmega328p.o
__addsf3                                          /usr/lib/gcc/avr/5.4.0/../../../avr/lib/avr5/libm.a(addsf3.o)
                                                  vprofiler.o
__addsf3x                                         /usr/lib/gcc/avr/5.4.0/../../../avr/lib/avr5/libm.a(addsf3x.o)
                                                  /usr/lib/gcc/avr/5.4.0/../../../avr/lib/avr5/libm.a(addsf3.o)
__bad_interrupt                                   /usr/lib/gcc/avr/5.4.0/../../../avr/lib/avr5/crtatmega328p.o
__bss_end                                         /usr/lib/gcc/avr/5.4.0/avr5/libgcc.a(_clear_bss.o)
__bss_start                                       /usr/lib/gcc/avr/5.4.0/avr5/libgcc.a(_clear_bss.o)
__data_end                                        /usr/lib/gcc/avr/5.4.0/avr5/libgcc.a(_copy_data.o)
__data_load_start                                 /usr/lib/gcc/avr/5.4.0/avr5/libgcc.a(_copy_data.o)
__data_start                                      /usr/lib/gcc/avr/5.4.0/avr5/libgcc.a(_copy_data.o)
__divmodsi4                                       /usr/lib/gcc/avr/5.4.0/avr5/libgcc.a(_divmodsi4.o)
                                                  vprofiler.o
__divsf3                                          /usr/lib/gcc/avr/5.4.0/../../../avr/lib/avr5/libm.a(divsf3.o)
                                                  vprofiler.o
__divsf3_pse                                      /usr/lib/gcc/avr/5.4.0/../../../avr/lib/avr5/libm.a(divsf3x.o)
__divsf3x                                         /usr/lib/gcc/avr/5.4.0/../../../avr/lib/avr5/libm.a(divsf3x.o)
                                                  /usr/lib/gcc/avr/5.4.0/../../../avr/lib/avr5/libm.a(divsf3.o)
__do_clear_bss                                    /usr/lib/gcc/avr/5.4.0/avr5/libgcc.a(_clear_bss.o)
                                                  uart.o
                                                  mctp.o
                                                  entityStepper1.o
                                                  channels.o
                                                  timer1.o
                                                  control_servo.o
                                                  vprofiler.o
                                                  node.o
__do_copy_data                                    /usr/lib/gcc/avr/5.4.0/avr5/libgcc.a(_copy_data.o)
                                                  fcs.o
                                                  control_servo.o
                                                  vprofiler.o
                                                  pdr_data.o
                                                  node.o
__fixsfsi                                         /usr/lib/gcc/avr/5.4.0/../../../avr/lib/avr5/libm.a(fixsfsi.o)
                                                  vprofiler.o
__fixunssfsi                                      /usr/lib/gcc/avr/5.4.0/../../../avr/lib/avr5/libm.a(fixunssfsi.o)
                                                  /usr/lib/gcc/avr/5.4.0/../../../avr/lib/avr5/libm.a(fixsfsi.o)
__floatsisf                                       /usr/lib/gcc/avr/5.4.0/../../../avr/lib/avr5/libm.a(floatsisf.o)
                                                  vprofiler.o
__floatunsisf                                     /usr/lib/gcc/avr/5.4.0/../../../avr/lib/avr5/libm.a(floatsisf.o)
__fp_cmp                                          /usr/lib/gcc/avr/5.4.0/../../../avr/lib/avr5/libm.a(fp_cmp.o)
                                                  /usr/lib/gcc/avr/5.4.0/../../../avr/lib/avr5/libm.a(gesf2.o)
__fp_inf                                          /usr/lib/gcc/avr/5.4.0/../../../avr/lib/avr5/libm.a(fp_inf.o)
                                                  /usr/lib/gcc/avr/5.4.0/../../../avr/lib/avr5/libm.a(mulsf3x.o)
                                                  /usr/lib/gcc/avr/5.4.0/../../../avr/lib/avr5/libm.a(divsf3x.o)
                                                  /usr/lib/gcc/avr/5.4.0/../../../avr/lib/avr5/libm.a(addsf3x.o)
__fp_mpack                                        /usr/lib/gcc/avr/5.4.0/../../../avr/lib/avr5/libm.a(fp_mpack.o)
                                                  /usr/lib/gcc/avr/5.4.0/../../../avr/lib/avr5/libm.a(sqrt.o)
__fp_mpack_finite                                 /usr/lib/gcc/avr/5.4.0/../../../avr/lib/avr5/libm.a(fp_mpack.o)
__fp_nan                                          /usr/lib/gcc/avr/5.4.0/../../../avr/lib/avr5/libm.a(fp_nan.o)
                                                  /usr/lib/gcc/avr/5.4.0/../../../avr/lib/avr5/libm.a(sqrt.o)
                                                  /usr/lib/gcc/avr/5.4.0/../../../avr/lib/avr5/libm.a(mulsf3x.o)
                                                  /usr/lib/gcc/avr/5.4.0/../../../avr/lib/avr5/libm.a(divsf3x.o)
                                                  /usr/lib/gcc/avr/5.4.0/../../../avr/lib/avr5/libm.a(addsf3x.o)
__fp_norm2                                        /usr/lib/gcc/avr/5.4.0/../../../avr/lib/avr5/libm.a(fp_norm2.o)
                                                  /usr/lib/gcc/avr/5.4.0/../../../avr/lib/avr5/libm.a(sqrt.o)
__fp_pscA                                         /usr/lib/gcc/avr/5.4.0/../../../avr/lib/avr5/libm.a(fp_pscA.o)
                                                  /usr/lib/gcc/avr/5.4.0/../../../avr/lib/avr5/libm.a(mulsf3x.o)
                                                  /usr/lib/gcc/avr/5.4.0/../../../avr/lib/avr5/libm.a(divsf3x.o)
                                                  /usr/lib/gcc/avr/5.4.0/../../../avr/lib/avr5/libm.a(addsf3x.o)
__fp_pscB                                         /usr/lib/gcc/avr/5.4.0/../../../avr/lib/avr5/libm.a(fp_pscB.o)
                                                  /usr/lib/gcc/avr/5.4.0/../../../avr/lib/avr5/libm.a(mulsf3x.o)
                                                  /usr/lib/gcc/avr/5.4.0/../../../avr/lib/avr5/libm.a(divsf3x.o)
                                                  /usr/lib/gcc/avr/5.4.0/../../../avr/lib/avr5/libm.a(addsf3x.o)
__fp_round                                        /usr/lib/gcc/avr/5.4.0/../../../avr/lib/avr5/libm.a(fp_round.o)
                                                  /usr/lib/gcc/avr/5.4.0/../../../avr/lib/avr5/libm.a(mulsf3.o)
                                                  /usr/lib/gcc/avr/5.4.0/../../../avr/lib/avr5/libm.a(divsf3.o)
                                                  /usr/lib/gcc/avr/5.4.0/../../../avr/lib/avr5/libm.a(addsf3.o)
__fp_split3                                       /usr/lib/gcc/avr/5.4.0/../../../avr/lib/avr5/libm.a(fp_split3.o)
                                                  /usr/lib/gcc/avr/5.4.0/../../../avr/lib/avr5/libm.a(mulsf3x.o)
                                                  /usr/lib/gcc/avr/5.4.0/../../../avr/lib/avr5/libm.a(divsf3x.o)
                                                  /usr/lib/gcc/avr/5.4.0/../../../avr/lib/avr5/libm.a(addsf3x.o)
__fp_splitA                                       /usr/lib/gcc/avr/5.4.0/../../../avr/lib/avr5/libm.a(fp_split3.o)
                                                  /usr/lib/gcc/avr/5.4.0/../../../avr/lib/avr5/libm.a(sqrt.o)
                                                  /usr/lib/gcc/avr/5.4.0/../../../avr/lib/avr5/libm.a(fixunssfsi.o)
__fp_szero                                        /usr/lib/gcc/avr/5.4.0/../../../avr/lib/avr5/libm.a(fp_zero.o)
                                                  /usr/lib/gcc/avr/5.4.0/../../../avr/lib/avr5/libm.a(mulsf3x.o)
                                                  /usr/lib/gcc/avr/5.4.0/../../../avr/lib/avr5/libm.a(fixsfsi.o)
                                                  /usr/lib/gcc/avr/5.4.0/../../../avr/lib/avr5/libm.a(divsf3x.o)
__fp_zero                                         /usr/lib/gcc/avr/5.4.0/../../../avr/lib/avr5/libm.a(fp_zero.o)
                                                  /usr/lib/gcc/avr/5.4.0/../../../avr/lib/avr5/libm.a(fixunssfsi.o)
                                                  /usr/lib/gcc/avr/5.4.0/../../../avr/lib/avr5/libm.a(addsf3x.o)
__gesf2                                           /usr/lib/gcc/avr/5.4.0/../../../avr/lib/avr5/libm.a(gesf2.o)
                                                  vprofiler.o
__gtsf2                                           /usr/lib/gcc/avr/5.4.0/../../../avr/lib/avr5/libm.a(gesf2.o)
__heap_end                                        /usr/lib/gcc/avr/5.4.0/../../../avr/lib/avr5/crtatmega328p.o
__init                                            /usr/lib/gcc/avr/5.4.0/../../../avr/lib/avr5/crtatmega328p.o
__mulsf3                                          /usr/lib/gcc/avr/5.4.0/../../../avr/lib/avr5/libm.a(mulsf3.o)
                                                  vprofiler.o
__mulsf3_pse                                      /usr/lib/gcc/avr/5.4.0/../../../avr/lib/avr5/libm.a(mulsf3x.o)
__mulsf3x                                         /usr/lib/gcc/avr/5.4.0/../../../avr/lib/avr5/libm.a(mulsf3x.o)
                                                  /usr/lib/gcc/avr/5.4.0/../../../avr/lib/avr5/libm.a(mulsf3.o)
__negsi2                                          /usr/lib/gcc/avr/5.4.0/avr5/libgcc.a(_negsi2.o)
                                                  /usr/lib/gcc/avr/5.4.0/avr5/libgcc.a(_divmodsi4.o)
__pdr_data                                        pdr_data.o
                                                  node.o
__pdr_max_record_size                             pdr_data.o
                                                  node.o
__pdr_number_of_records                           pdr_data.o
                                                  node.o
__pdr_total_size                                  pdr_data.o
                                                  node.o
__stack                                           /usr/lib/gcc/avr/5.4.0/../../../avr/lib/avr5/crtatmega328p.o
__subsf3                                          /usr/lib/gcc/avr/5.4.0/../../../avr/lib/avr5/libm.a(addsf3.o)
                                                  vprofiler.o
__tablejump2__                                    /usr/lib/gcc/avr/5.4.0/avr5/libgcc.a(_tablejump2.o)
                                                  mctp.o
                                                  node.o
__udivmodsi4                                      /usr/lib/gcc/avr/5.4.0/avr5/libgcc.a(_udivmodsi4.o)
                                                  /usr/lib/gcc/avr/5.4.0/avr5/libgcc.a(_divmodsi4.o)
__vector_1                                        /usr/lib/gcc/avr/5.4.0/../../../avr/lib/avr5/crtatmega328p.o
__vector_10                                       /usr/lib/gcc/avr/5.4.0/../../../avr/lib/avr5/crtatmega328p.o
__vector_11                                       /usr/lib/gcc/avr/5.4.0/../../../avr/lib/avr5/crtatmega328p.o
__vector_12                                       /usr/lib/gcc/avr/5.4.0/../../../avr/lib/avr5/crtatmega328p.o
__vector_13                                       timer1.o
                                                  /usr/lib/gcc/avr/5.4.0/../../../avr/lib/avr5/crtatmega328p.o
__vector_14                                       /usr/lib/gcc/avr/5.4.0/../../../avr/lib/avr5/crtatmega328p.o
__vector_15                                       /usr/lib/gcc/avr/5.4.0/../../../avr/lib/avr5/crtatmega328p.o
__vector_16                                       /usr/lib/gcc/avr/5.4.0/../../../avr/lib/avr5/crtatmega328p.o
__vector_17                                       /usr/lib/gcc/avr/5.4.0/../../../avr/lib/avr5/crtatmega328p.o
__vector_18                                       uart.o
                                                  /usr/lib/gcc/avr/5.4.0/../../../avr/lib/avr5/crtatmega328p.o
__vector_19                                       uart.o
                                                  /usr/lib/gcc/avr/5.4.0/../../../avr/lib/avr5/crtatmega328p.o
__vector_2                                        /usr/lib/gcc/avr/5.4.0/../../../avr/lib/avr5/crtatmega328p.o
__vector_20                                       /usr/lib/gcc/avr/5.4.0/../../../avr/lib/avr5/crtatmega328p.o
__vector_21                                       /usr/lib/gcc/avr/5.4.0/../../../avr/lib/avr5/crtatmega328p.o
__vector_22                                       /usr/lib/gcc/avr/5.4.0/../../../avr/lib/avr5/crtatmega328p.o
__vector_23                                       /usr/lib/gcc/avr/5.4.0/../../../avr/lib/avr5/crtatmega328p.o
__vector_24                                       /usr/lib/gcc/avr/5.4.0/../../../avr/lib/avr5/crtatmega328p.o
__vector_25                                       /usr/lib/gcc/avr/5.4.0/../../../avr/lib/avr5/crtatmega328p.o
__vector_3                                        /usr/lib/gcc/avr/5.4.0/../../../avr/lib/avr5/crtatmega328p.o
__vector_4                                        /usr/lib/gcc/avr/5.4.0/../../../avr/lib/avr5/crtatmega328p.o
__vector_5                                        /usr/lib/gcc/avr/5.4.0/../../../avr/lib/avr5/crtatmega328p.o
__vector_6                                        /usr/lib/gcc/avr/5.4.0/../../../avr/lib/avr5/crtatmega328p.o
__vector_7                                        /usr/lib/gcc/avr/5.4.0/../../../avr/lib/avr5/crtatmega328p.o
__vector_8                                        /usr/lib/gcc/avr/5.4.0/../../../avr/lib/avr5/crtatmega328p.o
__vector_9                                        /usr/lib/gcc/avr/5.4.0/../../../avr/lib/avr5/crtatmega328p.o
__vector_default                                  /usr/lib/gcc/avr/5.4.0/../../../avr/lib/avr5/crtatmega328p.o
__vectors                                         /usr/lib/gcc/avr/5.4.0/../../../avr/lib/avr5/crtatmega328p.o
_exit                                             /usr/lib/gcc/avr/5.4.0/avr5/libgcc.a(_exit.o)
calc_new_crc8                                     crc8.o
                                                  node.o
channels_init                                     channels.o
                                                  main.o
control_getState                                  control_servo.o
                                                  node.o
control_setState                                  control_servo.o
                                                  node.o
control_update                                    control_servo.o
                                                  timer1.o
current_position                                  control_servo.o
current_velocity                                  vprofiler.o
                                                  timer1.o
delay_isDone                                      timer1.o
                                                  main.o
delay_set                                         timer1.o
                                                  main.o
digital_in1_getRawData                            channels.o
digital_in1_init                                  channels.o
digital_in1_rawdata                               channels.o
digital_in1_sample                                channels.o
                                                  entityStepper1.o
digital_in2_getRawData                            channels.o
digital_in2_init                                  channels.o
digital_in2_rawdata                               channels.o
digital_in2_sample                                channels.o
                                                  entityStepper1.o
entityStepper1_init                               entityStepper1.o
                                                  main.o
entityStepper1_readChannels                       entityStepper1.o
eventgenerator_init                               EventGenerator.o
                                                  NumericSensor.o
                                                  StateSensor.o
eventgenerator_isEnabled                          EventGenerator.o
                                                  NumericSensor.o
                                                  StateSensor.o
eventgenerator_isEventPending                     EventGenerator.o
eventgenerator_isEventSending                     EventGenerator.o
eventgenerator_setEnableAsyncEvents               EventGenerator.o
eventgenerator_setEventOccuredFn                  EventGenerator.o
eventgenerator_setSendEventFn                     EventGenerator.o
eventgenerator_startSending                       EventGenerator.o
eventgenerator_updateEventStateMachine            EventGenerator.o
exit                                              /usr/lib/gcc/avr/5.4.0/avr5/libgcc.a(_exit.o)
                                                  /usr/lib/gcc/avr/5.4.0/../../../avr/lib/avr5/crtatmega328p.o
fcs_calcFcs                                       fcs.o
                                                  mctp.o
getTid                                            node.o
interlock_in_getRawData                           channels.o
interlock_in_init                                 channels.o
interlock_in_rawdata                              channels.o
interlock_in_sample                               channels.o
                                                  entityStepper1.o
interlock_out_disable                             channels.o
interlock_out_enable                              channels.o
interlock_out_init                                channels.o
interlock_out_setOutput                           channels.o
main                                              main.o
                                                  /usr/lib/gcc/avr/5.4.0/../../../avr/lib/avr5/crtatmega328p.o
mctp_close                                        mctp.o
mctp_context                                      mctp.o
                                                  node.o
                                                  main.o
mctp_getPacket                                    mctp.o
                                                  node.o
mctp_init                                         mctp.o
                                                  main.o
mctp_isPacketAvailable                            mctp.o
                                                  node.o
mctp_sendNoWait                                   mctp.o
                                                  main.o
mctp_transmitFrameData                            mctp.o
                                                  node.o
mctp_transmitFrameEnd                             mctp.o
                                                  node.o
mctp_transmitFrameStart                           mctp.o
                                                  node.o
mctp_updateRxFSM                                  mctp.o
                                                  node.o
node_getResponse                                  node.o
                                                  main.o
node_init                                         node.o
                                                  main.o
node_putCommand                                   node.o
node_sendHeartbeatEvent                           node.o
node_sendNumericSensorEvent                       node.o
                                                  entityStepper1.o
node_sendStateSensorEvent                         node.o
                                                  entityStepper1.o
numericeffecter_getOperationalState               NumericEffecter.o
numericeffecter_getValue                          NumericEffecter.o
numericeffecter_init                              NumericEffecter.o
                                                  entityStepper1.o
numericeffecter_setOperationalState               NumericEffecter.o
numericeffecter_setValue                          NumericEffecter.o
numericsensor_getCriticalHighThreshold            NumericSensor.o
numericsensor_getCriticalLowThreshold             NumericSensor.o
numericsensor_getEventState                       NumericSensor.o
numericsensor_getFatalHighThreshold               NumericSensor.o
numericsensor_getFatalLowThreshold                NumericSensor.o
numericsensor_getOperationalState                 NumericSensor.o
numericsensor_getPresentState                     NumericSensor.o
numericsensor_getSensorPreviousState              NumericSensor.o
                                                  entityStepper1.o
numericsensor_getWarningHighThreshold             NumericSensor.o
numericsensor_getWarningLowThreshold              NumericSensor.o
numericsensor_init                                NumericSensor.o
                                                  entityStepper1.o
numericsensor_isTriggered                         NumericSensor.o
numericsensor_sensorRearm                         NumericSensor.o
numericsensor_setOperationalState                 NumericSensor.o
numericsensor_setPresentState                     NumericSensor.o
numericsensor_setThresholds                       NumericSensor.o
                                                  entityStepper1.o
numericsensor_setValue                            NumericSensor.o
numericsensor_updateSensorState                   NumericSensor.o
requested_acceleration                            control_servo.o
                                                  node.o
requested_kffa                                    control_servo.o
                                                  node.o
requested_position                                control_servo.o
                                                  node.o
requested_velocity                                control_servo.o
                                                  node.o
servo_cmd                                         control_servo.o
servo_flags                                       control_servo.o
servo_mode                                        control_servo.o
setTid                                            node.o
setp_dir_out1_dir_rawdata                         channels.o
siminfo_cpufrequency                              simulavr_info.o
siminfo_device                                    simulavr_info.o
siminfo_serial_in                                 simulavr_info.o
siminfo_serial_out                                simulavr_info.o
sqrt                                              /usr/lib/gcc/avr/5.4.0/../../../avr/lib/avr5/libm.a(sqrt.o)
                                                  vprofiler.o
sqrtf                                             /usr/lib/gcc/avr/5.4.0/../../../avr/lib/avr5/libm.a(sqrt.o)
stateeffecter_getOperationalState                 StateEffecter.o
stateeffecter_getOutput                           StateEffecter.o
stateeffecter_getPresentState                     StateEffecter.o
stateeffecter_init                                StateEffecter.o
                                                  entityStepper1.o
stateeffecter_setOperationalState                 StateEffecter.o
stateeffecter_setPresentState                     StateEffecter.o
statesensor_getEventState                         StateSensor.o
statesensor_getOperationalState                   StateSensor.o
statesensor_getPresentState                       StateSensor.o
statesensor_getSensorPreviousState                StateSensor.o
                                                  entityStepper1.o
statesensor_init                                  StateSensor.o
                                                  entityStepper1.o
statesensor_isTriggered                           StateSensor.o
statesensor_sensorRearm                           StateSensor.o
statesensor_setOperationalState                   StateSensor.o
statesensor_setPresentState                       StateSensor.o
statesensor_setValue                              StateSensor.o
statesensor_updateSensorState                     StateSensor.o
step_dir_out1_init                                main.o
                                                  channels.o
step_dir_out1_step_rawdata                        channels.o
tid                                               node.o
timer1_init                                       timer1.o
                                                  main.o
trigger_in_getRawData                             channels.o
trigger_in_init                                   channels.o
trigger_in_rawdata                                channels.o
trigger_in_sample                                 channels.o
                                                  entityStepper1.o
trigger_out_disable                               channels.o
trigger_out_enable                                channels.o
trigger_out_init                                  channels.o
trigger_out_setOutput                             channels.o
uart_close                                        uart.o
                                                  mctp.o
uart_flush                                        uart.o
                                                  node.o
uart_init                                         uart.o
                                                  main.o
uart_isConnected                                  uart.o
uart_readCh                                       uart.o
                                                  mctp.o
uart_rx_isempty                                   uart.o
uart_writeBuffer                                  uart.o
                                                  mctp.o
uart_writeCh                                      uart.o
                                                  mctp.o
vprofiler_isDone                                  vprofiler.o
                                                  control_servo.o
vprofiler_setParameters                           vprofiler.o
                                                  control_servo.o
                                                  main.o
vprofiler_start                                   vprofiler.o
                                                  control_servo.o
vprofiler_stop                                    vprofiler.o
vprofiler_update                                  vprofiler.o
                                                  control_servo.o
