Archive member included to satisfy reference by file (symbol)

/usr/lib/gcc/avr/5.4.0/avr5/libgcc.a(_divmodsi4.o)
                              vprofiler.o (__divmodsi4)
/usr/lib/gcc/avr/5.4.0/avr5/libgcc.a(_negsi2.o)
                              /usr/lib/gcc/avr/5.4.0/avr5/libgcc.a(_divmodsi4.o) (__negsi2)
/usr/lib/gcc/avr/5.4.0/avr5/libgcc.a(_exit.o)
                              /usr/lib/gcc/avr/5.4.0/../../../avr/lib/avr5/crtatmega328p.o (exit)
/usr/lib/gcc/avr/5.4.0/avr5/libgcc.a(_tablejump2.o)
                              entityStepper1.o (__tablejump2__)
/usr/lib/gcc/avr/5.4.0/avr5/libgcc.a(_copy_data.o)
                              vprofiler.o (__do_copy_data)
/usr/lib/gcc/avr/5.4.0/avr5/libgcc.a(_clear_bss.o)
                              node.o (__do_clear_bss)
/usr/lib/gcc/avr/5.4.0/avr5/libgcc.a(_udivmodsi4.o)
                              /usr/lib/gcc/avr/5.4.0/avr5/libgcc.a(_divmodsi4.o) (__udivmodsi4)
/usr/lib/gcc/avr/5.4.0/../../../avr/lib/avr5/libm.a(addsf3.o)
                              vprofiler.o (__subsf3)
/usr/lib/gcc/avr/5.4.0/../../../avr/lib/avr5/libm.a(addsf3x.o)
                              /usr/lib/gcc/avr/5.4.0/../../../avr/lib/avr5/libm.a(addsf3.o) (__addsf3x)
/usr/lib/gcc/avr/5.4.0/../../../avr/lib/avr5/libm.a(cmpsf2.o)
                              vprofiler.o (__ltsf2)
/usr/lib/gcc/avr/5.4.0/../../../avr/lib/avr5/libm.a(divsf3.o)
                              vprofiler.o (__divsf3)
/usr/lib/gcc/avr/5.4.0/../../../avr/lib/avr5/libm.a(divsf3x.o)
                              /usr/lib/gcc/avr/5.4.0/../../../avr/lib/avr5/libm.a(divsf3.o) (__divsf3x)
/usr/lib/gcc/avr/5.4.0/../../../avr/lib/avr5/libm.a(fixsfsi.o)
                              vprofiler.o (__fixsfsi)
/usr/lib/gcc/avr/5.4.0/../../../avr/lib/avr5/libm.a(fixunssfsi.o)
                              /usr/lib/gcc/avr/5.4.0/../../../avr/lib/avr5/libm.a(fixsfsi.o) (__fixunssfsi)
/usr/lib/gcc/avr/5.4.0/../../../avr/lib/avr5/libm.a(floatsisf.o)
                              vprofiler.o (__floatsisf)
/usr/lib/gcc/avr/5.4.0/../../../avr/lib/avr5/libm.a(fp_cmp.o)
                              /usr/lib/gcc/avr/5.4.0/../../../avr/lib/avr5/libm.a(cmpsf2.o) (__fp_cmp)
/usr/lib/gcc/avr/5.4.0/../../../avr/lib/avr5/libm.a(fp_inf.o)
                              /usr/lib/gcc/avr/5.4.0/../../../avr/lib/avr5/libm.a(addsf3x.o) (__fp_inf)
/usr/lib/gcc/avr/5.4.0/../../../avr/lib/avr5/libm.a(fp_nan.o)
                              /usr/lib/gcc/avr/5.4.0/../../../avr/lib/avr5/libm.a(addsf3x.o) (__fp_nan)
/usr/lib/gcc/avr/5.4.0/../../../avr/lib/avr5/libm.a(fp_pscA.o)
                              /usr/lib/gcc/avr/5.4.0/../../../avr/lib/avr5/libm.a(addsf3x.o) (__fp_pscA)
/usr/lib/gcc/avr/5.4.0/../../../avr/lib/avr5/libm.a(fp_pscB.o)
                              /usr/lib/gcc/avr/5.4.0/../../../avr/lib/avr5/libm.a(addsf3x.o) (__fp_pscB)
/usr/lib/gcc/avr/5.4.0/../../../avr/lib/avr5/libm.a(fp_round.o)
                              /usr/lib/gcc/avr/5.4.0/../../../avr/lib/avr5/libm.a(addsf3.o) (__fp_round)
/usr/lib/gcc/avr/5.4.0/../../../avr/lib/avr5/libm.a(fp_split3.o)
                              /usr/lib/gcc/avr/5.4.0/../../../avr/lib/avr5/libm.a(addsf3x.o) (__fp_split3)
/usr/lib/gcc/avr/5.4.0/../../../avr/lib/avr5/libm.a(fp_zero.o)
                              /usr/lib/gcc/avr/5.4.0/../../../avr/lib/avr5/libm.a(addsf3x.o) (__fp_zero)
/usr/lib/gcc/avr/5.4.0/../../../avr/lib/avr5/libm.a(gesf2.o)
                              vprofiler.o (__gesf2)
/usr/lib/gcc/avr/5.4.0/../../../avr/lib/avr5/libm.a(mulsf3.o)
                              vprofiler.o (__mulsf3)
/usr/lib/gcc/avr/5.4.0/../../../avr/lib/avr5/libm.a(mulsf3x.o)
                              /usr/lib/gcc/avr/5.4.0/../../../avr/lib/avr5/libm.a(mulsf3.o) (__mulsf3x)
/usr/lib/gcc/avr/5.4.0/../../../avr/lib/avr5/libm.a(sqrt.o)
                              vprofiler.o (sqrt)
/usr/lib/gcc/avr/5.4.0/../../../avr/lib/avr5/libm.a(fp_mpack.o)
                              /usr/lib/gcc/avr/5.4.0/../../../avr/lib/avr5/libm.a(sqrt.o) (__fp_mpack)
/usr/lib/gcc/avr/5.4.0/../../../avr/lib/avr5/libm.a(fp_norm2.o)
                              /usr/lib/gcc/avr/5.4.0/../../../avr/lib/avr5/libm.a(sqrt.o) (__fp_norm2)

Allocating common symbols
Common symbol       size              file

mctp_context        0x88              mctp.o
tid                 0x1               node.o
current_velocity    0x4               vprofiler.o
step_dir_out1_step_rawdata
                    0x2               channels.o
requested_kffa      0x4               entityStepper1.o
setp_dir_out1_dir_rawdata
                    0x1               channels.o

Memory Configuration

Name             Origin             Length             Attributes
text             0x0000000000000000 0x0000000000020000 xr
data             0x0000000000800060 0x000000000000ffa0 rw !x
eeprom           0x0000000000810000 0x0000000000010000 rw !x
fuse             0x0000000000820000 0x0000000000000003 rw !x
lock             0x0000000000830000 0x0000000000000400 rw !x
signature        0x0000000000840000 0x0000000000000400 rw !x
user_signatures  0x0000000000850000 0x0000000000000400 rw !x
*default*        0x0000000000000000 0xffffffffffffffff

Linker script and memory map

Address of section .data set to 0x800100
LOAD /usr/lib/gcc/avr/5.4.0/../../../avr/lib/avr5/crtatmega328p.o
LOAD main.o
LOAD simulavr_info.o
LOAD node.o
LOAD pdr_data.o
LOAD vprofiler.o
LOAD systemtimer.o
LOAD stepdir_out.o
LOAD channels.o
LOAD entityStepper1.o
LOAD NumericEffecter.o
LOAD StateEffecter.o
LOAD StateSensor.o
LOAD NumericSensor.o
LOAD EventGenerator.o
LOAD mctp.o
LOAD uart.o
LOAD crc8.o
LOAD fcs.o
LOAD /usr/lib/gcc/avr/5.4.0/avr5/libgcc.a
LOAD /usr/lib/gcc/avr/5.4.0/../../../avr/lib/avr5/libm.a
START GROUP
LOAD /usr/lib/gcc/avr/5.4.0/avr5/libgcc.a
LOAD /usr/lib/gcc/avr/5.4.0/../../../avr/lib/avr5/libm.a
LOAD /usr/lib/gcc/avr/5.4.0/../../../avr/lib/avr5/libc.a
LOAD /usr/lib/gcc/avr/5.4.0/../../../avr/lib/avr5/libatmega328p.a
END GROUP
                0x0000000000000000                __TEXT_REGION_ORIGIN__ = DEFINED (__TEXT_REGION_ORIGIN__)?__TEXT_REGION_ORIGIN__:0x0
                0x0000000000800060                __DATA_REGION_ORIGIN__ = DEFINED (__DATA_REGION_ORIGIN__)?__DATA_REGION_ORIGIN__:0x800060
                0x0000000000020000                __TEXT_REGION_LENGTH__ = DEFINED (__TEXT_REGION_LENGTH__)?__TEXT_REGION_LENGTH__:0x20000
                0x000000000000ffa0                __DATA_REGION_LENGTH__ = DEFINED (__DATA_REGION_LENGTH__)?__DATA_REGION_LENGTH__:0xffa0
                0x0000000000010000                __EEPROM_REGION_LENGTH__ = DEFINED (__EEPROM_REGION_LENGTH__)?__EEPROM_REGION_LENGTH__:0x10000
                [0x0000000000000003]                __FUSE_REGION_LENGTH__ = DEFINED (__FUSE_REGION_LENGTH__)?__FUSE_REGION_LENGTH__:0x400
                0x0000000000000400                __LOCK_REGION_LENGTH__ = DEFINED (__LOCK_REGION_LENGTH__)?__LOCK_REGION_LENGTH__:0x400
                0x0000000000000400                __SIGNATURE_REGION_LENGTH__ = DEFINED (__SIGNATURE_REGION_LENGTH__)?__SIGNATURE_REGION_LENGTH__:0x400
                0x0000000000000400                __USER_SIGNATURE_REGION_LENGTH__ = DEFINED (__USER_SIGNATURE_REGION_LENGTH__)?__USER_SIGNATURE_REGION_LENGTH__:0x400

.hash
 *(.hash)

.dynsym
 *(.dynsym)

.dynstr
 *(.dynstr)

.gnu.version
 *(.gnu.version)

.gnu.version_d
 *(.gnu.version_d)

.gnu.version_r
 *(.gnu.version_r)

.rel.init
 *(.rel.init)

.rela.init
 *(.rela.init)

.rel.text
 *(.rel.text)
 *(.rel.text.*)
 *(.rel.gnu.linkonce.t*)

.rela.text
 *(.rela.text)
 *(.rela.text.*)
 *(.rela.gnu.linkonce.t*)

.rel.fini
 *(.rel.fini)

.rela.fini
 *(.rela.fini)

.rel.rodata
 *(.rel.rodata)
 *(.rel.rodata.*)
 *(.rel.gnu.linkonce.r*)

.rela.rodata
 *(.rela.rodata)
 *(.rela.rodata.*)
 *(.rela.gnu.linkonce.r*)

.rel.data
 *(.rel.data)
 *(.rel.data.*)
 *(.rel.gnu.linkonce.d*)

.rela.data
 *(.rela.data)
 *(.rela.data.*)
 *(.rela.gnu.linkonce.d*)

.rel.ctors
 *(.rel.ctors)

.rela.ctors
 *(.rela.ctors)

.rel.dtors
 *(.rel.dtors)

.rela.dtors
 *(.rela.dtors)

.rel.got
 *(.rel.got)

.rela.got
 *(.rela.got)

.rel.bss
 *(.rel.bss)

.rela.bss
 *(.rela.bss)

.rel.plt
 *(.rel.plt)

.rela.plt
 *(.rela.plt)

.text           0x0000000000000000     0x5060
 *(.vectors)
 .vectors       0x0000000000000000       0x68 /usr/lib/gcc/avr/5.4.0/../../../avr/lib/avr5/crtatmega328p.o
                0x0000000000000000                __vectors
                0x0000000000000000                __vector_default
 *(.vectors)
 *(.progmem.gcc*)
 .progmem.gcc_sw_table
                0x0000000000000068        0xe entityStepper1.o
 .progmem.gcc_sw_table
                0x0000000000000076       0x1c mctp.o
                0x0000000000000092                . = ALIGN (0x2)
                0x0000000000000092                __trampolines_start = .
 *(.trampolines)
 .trampolines   0x0000000000000092        0x0 linker stubs
 *(.trampolines*)
                0x0000000000000092                __trampolines_end = .
 *libprintf_flt.a:*(.progmem.data)
 *libc.a:*(.progmem.data)
 *(.progmem*)
 .progmem.data  0x0000000000000092      0x481 pdr_data.o
                0x0000000000000092                __pdr_data
                0x0000000000000514                . = ALIGN (0x2)
 *fill*         0x0000000000000513        0x1 
 *(.jumptables)
 *(.jumptables*)
 *(.lowtext)
 *(.lowtext*)
                0x0000000000000514                __ctors_start = .
 *(.ctors)
                0x0000000000000514                __ctors_end = .
                0x0000000000000514                __dtors_start = .
 *(.dtors)
                0x0000000000000514                __dtors_end = .
 SORT(*)(.ctors)
 SORT(*)(.dtors)
 *(.init0)
 .init0         0x0000000000000514        0x0 /usr/lib/gcc/avr/5.4.0/../../../avr/lib/avr5/crtatmega328p.o
                0x0000000000000514                __init
 *(.init0)
 *(.init1)
 *(.init1)
 *(.init2)
 .init2         0x0000000000000514        0xc /usr/lib/gcc/avr/5.4.0/../../../avr/lib/avr5/crtatmega328p.o
 *(.init2)
 *(.init3)
 *(.init3)
 *(.init4)
 .init4         0x0000000000000520       0x16 /usr/lib/gcc/avr/5.4.0/avr5/libgcc.a(_copy_data.o)
                0x0000000000000520                __do_copy_data
 .init4         0x0000000000000536       0x10 /usr/lib/gcc/avr/5.4.0/avr5/libgcc.a(_clear_bss.o)
                0x0000000000000536                __do_clear_bss
 *(.init4)
 *(.init5)
 *(.init5)
 *(.init6)
 *(.init6)
 *(.init7)
 *(.init7)
 *(.init8)
 *(.init8)
 *(.init9)
 .init9         0x0000000000000546        0x8 /usr/lib/gcc/avr/5.4.0/../../../avr/lib/avr5/crtatmega328p.o
 *(.init9)
 *(.text)
 .text          0x000000000000054e        0x4 /usr/lib/gcc/avr/5.4.0/../../../avr/lib/avr5/crtatmega328p.o
                0x000000000000054e                __vector_22
                0x000000000000054e                __vector_1
                0x000000000000054e                __vector_24
                0x000000000000054e                __vector_12
                0x000000000000054e                __bad_interrupt
                0x000000000000054e                __vector_6
                0x000000000000054e                __vector_3
                0x000000000000054e                __vector_23
                0x000000000000054e                __vector_25
                0x000000000000054e                __vector_11
                0x000000000000054e                __vector_13
                0x000000000000054e                __vector_17
                0x000000000000054e                __vector_5
                0x000000000000054e                __vector_4
                0x000000000000054e                __vector_9
                0x000000000000054e                __vector_2
                0x000000000000054e                __vector_21
                0x000000000000054e                __vector_15
                0x000000000000054e                __vector_8
                0x000000000000054e                __vector_14
                0x000000000000054e                __vector_10
                0x000000000000054e                __vector_16
                0x000000000000054e                __vector_20
 .text          0x0000000000000552        0x0 main.o
 .text          0x0000000000000552        0x0 simulavr_info.o
 .text          0x0000000000000552      0xb5e node.o
                0x0000000000000656                node_init
                0x000000000000065c                setTid
                0x0000000000000692                getTid
                0x00000000000006ca                node_putCommand
                0x0000000000000708                node_getResponse
                0x0000000000000f6c                node_sendNumericSensorEvent
                0x0000000000000ffe                node_sendStateSensorEvent
                0x0000000000001066                node_sendHeartbeatEvent
 .text          0x00000000000010b0        0x0 pdr_data.o
 .text          0x00000000000010b0     0x1d38 vprofiler.o
                0x000000000000119a                vprofiler_setParameters
                0x0000000000001260                vprofiler_start
                0x000000000000210e                vprofiler_startv
                0x00000000000025ee                vprofiler_stop
                0x00000000000025f6                vprofiler_update
                0x0000000000002af6                vprofiler_updatev
                0x0000000000002dda                vprofiler_isDone
 .text          0x0000000000002de8      0x180 systemtimer.o
                0x0000000000002de8                __vector_7
                0x0000000000002eae                systemtimer_init
                0x0000000000002f00                delay_set
                0x0000000000002f20                delay_isDone
 .text          0x0000000000002f68       0x4c stepdir_out.o
                0x0000000000002f68                step_dir_out1_init
                0x0000000000002f90                step_dir_out1_setOutput
 .text          0x0000000000002fb4       0xcc channels.o
                0x0000000000002fb4                digital_in1_init
                0x0000000000002fba                digital_in1_sample
                0x0000000000002fc8                digital_in1_getRawData
                0x0000000000002fce                digital_in2_init
                0x0000000000002fd4                digital_in2_sample
                0x0000000000002fe2                digital_in2_getRawData
                0x0000000000002fe8                interlock_in_init
                0x0000000000002fee                interlock_in_sample
                0x0000000000002ffc                interlock_in_getRawData
                0x0000000000003002                interlock_out_init
                0x0000000000003008                interlock_out_setOutput
                0x0000000000003018                interlock_out_enable
                0x000000000000301c                interlock_out_disable
                0x0000000000003026                trigger_in_init
                0x000000000000302c                trigger_in_sample
                0x000000000000303a                trigger_in_getRawData
                0x0000000000003040                trigger_out_init
                0x0000000000003046                trigger_out_setOutput
                0x0000000000003056                trigger_out_enable
                0x000000000000305a                trigger_out_disable
                0x0000000000003064                channels_init
 .text          0x0000000000003080      0xb50 entityStepper1.o
                0x0000000000003132                entityStepper1_init
                0x0000000000003360                entityStepper1_readChannels
                0x0000000000003370                entityStepper1_setStateEffecterStates
                0x00000000000033c8                entityStepper1_setStateEffecterEnables
                0x0000000000003412                entityStepper1_getStateSensorReading
                0x00000000000034de                entityStepper1_setStateSensorEnables
                0x0000000000003542                entityStepper1_getStateEffecterStates
                0x00000000000035ca                entityStepper1_setNumericEffecterValue
                0x000000000000360a                entityStepper1_getNumericEffecterValue
                0x00000000000036aa                entityStepper1_getSensorReading
                0x0000000000003738                entityStepper1_setNumericEffecterEnable
                0x0000000000003776                entityStepper1_setNumericSensorEnable
                0x00000000000037a4                entityStepper1_updateControl
 .text          0x0000000000003bd0       0x92 NumericEffecter.o
                0x0000000000003bd0                numericeffecter_init
                0x0000000000003bd8                numericeffecter_setValue
                0x0000000000003c1e                numericeffecter_getValue
                0x0000000000003c2a                numericeffecter_setOperationalState
                0x0000000000003c4c                numericeffecter_getOperationalState
                0x0000000000003c52                numericeffecter_isEnabled
 .text          0x0000000000003c62       0x7c StateEffecter.o
                0x0000000000003c62                stateeffecter_init
                0x0000000000003c6c                stateeffecter_getOutput
                0x0000000000003c7a                stateeffecter_setOperationalState
                0x0000000000003ca6                stateeffecter_setPresentState
                0x0000000000003cc8                stateeffecter_getOperationalState
                0x0000000000003cce                stateeffecter_getPresentState
 .text          0x0000000000003cde      0x10c StateSensor.o
                0x0000000000003cde                statesensor_init
                0x0000000000003d02                statesensor_setValue
                0x0000000000003d08                statesensor_updateSensorState
                0x0000000000003d66                statesensor_sensorRearm
                0x0000000000003d78                statesensor_isTriggered
                0x0000000000003d88                statesensor_isEnabled
                0x0000000000003d98                statesensor_setOperationalState
                0x0000000000003dc4                statesensor_setPresentState
                0x0000000000003dc8                statesensor_getOperationalState
                0x0000000000003dce                statesensor_getPresentState
                0x0000000000003dde                statesensor_getEventState
                0x0000000000003de4                statesensor_getSensorPreviousState
 .text          0x0000000000003dea      0x532 NumericSensor.o
                0x0000000000003ef0                numericsensor_init
                0x0000000000003f14                numericsensor_setValue
                0x0000000000003f20                numericsensor_getValue
                0x0000000000003f32                numericsensor_updateSensorState
                0x0000000000003faa                numericsensor_sensorRearm
                0x0000000000003fbc                numericsensor_isTriggered
                0x0000000000003fcc                numericsensor_setOperationalState
                0x0000000000003ff8                numericsensor_isEnabled
                0x0000000000004008                numericsensor_isFatal
                0x000000000000401c                numericsensor_isCritical
                0x0000000000004030                numericsensor_isWarning
                0x0000000000004044                numericsensor_isNormal
                0x0000000000004054                numericsensor_setPresentState
                0x0000000000004058                numericsensor_getOperationalState
                0x000000000000405e                numericsensor_getPresentState
                0x0000000000004120                numericsensor_getEventState
                0x0000000000004126                numericsensor_getSensorPreviousState
                0x000000000000412c                numericsensor_getWarningHighThreshold
                0x0000000000004138                numericsensor_getCriticalHighThreshold
                0x0000000000004144                numericsensor_getFatalHighThreshold
                0x0000000000004150                numericsensor_getWarningLowThreshold
                0x000000000000415c                numericsensor_getCriticalLowThreshold
                0x0000000000004168                numericsensor_getFatalLowThreshold
                0x0000000000004174                numericsensor_setThresholds
 .text          0x000000000000431c       0xc4 EventGenerator.o
                0x000000000000431c                eventgenerator_init
                0x0000000000004330                eventgenerator_setEventOccuredFn
                0x0000000000004338                eventgenerator_setSendEventFn
                0x0000000000004340                eventgenerator_isEventPending
                0x000000000000434e                eventgenerator_isEventSending
                0x000000000000435e                eventgenerator_isEnabled
                0x000000000000436c                eventgenerator_setEnableAsyncEvents
                0x0000000000004382                eventgenerator_startSending
                0x0000000000004394                eventgenerator_updateEventStateMachine
 .text          0x00000000000043e0      0x3f0 mctp.o
                0x00000000000043e0                mctp_init
                0x00000000000043ee                mctp_isPacketAvailable
                0x00000000000043f4                mctp_getPacket
                0x00000000000043fe                mctp_updateRxFSM
                0x0000000000004610                mctp_transmitFrameStart
                0x0000000000004718                mctp_transmitFrameData
                0x0000000000004780                mctp_transmitFrameEnd
                0x000000000000479e                mctp_sendNoWait
                0x00000000000047cc                mctp_close
 .text          0x00000000000047d0      0x1dc uart.o
                0x00000000000047d0                __vector_18
                0x0000000000004830                __vector_19
                0x0000000000004896                uart_init
                0x00000000000048bc                uart_isConnected
                0x00000000000048c0                uart_flush
                0x00000000000048cc                uart_readCh
                0x0000000000004906                uart_writeCh
                0x000000000000496c                uart_writeBuffer
                0x000000000000499a                uart_rx_isempty
                0x00000000000049a8                uart_close
 .text          0x00000000000049ac       0x2a crc8.o
                0x00000000000049ac                calc_new_crc8
 .text          0x00000000000049d6       0x2c fcs.o
                0x00000000000049d6                fcs_calcFcs
 .text          0x0000000000004a02        0x0 /usr/lib/gcc/avr/5.4.0/avr5/libgcc.a(_divmodsi4.o)
 .text          0x0000000000004a02        0x0 /usr/lib/gcc/avr/5.4.0/avr5/libgcc.a(_negsi2.o)
 .text          0x0000000000004a02        0x0 /usr/lib/gcc/avr/5.4.0/avr5/libgcc.a(_exit.o)
 .text          0x0000000000004a02        0x0 /usr/lib/gcc/avr/5.4.0/avr5/libgcc.a(_tablejump2.o)
 .text          0x0000000000004a02        0x0 /usr/lib/gcc/avr/5.4.0/avr5/libgcc.a(_copy_data.o)
 .text          0x0000000000004a02        0x0 /usr/lib/gcc/avr/5.4.0/avr5/libgcc.a(_clear_bss.o)
 .text          0x0000000000004a02        0x0 /usr/lib/gcc/avr/5.4.0/avr5/libgcc.a(_udivmodsi4.o)
 .text          0x0000000000004a02        0x0 /usr/lib/gcc/avr/5.4.0/../../../avr/lib/avr5/libm.a(addsf3.o)
 .text          0x0000000000004a02        0x0 /usr/lib/gcc/avr/5.4.0/../../../avr/lib/avr5/libm.a(addsf3x.o)
 .text          0x0000000000004a02        0x0 /usr/lib/gcc/avr/5.4.0/../../../avr/lib/avr5/libm.a(cmpsf2.o)
 .text          0x0000000000004a02        0x0 /usr/lib/gcc/avr/5.4.0/../../../avr/lib/avr5/libm.a(divsf3.o)
 .text          0x0000000000004a02        0x0 /usr/lib/gcc/avr/5.4.0/../../../avr/lib/avr5/libm.a(divsf3x.o)
 .text          0x0000000000004a02        0x0 /usr/lib/gcc/avr/5.4.0/../../../avr/lib/avr5/libm.a(fixsfsi.o)
 .text          0x0000000000004a02        0x0 /usr/lib/gcc/avr/5.4.0/../../../avr/lib/avr5/libm.a(fixunssfsi.o)
 .text          0x0000000000004a02        0x0 /usr/lib/gcc/avr/5.4.0/../../../avr/lib/avr5/libm.a(floatsisf.o)
 .text          0x0000000000004a02        0x0 /usr/lib/gcc/avr/5.4.0/../../../avr/lib/avr5/libm.a(fp_cmp.o)
 .text          0x0000000000004a02        0x0 /usr/lib/gcc/avr/5.4.0/../../../avr/lib/avr5/libm.a(fp_inf.o)
 .text          0x0000000000004a02        0x0 /usr/lib/gcc/avr/5.4.0/../../../avr/lib/avr5/libm.a(fp_nan.o)
 .text          0x0000000000004a02        0x0 /usr/lib/gcc/avr/5.4.0/../../../avr/lib/avr5/libm.a(fp_pscA.o)
 .text          0x0000000000004a02        0x0 /usr/lib/gcc/avr/5.4.0/../../../avr/lib/avr5/libm.a(fp_pscB.o)
 .text          0x0000000000004a02        0x0 /usr/lib/gcc/avr/5.4.0/../../../avr/lib/avr5/libm.a(fp_round.o)
 .text          0x0000000000004a02        0x0 /usr/lib/gcc/avr/5.4.0/../../../avr/lib/avr5/libm.a(fp_split3.o)
 .text          0x0000000000004a02        0x0 /usr/lib/gcc/avr/5.4.0/../../../avr/lib/avr5/libm.a(fp_zero.o)
 .text          0x0000000000004a02        0x0 /usr/lib/gcc/avr/5.4.0/../../../avr/lib/avr5/libm.a(gesf2.o)
 .text          0x0000000000004a02        0x0 /usr/lib/gcc/avr/5.4.0/../../../avr/lib/avr5/libm.a(mulsf3.o)
 .text          0x0000000000004a02        0x0 /usr/lib/gcc/avr/5.4.0/../../../avr/lib/avr5/libm.a(mulsf3x.o)
 .text          0x0000000000004a02        0x0 /usr/lib/gcc/avr/5.4.0/../../../avr/lib/avr5/libm.a(sqrt.o)
 .text          0x0000000000004a02        0x0 /usr/lib/gcc/avr/5.4.0/../../../avr/lib/avr5/libm.a(fp_mpack.o)
 .text          0x0000000000004a02        0x0 /usr/lib/gcc/avr/5.4.0/../../../avr/lib/avr5/libm.a(fp_norm2.o)
                0x0000000000004a02                . = ALIGN (0x2)
 *(.text.*)
 .text.startup  0x0000000000004a02       0x9a main.o
                0x0000000000004a02                main
 .text.libgcc.mul
                0x0000000000004a9c        0x0 /usr/lib/gcc/avr/5.4.0/avr5/libgcc.a(_divmodsi4.o)
 .text.libgcc.div
                0x0000000000004a9c       0x2e /usr/lib/gcc/avr/5.4.0/avr5/libgcc.a(_divmodsi4.o)
                0x0000000000004a9c                __divmodsi4
 .text.libgcc   0x0000000000004aca        0x0 /usr/lib/gcc/avr/5.4.0/avr5/libgcc.a(_divmodsi4.o)
 .text.libgcc.prologue
                0x0000000000004aca        0x0 /usr/lib/gcc/avr/5.4.0/avr5/libgcc.a(_divmodsi4.o)
 .text.libgcc.builtins
                0x0000000000004aca        0x0 /usr/lib/gcc/avr/5.4.0/avr5/libgcc.a(_divmodsi4.o)
 .text.libgcc.fmul
                0x0000000000004aca        0x0 /usr/lib/gcc/avr/5.4.0/avr5/libgcc.a(_divmodsi4.o)
 .text.libgcc.fixed
                0x0000000000004aca        0x0 /usr/lib/gcc/avr/5.4.0/avr5/libgcc.a(_divmodsi4.o)
 .text.libgcc.mul
                0x0000000000004aca        0x0 /usr/lib/gcc/avr/5.4.0/avr5/libgcc.a(_negsi2.o)
 .text.libgcc.div
                0x0000000000004aca       0x10 /usr/lib/gcc/avr/5.4.0/avr5/libgcc.a(_negsi2.o)
                0x0000000000004aca                __negsi2
 .text.libgcc   0x0000000000004ada        0x0 /usr/lib/gcc/avr/5.4.0/avr5/libgcc.a(_negsi2.o)
 .text.libgcc.prologue
                0x0000000000004ada        0x0 /usr/lib/gcc/avr/5.4.0/avr5/libgcc.a(_negsi2.o)
 .text.libgcc.builtins
                0x0000000000004ada        0x0 /usr/lib/gcc/avr/5.4.0/avr5/libgcc.a(_negsi2.o)
 .text.libgcc.fmul
                0x0000000000004ada        0x0 /usr/lib/gcc/avr/5.4.0/avr5/libgcc.a(_negsi2.o)
 .text.libgcc.fixed
                0x0000000000004ada        0x0 /usr/lib/gcc/avr/5.4.0/avr5/libgcc.a(_negsi2.o)
 .text.libgcc.mul
                0x0000000000004ada        0x0 /usr/lib/gcc/avr/5.4.0/avr5/libgcc.a(_exit.o)
 .text.libgcc.div
                0x0000000000004ada        0x0 /usr/lib/gcc/avr/5.4.0/avr5/libgcc.a(_exit.o)
 .text.libgcc   0x0000000000004ada        0x0 /usr/lib/gcc/avr/5.4.0/avr5/libgcc.a(_exit.o)
 .text.libgcc.prologue
                0x0000000000004ada        0x0 /usr/lib/gcc/avr/5.4.0/avr5/libgcc.a(_exit.o)
 .text.libgcc.builtins
                0x0000000000004ada        0x0 /usr/lib/gcc/avr/5.4.0/avr5/libgcc.a(_exit.o)
 .text.libgcc.fmul
                0x0000000000004ada        0x0 /usr/lib/gcc/avr/5.4.0/avr5/libgcc.a(_exit.o)
 .text.libgcc.fixed
                0x0000000000004ada        0x0 /usr/lib/gcc/avr/5.4.0/avr5/libgcc.a(_exit.o)
 .text.libgcc.mul
                0x0000000000004ada        0x0 /usr/lib/gcc/avr/5.4.0/avr5/libgcc.a(_tablejump2.o)
 .text.libgcc.div
                0x0000000000004ada        0x0 /usr/lib/gcc/avr/5.4.0/avr5/libgcc.a(_tablejump2.o)
 .text.libgcc   0x0000000000004ada        0xc /usr/lib/gcc/avr/5.4.0/avr5/libgcc.a(_tablejump2.o)
                0x0000000000004ada                __tablejump2__
 .text.libgcc.prologue
                0x0000000000004ae6        0x0 /usr/lib/gcc/avr/5.4.0/avr5/libgcc.a(_tablejump2.o)
 .text.libgcc.builtins
                0x0000000000004ae6        0x0 /usr/lib/gcc/avr/5.4.0/avr5/libgcc.a(_tablejump2.o)
 .text.libgcc.fmul
                0x0000000000004ae6        0x0 /usr/lib/gcc/avr/5.4.0/avr5/libgcc.a(_tablejump2.o)
 .text.libgcc.fixed
                0x0000000000004ae6        0x0 /usr/lib/gcc/avr/5.4.0/avr5/libgcc.a(_tablejump2.o)
 .text.libgcc.mul
                0x0000000000004ae6        0x0 /usr/lib/gcc/avr/5.4.0/avr5/libgcc.a(_copy_data.o)
 .text.libgcc.div
                0x0000000000004ae6        0x0 /usr/lib/gcc/avr/5.4.0/avr5/libgcc.a(_copy_data.o)
 .text.libgcc   0x0000000000004ae6        0x0 /usr/lib/gcc/avr/5.4.0/avr5/libgcc.a(_copy_data.o)
 .text.libgcc.prologue
                0x0000000000004ae6        0x0 /usr/lib/gcc/avr/5.4.0/avr5/libgcc.a(_copy_data.o)
 .text.libgcc.builtins
                0x0000000000004ae6        0x0 /usr/lib/gcc/avr/5.4.0/avr5/libgcc.a(_copy_data.o)
 .text.libgcc.fmul
                0x0000000000004ae6        0x0 /usr/lib/gcc/avr/5.4.0/avr5/libgcc.a(_copy_data.o)
 .text.libgcc.fixed
                0x0000000000004ae6        0x0 /usr/lib/gcc/avr/5.4.0/avr5/libgcc.a(_copy_data.o)
 .text.libgcc.mul
                0x0000000000004ae6        0x0 /usr/lib/gcc/avr/5.4.0/avr5/libgcc.a(_clear_bss.o)
 .text.libgcc.div
                0x0000000000004ae6        0x0 /usr/lib/gcc/avr/5.4.0/avr5/libgcc.a(_clear_bss.o)
 .text.libgcc   0x0000000000004ae6        0x0 /usr/lib/gcc/avr/5.4.0/avr5/libgcc.a(_clear_bss.o)
 .text.libgcc.prologue
                0x0000000000004ae6        0x0 /usr/lib/gcc/avr/5.4.0/avr5/libgcc.a(_clear_bss.o)
 .text.libgcc.builtins
                0x0000000000004ae6        0x0 /usr/lib/gcc/avr/5.4.0/avr5/libgcc.a(_clear_bss.o)
 .text.libgcc.fmul
                0x0000000000004ae6        0x0 /usr/lib/gcc/avr/5.4.0/avr5/libgcc.a(_clear_bss.o)
 .text.libgcc.fixed
                0x0000000000004ae6        0x0 /usr/lib/gcc/avr/5.4.0/avr5/libgcc.a(_clear_bss.o)
 .text.libgcc.mul
                0x0000000000004ae6        0x0 /usr/lib/gcc/avr/5.4.0/avr5/libgcc.a(_udivmodsi4.o)
 .text.libgcc.div
                0x0000000000004ae6       0x44 /usr/lib/gcc/avr/5.4.0/avr5/libgcc.a(_udivmodsi4.o)
                0x0000000000004ae6                __udivmodsi4
 .text.libgcc   0x0000000000004b2a        0x0 /usr/lib/gcc/avr/5.4.0/avr5/libgcc.a(_udivmodsi4.o)
 .text.libgcc.prologue
                0x0000000000004b2a        0x0 /usr/lib/gcc/avr/5.4.0/avr5/libgcc.a(_udivmodsi4.o)
 .text.libgcc.builtins
                0x0000000000004b2a        0x0 /usr/lib/gcc/avr/5.4.0/avr5/libgcc.a(_udivmodsi4.o)
 .text.libgcc.fmul
                0x0000000000004b2a        0x0 /usr/lib/gcc/avr/5.4.0/avr5/libgcc.a(_udivmodsi4.o)
 .text.libgcc.fixed
                0x0000000000004b2a        0x0 /usr/lib/gcc/avr/5.4.0/avr5/libgcc.a(_udivmodsi4.o)
 .text.avr-libc.fplib
                0x0000000000004b2a        0xe /usr/lib/gcc/avr/5.4.0/../../../avr/lib/avr5/libm.a(addsf3.o)
                0x0000000000004b2a                __subsf3
                0x0000000000004b2c                __addsf3
 .text.avr-libc.fplib
                0x0000000000004b38       0xcc /usr/lib/gcc/avr/5.4.0/../../../avr/lib/avr5/libm.a(addsf3x.o)
                0x0000000000004b5a                __addsf3x
 .text.avr-libc.fplib
                0x0000000000004c04        0xa /usr/lib/gcc/avr/5.4.0/../../../avr/lib/avr5/libm.a(cmpsf2.o)
                0x0000000000004c04                __lesf2
                0x0000000000004c04                __nesf2
                0x0000000000004c04                __eqsf2
                0x0000000000004c04                __cmpsf2
                0x0000000000004c04                __ltsf2
 .text.avr-libc.fplib
                0x0000000000004c0e        0x8 /usr/lib/gcc/avr/5.4.0/../../../avr/lib/avr5/libm.a(divsf3.o)
                0x0000000000004c0e                __divsf3
 .text.avr-libc.fplib
                0x0000000000004c16       0xdc /usr/lib/gcc/avr/5.4.0/../../../avr/lib/avr5/libm.a(divsf3x.o)
                0x0000000000004c36                __divsf3x
                0x0000000000004c3c                __divsf3_pse
 .text.avr-libc.fplib
                0x0000000000004cf2        0xe /usr/lib/gcc/avr/5.4.0/../../../avr/lib/avr5/libm.a(fixsfsi.o)
                0x0000000000004cf2                __fixsfsi
 .text.avr-libc.fplib
                0x0000000000004d00       0x5e /usr/lib/gcc/avr/5.4.0/../../../avr/lib/avr5/libm.a(fixunssfsi.o)
                0x0000000000004d00                __fixunssfsi
 .text.avr-libc.fplib
                0x0000000000004d5e       0x7a /usr/lib/gcc/avr/5.4.0/../../../avr/lib/avr5/libm.a(floatsisf.o)
                0x0000000000004d5e                __floatunsisf
                0x0000000000004d62                __floatsisf
 .text.avr-libc.fplib
                0x0000000000004dd8       0x48 /usr/lib/gcc/avr/5.4.0/../../../avr/lib/avr5/libm.a(fp_cmp.o)
                0x0000000000004dd8                __fp_cmp
 .text.avr-libc.fplib
                0x0000000000004e20        0xc /usr/lib/gcc/avr/5.4.0/../../../avr/lib/avr5/libm.a(fp_inf.o)
                0x0000000000004e20                __fp_inf
 .text.avr-libc.fplib
                0x0000000000004e2c        0x6 /usr/lib/gcc/avr/5.4.0/../../../avr/lib/avr5/libm.a(fp_nan.o)
                0x0000000000004e2c                __fp_nan
 .text.avr-libc.fplib
                0x0000000000004e32        0xe /usr/lib/gcc/avr/5.4.0/../../../avr/lib/avr5/libm.a(fp_pscA.o)
                0x0000000000004e32                __fp_pscA
 .text.avr-libc.fplib
                0x0000000000004e40        0xe /usr/lib/gcc/avr/5.4.0/../../../avr/lib/avr5/libm.a(fp_pscB.o)
                0x0000000000004e40                __fp_pscB
 .text.avr-libc.fplib
                0x0000000000004e4e       0x22 /usr/lib/gcc/avr/5.4.0/../../../avr/lib/avr5/libm.a(fp_round.o)
                0x0000000000004e4e                __fp_round
 .text.avr-libc.fplib
                0x0000000000004e70       0x44 /usr/lib/gcc/avr/5.4.0/../../../avr/lib/avr5/libm.a(fp_split3.o)
                0x0000000000004e70                __fp_split3
                0x0000000000004e80                __fp_splitA
 .text.avr-libc.fplib
                0x0000000000004eb4        0xe /usr/lib/gcc/avr/5.4.0/../../../avr/lib/avr5/libm.a(fp_zero.o)
                0x0000000000004eb4                __fp_zero
                0x0000000000004eb6                __fp_szero
 .text.avr-libc.fplib
                0x0000000000004ec2        0xa /usr/lib/gcc/avr/5.4.0/../../../avr/lib/avr5/libm.a(gesf2.o)
                0x0000000000004ec2                __gtsf2
                0x0000000000004ec2                __gesf2
 .text.avr-libc.fplib
                0x0000000000004ecc        0x8 /usr/lib/gcc/avr/5.4.0/../../../avr/lib/avr5/libm.a(mulsf3.o)
                0x0000000000004ecc                __mulsf3
 .text.avr-libc.fplib
                0x0000000000004ed4       0xd2 /usr/lib/gcc/avr/5.4.0/../../../avr/lib/avr5/libm.a(mulsf3x.o)
                0x0000000000004ef2                __mulsf3x
                0x0000000000004ef8                __mulsf3_pse
 .text.avr-libc.fplib
                0x0000000000004fa6       0x8c /usr/lib/gcc/avr/5.4.0/../../../avr/lib/avr5/libm.a(sqrt.o)
                0x0000000000004fb2                sqrt
                0x0000000000004fb2                sqrtf
 .text.avr-libc.fplib
                0x0000000000005032       0x1c /usr/lib/gcc/avr/5.4.0/../../../avr/lib/avr5/libm.a(fp_mpack.o)
                0x0000000000005032                __fp_mpack
                0x0000000000005036                __fp_mpack_finite
 .text.avr-libc.fplib
                0x000000000000504e        0xe /usr/lib/gcc/avr/5.4.0/../../../avr/lib/avr5/libm.a(fp_norm2.o)
                0x000000000000504e                __fp_norm2
                0x000000000000505c                . = ALIGN (0x2)
 *(.fini9)
 .fini9         0x000000000000505c        0x0 /usr/lib/gcc/avr/5.4.0/avr5/libgcc.a(_exit.o)
                0x000000000000505c                exit
                0x000000000000505c                _exit
 *(.fini9)
 *(.fini8)
 *(.fini8)
 *(.fini7)
 *(.fini7)
 *(.fini6)
 *(.fini6)
 *(.fini5)
 *(.fini5)
 *(.fini4)
 *(.fini4)
 *(.fini3)
 *(.fini3)
 *(.fini2)
 *(.fini2)
 *(.fini1)
 *(.fini1)
 *(.fini0)
 .fini0         0x000000000000505c        0x4 /usr/lib/gcc/avr/5.4.0/avr5/libgcc.a(_exit.o)
 *(.fini0)
                0x0000000000005060                _etext = .

.siminfo        0x0000000000005060       0x28
 .siminfo       0x0000000000005060       0x28 simulavr_info.o
                0x0000000000005060                siminfo_serial_out
                0x000000000000506b                siminfo_serial_in
                0x0000000000005076                siminfo_cpufrequency
                0x000000000000507c                siminfo_device

.data           0x0000000000800100      0x212 load address 0x0000000000005088
                0x0000000000800100                PROVIDE (__data_start, .)
 *(.data)
 .data          0x0000000000800100        0x0 /usr/lib/gcc/avr/5.4.0/../../../avr/lib/avr5/crtatmega328p.o
 .data          0x0000000000800100        0x0 main.o
 .data          0x0000000000800100        0x0 simulavr_info.o
 .data          0x0000000000800100        0x0 node.o
 .data          0x0000000000800100        0x0 pdr_data.o
 .data          0x0000000000800100        0x1 vprofiler.o
 .data          0x0000000000800101        0x0 systemtimer.o
 .data          0x0000000000800101        0x0 stepdir_out.o
 .data          0x0000000000800101        0x0 channels.o
 .data          0x0000000000800101        0xd entityStepper1.o
                0x0000000000800102                requested_acceleration
                0x0000000000800106                requested_velocity
                0x000000000080010a                requested_position
 .data          0x000000000080010e        0x0 NumericEffecter.o
 .data          0x000000000080010e        0x0 StateEffecter.o
 .data          0x000000000080010e        0x0 StateSensor.o
 .data          0x000000000080010e        0x0 NumericSensor.o
 .data          0x000000000080010e        0x0 EventGenerator.o
 .data          0x000000000080010e        0x0 mctp.o
 .data          0x000000000080010e        0x0 uart.o
 .data          0x000000000080010e        0x0 crc8.o
 .data          0x000000000080010e        0x0 fcs.o
 .data          0x000000000080010e        0x0 /usr/lib/gcc/avr/5.4.0/avr5/libgcc.a(_divmodsi4.o)
 .data          0x000000000080010e        0x0 /usr/lib/gcc/avr/5.4.0/avr5/libgcc.a(_negsi2.o)
 .data          0x000000000080010e        0x0 /usr/lib/gcc/avr/5.4.0/avr5/libgcc.a(_exit.o)
 .data          0x000000000080010e        0x0 /usr/lib/gcc/avr/5.4.0/avr5/libgcc.a(_tablejump2.o)
 .data          0x000000000080010e        0x0 /usr/lib/gcc/avr/5.4.0/avr5/libgcc.a(_copy_data.o)
 .data          0x000000000080010e        0x0 /usr/lib/gcc/avr/5.4.0/avr5/libgcc.a(_clear_bss.o)
 .data          0x000000000080010e        0x0 /usr/lib/gcc/avr/5.4.0/avr5/libgcc.a(_udivmodsi4.o)
 .data          0x000000000080010e        0x0 /usr/lib/gcc/avr/5.4.0/../../../avr/lib/avr5/libm.a(addsf3.o)
 .data          0x000000000080010e        0x0 /usr/lib/gcc/avr/5.4.0/../../../avr/lib/avr5/libm.a(addsf3x.o)
 .data          0x000000000080010e        0x0 /usr/lib/gcc/avr/5.4.0/../../../avr/lib/avr5/libm.a(cmpsf2.o)
 .data          0x000000000080010e        0x0 /usr/lib/gcc/avr/5.4.0/../../../avr/lib/avr5/libm.a(divsf3.o)
 .data          0x000000000080010e        0x0 /usr/lib/gcc/avr/5.4.0/../../../avr/lib/avr5/libm.a(divsf3x.o)
 .data          0x000000000080010e        0x0 /usr/lib/gcc/avr/5.4.0/../../../avr/lib/avr5/libm.a(fixsfsi.o)
 .data          0x000000000080010e        0x0 /usr/lib/gcc/avr/5.4.0/../../../avr/lib/avr5/libm.a(fixunssfsi.o)
 .data          0x000000000080010e        0x0 /usr/lib/gcc/avr/5.4.0/../../../avr/lib/avr5/libm.a(floatsisf.o)
 .data          0x000000000080010e        0x0 /usr/lib/gcc/avr/5.4.0/../../../avr/lib/avr5/libm.a(fp_cmp.o)
 .data          0x000000000080010e        0x0 /usr/lib/gcc/avr/5.4.0/../../../avr/lib/avr5/libm.a(fp_inf.o)
 .data          0x000000000080010e        0x0 /usr/lib/gcc/avr/5.4.0/../../../avr/lib/avr5/libm.a(fp_nan.o)
 .data          0x000000000080010e        0x0 /usr/lib/gcc/avr/5.4.0/../../../avr/lib/avr5/libm.a(fp_pscA.o)
 .data          0x000000000080010e        0x0 /usr/lib/gcc/avr/5.4.0/../../../avr/lib/avr5/libm.a(fp_pscB.o)
 .data          0x000000000080010e        0x0 /usr/lib/gcc/avr/5.4.0/../../../avr/lib/avr5/libm.a(fp_round.o)
 .data          0x000000000080010e        0x0 /usr/lib/gcc/avr/5.4.0/../../../avr/lib/avr5/libm.a(fp_split3.o)
 .data          0x000000000080010e        0x0 /usr/lib/gcc/avr/5.4.0/../../../avr/lib/avr5/libm.a(fp_zero.o)
 .data          0x000000000080010e        0x0 /usr/lib/gcc/avr/5.4.0/../../../avr/lib/avr5/libm.a(gesf2.o)
 .data          0x000000000080010e        0x0 /usr/lib/gcc/avr/5.4.0/../../../avr/lib/avr5/libm.a(mulsf3.o)
 .data          0x000000000080010e        0x0 /usr/lib/gcc/avr/5.4.0/../../../avr/lib/avr5/libm.a(mulsf3x.o)
 .data          0x000000000080010e        0x0 /usr/lib/gcc/avr/5.4.0/../../../avr/lib/avr5/libm.a(sqrt.o)
 .data          0x000000000080010e        0x0 /usr/lib/gcc/avr/5.4.0/../../../avr/lib/avr5/libm.a(fp_mpack.o)
 .data          0x000000000080010e        0x0 /usr/lib/gcc/avr/5.4.0/../../../avr/lib/avr5/libm.a(fp_norm2.o)
 *(.data*)
 *(.gnu.linkonce.d*)
 *(.rodata)
 .rodata        0x000000000080010e        0x4 mctp.o
 .rodata        0x0000000000800112      0x200 fcs.o
 *(.rodata*)
 *(.gnu.linkonce.r*)
                0x0000000000800312                . = ALIGN (0x2)
                0x0000000000800312                _edata = .
                0x0000000000800312                PROVIDE (__data_end, .)

.bss            0x0000000000800312      0x296
                0x0000000000800312                PROVIDE (__bss_start, .)
 *(.bss)
 .bss           0x0000000000800312        0x0 /usr/lib/gcc/avr/5.4.0/../../../avr/lib/avr5/crtatmega328p.o
 .bss           0x0000000000800312        0x0 main.o
 .bss           0x0000000000800312        0x0 simulavr_info.o
 .bss           0x0000000000800312        0x9 node.o
 .bss           0x000000000080031b        0x0 pdr_data.o
 .bss           0x000000000080031b       0x86 vprofiler.o
 .bss           0x00000000008003a1       0x1d systemtimer.o
 .bss           0x00000000008003be        0x0 stepdir_out.o
 .bss           0x00000000008003be        0x4 channels.o
 .bss           0x00000000008003c2       0xc9 entityStepper1.o
                0x00000000008003c2                current_position
                0x00000000008003c6                servo_flags
                0x00000000008003c7                servo_mode
                0x00000000008003c8                servo_cmd
 .bss           0x000000000080048b        0x0 NumericEffecter.o
 .bss           0x000000000080048b        0x0 StateEffecter.o
 .bss           0x000000000080048b        0x0 StateSensor.o
 .bss           0x000000000080048b        0x0 NumericSensor.o
 .bss           0x000000000080048b        0x0 EventGenerator.o
 .bss           0x000000000080048b        0x5 mctp.o
 .bss           0x0000000000800490       0x84 uart.o
 .bss           0x0000000000800514        0x0 crc8.o
 .bss           0x0000000000800514        0x0 fcs.o
 .bss           0x0000000000800514        0x0 /usr/lib/gcc/avr/5.4.0/avr5/libgcc.a(_divmodsi4.o)
 .bss           0x0000000000800514        0x0 /usr/lib/gcc/avr/5.4.0/avr5/libgcc.a(_negsi2.o)
 .bss           0x0000000000800514        0x0 /usr/lib/gcc/avr/5.4.0/avr5/libgcc.a(_exit.o)
 .bss           0x0000000000800514        0x0 /usr/lib/gcc/avr/5.4.0/avr5/libgcc.a(_tablejump2.o)
 .bss           0x0000000000800514        0x0 /usr/lib/gcc/avr/5.4.0/avr5/libgcc.a(_copy_data.o)
 .bss           0x0000000000800514        0x0 /usr/lib/gcc/avr/5.4.0/avr5/libgcc.a(_clear_bss.o)
 .bss           0x0000000000800514        0x0 /usr/lib/gcc/avr/5.4.0/avr5/libgcc.a(_udivmodsi4.o)
 .bss           0x0000000000800514        0x0 /usr/lib/gcc/avr/5.4.0/../../../avr/lib/avr5/libm.a(addsf3.o)
 .bss           0x0000000000800514        0x0 /usr/lib/gcc/avr/5.4.0/../../../avr/lib/avr5/libm.a(addsf3x.o)
 .bss           0x0000000000800514        0x0 /usr/lib/gcc/avr/5.4.0/../../../avr/lib/avr5/libm.a(cmpsf2.o)
 .bss           0x0000000000800514        0x0 /usr/lib/gcc/avr/5.4.0/../../../avr/lib/avr5/libm.a(divsf3.o)
 .bss           0x0000000000800514        0x0 /usr/lib/gcc/avr/5.4.0/../../../avr/lib/avr5/libm.a(divsf3x.o)
 .bss           0x0000000000800514        0x0 /usr/lib/gcc/avr/5.4.0/../../../avr/lib/avr5/libm.a(fixsfsi.o)
 .bss           0x0000000000800514        0x0 /usr/lib/gcc/avr/5.4.0/../../../avr/lib/avr5/libm.a(fixunssfsi.o)
 .bss           0x0000000000800514        0x0 /usr/lib/gcc/avr/5.4.0/../../../avr/lib/avr5/libm.a(floatsisf.o)
 .bss           0x0000000000800514        0x0 /usr/lib/gcc/avr/5.4.0/../../../avr/lib/avr5/libm.a(fp_cmp.o)
 .bss           0x0000000000800514        0x0 /usr/lib/gcc/avr/5.4.0/../../../avr/lib/avr5/libm.a(fp_inf.o)
 .bss           0x0000000000800514        0x0 /usr/lib/gcc/avr/5.4.0/../../../avr/lib/avr5/libm.a(fp_nan.o)
 .bss           0x0000000000800514        0x0 /usr/lib/gcc/avr/5.4.0/../../../avr/lib/avr5/libm.a(fp_pscA.o)
 .bss           0x0000000000800514        0x0 /usr/lib/gcc/avr/5.4.0/../../../avr/lib/avr5/libm.a(fp_pscB.o)
 .bss           0x0000000000800514        0x0 /usr/lib/gcc/avr/5.4.0/../../../avr/lib/avr5/libm.a(fp_round.o)
 .bss           0x0000000000800514        0x0 /usr/lib/gcc/avr/5.4.0/../../../avr/lib/avr5/libm.a(fp_split3.o)
 .bss           0x0000000000800514        0x0 /usr/lib/gcc/avr/5.4.0/../../../avr/lib/avr5/libm.a(fp_zero.o)
 .bss           0x0000000000800514        0x0 /usr/lib/gcc/avr/5.4.0/../../../avr/lib/avr5/libm.a(gesf2.o)
 .bss           0x0000000000800514        0x0 /usr/lib/gcc/avr/5.4.0/../../../avr/lib/avr5/libm.a(mulsf3.o)
 .bss           0x0000000000800514        0x0 /usr/lib/gcc/avr/5.4.0/../../../avr/lib/avr5/libm.a(mulsf3x.o)
 .bss           0x0000000000800514        0x0 /usr/lib/gcc/avr/5.4.0/../../../avr/lib/avr5/libm.a(sqrt.o)
 .bss           0x0000000000800514        0x0 /usr/lib/gcc/avr/5.4.0/../../../avr/lib/avr5/libm.a(fp_mpack.o)
 .bss           0x0000000000800514        0x0 /usr/lib/gcc/avr/5.4.0/../../../avr/lib/avr5/libm.a(fp_norm2.o)
 *(.bss*)
 *(COMMON)
 COMMON         0x0000000000800514        0x1 node.o
                0x0000000000800514                tid
 COMMON         0x0000000000800515        0x4 vprofiler.o
                0x0000000000800515                current_velocity
 COMMON         0x0000000000800519        0x3 channels.o
                0x0000000000800519                step_dir_out1_step_rawdata
                0x000000000080051b                setp_dir_out1_dir_rawdata
 COMMON         0x000000000080051c        0x4 entityStepper1.o
                0x000000000080051c                requested_kffa
 COMMON         0x0000000000800520       0x88 mctp.o
                0x0000000000800520                mctp_context
                0x00000000008005a8                PROVIDE (__bss_end, .)
                0x0000000000005088                __data_load_start = LOADADDR (.data)
                0x000000000000529a                __data_load_end = (__data_load_start + SIZEOF (.data))

.noinit         0x00000000008005a8        0x0
                [!provide]                        PROVIDE (__noinit_start, .)
 *(.noinit*)
                [!provide]                        PROVIDE (__noinit_end, .)
                0x00000000008005a8                _end = .
                [!provide]                        PROVIDE (__heap_start, .)

.eeprom         0x0000000000810000        0x0
 *(.eeprom*)
                0x0000000000810000                __eeprom_end = .

.fuse
 *(.fuse)
 *(.lfuse)
 *(.hfuse)
 *(.efuse)

.lock
 *(.lock*)

.signature
 *(.signature*)

.user_signatures
 *(.user_signatures*)

.stab
 *(.stab)

.stabstr
 *(.stabstr)

.stab.excl
 *(.stab.excl)

.stab.exclstr
 *(.stab.exclstr)

.stab.index
 *(.stab.index)

.stab.indexstr
 *(.stab.indexstr)

.comment        0x0000000000000000       0x11
 *(.comment)
 .comment       0x0000000000000000       0x11 main.o
                                         0x12 (size before relaxing)
 .comment       0x0000000000000011       0x12 simulavr_info.o
 .comment       0x0000000000000011       0x12 node.o
 .comment       0x0000000000000011       0x12 pdr_data.o
 .comment       0x0000000000000011       0x12 vprofiler.o
 .comment       0x0000000000000011       0x12 systemtimer.o
 .comment       0x0000000000000011       0x12 stepdir_out.o
 .comment       0x0000000000000011       0x12 channels.o
 .comment       0x0000000000000011       0x12 entityStepper1.o
 .comment       0x0000000000000011       0x12 NumericEffecter.o
 .comment       0x0000000000000011       0x12 StateEffecter.o
 .comment       0x0000000000000011       0x12 StateSensor.o
 .comment       0x0000000000000011       0x12 NumericSensor.o
 .comment       0x0000000000000011       0x12 EventGenerator.o
 .comment       0x0000000000000011       0x12 mctp.o
 .comment       0x0000000000000011       0x12 uart.o
 .comment       0x0000000000000011       0x12 crc8.o
 .comment       0x0000000000000011       0x12 fcs.o

.note.gnu.avr.deviceinfo
                0x0000000000000000       0x40
 .note.gnu.avr.deviceinfo
                0x0000000000000000       0x40 /usr/lib/gcc/avr/5.4.0/../../../avr/lib/avr5/crtatmega328p.o

.note.gnu.build-id
 *(.note.gnu.build-id)

.debug
 *(.debug)

.line
 *(.line)

.debug_srcinfo
 *(.debug_srcinfo)

.debug_sfnames
 *(.debug_sfnames)

.debug_aranges
 *(.debug_aranges)

.debug_pubnames
 *(.debug_pubnames)

.debug_info     0x0000000000000000      0x5f4
 *(.debug_info .gnu.linkonce.wi.*)
 .debug_info    0x0000000000000000      0x5f4 /usr/lib/gcc/avr/5.4.0/../../../avr/lib/avr5/crtatmega328p.o

.debug_abbrev   0x0000000000000000      0x5a2
 *(.debug_abbrev)
 .debug_abbrev  0x0000000000000000      0x5a2 /usr/lib/gcc/avr/5.4.0/../../../avr/lib/avr5/crtatmega328p.o

.debug_line     0x0000000000000000       0x1a
 *(.debug_line .debug_line.* .debug_line_end)
 .debug_line    0x0000000000000000       0x1a /usr/lib/gcc/avr/5.4.0/../../../avr/lib/avr5/crtatmega328p.o

.debug_frame
 *(.debug_frame)

.debug_str      0x0000000000000000      0x208
 *(.debug_str)
 .debug_str     0x0000000000000000      0x208 /usr/lib/gcc/avr/5.4.0/../../../avr/lib/avr5/crtatmega328p.o

.debug_loc
 *(.debug_loc)

.debug_macinfo
 *(.debug_macinfo)

.debug_weaknames
 *(.debug_weaknames)

.debug_funcnames
 *(.debug_funcnames)

.debug_typenames
 *(.debug_typenames)

.debug_varnames
 *(.debug_varnames)

.debug_pubtypes
 *(.debug_pubtypes)

.debug_ranges
 *(.debug_ranges)

.debug_macro
 *(.debug_macro)
OUTPUT(userver.elf elf32-avr)
LOAD linker stubs

Cross Reference Table

Symbol                                            File
__FUSE_REGION_LENGTH__                            /usr/lib/gcc/avr/5.4.0/../../../avr/lib/avr5/crtatmega328p.o
__addsf3                                          /usr/lib/gcc/avr/5.4.0/../../../avr/lib/avr5/libm.a(addsf3.o)
                                                  vprofiler.o
__addsf3x                                         /usr/lib/gcc/avr/5.4.0/../../../avr/lib/avr5/libm.a(addsf3x.o)
                                                  /usr/lib/gcc/avr/5.4.0/../../../avr/lib/avr5/libm.a(addsf3.o)
__bad_interrupt                                   /usr/lib/gcc/avr/5.4.0/../../../avr/lib/avr5/crtatmega328p.o
__bss_end                                         /usr/lib/gcc/avr/5.4.0/avr5/libgcc.a(_clear_bss.o)
__bss_start                                       /usr/lib/gcc/avr/5.4.0/avr5/libgcc.a(_clear_bss.o)
__cmpsf2                                          /usr/lib/gcc/avr/5.4.0/../../../avr/lib/avr5/libm.a(cmpsf2.o)
__data_end                                        /usr/lib/gcc/avr/5.4.0/avr5/libgcc.a(_copy_data.o)
__data_load_start                                 /usr/lib/gcc/avr/5.4.0/avr5/libgcc.a(_copy_data.o)
__data_start                                      /usr/lib/gcc/avr/5.4.0/avr5/libgcc.a(_copy_data.o)
__divmodsi4                                       /usr/lib/gcc/avr/5.4.0/avr5/libgcc.a(_divmodsi4.o)
                                                  stepdir_out.o
                                                  vprofiler.o
__divsf3                                          /usr/lib/gcc/avr/5.4.0/../../../avr/lib/avr5/libm.a(divsf3.o)
                                                  vprofiler.o
__divsf3_pse                                      /usr/lib/gcc/avr/5.4.0/../../../avr/lib/avr5/libm.a(divsf3x.o)
__divsf3x                                         /usr/lib/gcc/avr/5.4.0/../../../avr/lib/avr5/libm.a(divsf3x.o)
                                                  /usr/lib/gcc/avr/5.4.0/../../../avr/lib/avr5/libm.a(divsf3.o)
__do_clear_bss                                    /usr/lib/gcc/avr/5.4.0/avr5/libgcc.a(_clear_bss.o)
                                                  uart.o
                                                  mctp.o
                                                  entityStepper1.o
                                                  channels.o
                                                  systemtimer.o
                                                  vprofiler.o
                                                  node.o
__do_copy_data                                    /usr/lib/gcc/avr/5.4.0/avr5/libgcc.a(_copy_data.o)
                                                  fcs.o
                                                  mctp.o
                                                  entityStepper1.o
                                                  vprofiler.o
__eqsf2                                           /usr/lib/gcc/avr/5.4.0/../../../avr/lib/avr5/libm.a(cmpsf2.o)
__fixsfsi                                         /usr/lib/gcc/avr/5.4.0/../../../avr/lib/avr5/libm.a(fixsfsi.o)
                                                  vprofiler.o
__fixunssfsi                                      /usr/lib/gcc/avr/5.4.0/../../../avr/lib/avr5/libm.a(fixunssfsi.o)
                                                  /usr/lib/gcc/avr/5.4.0/../../../avr/lib/avr5/libm.a(fixsfsi.o)
__floatsisf                                       /usr/lib/gcc/avr/5.4.0/../../../avr/lib/avr5/libm.a(floatsisf.o)
                                                  vprofiler.o
__floatunsisf                                     /usr/lib/gcc/avr/5.4.0/../../../avr/lib/avr5/libm.a(floatsisf.o)
__fp_cmp                                          /usr/lib/gcc/avr/5.4.0/../../../avr/lib/avr5/libm.a(fp_cmp.o)
                                                  /usr/lib/gcc/avr/5.4.0/../../../avr/lib/avr5/libm.a(gesf2.o)
                                                  /usr/lib/gcc/avr/5.4.0/../../../avr/lib/avr5/libm.a(cmpsf2.o)
__fp_inf                                          /usr/lib/gcc/avr/5.4.0/../../../avr/lib/avr5/libm.a(fp_inf.o)
                                                  /usr/lib/gcc/avr/5.4.0/../../../avr/lib/avr5/libm.a(mulsf3x.o)
                                                  /usr/lib/gcc/avr/5.4.0/../../../avr/lib/avr5/libm.a(divsf3x.o)
                                                  /usr/lib/gcc/avr/5.4.0/../../../avr/lib/avr5/libm.a(addsf3x.o)
__fp_mpack                                        /usr/lib/gcc/avr/5.4.0/../../../avr/lib/avr5/libm.a(fp_mpack.o)
                                                  /usr/lib/gcc/avr/5.4.0/../../../avr/lib/avr5/libm.a(sqrt.o)
__fp_mpack_finite                                 /usr/lib/gcc/avr/5.4.0/../../../avr/lib/avr5/libm.a(fp_mpack.o)
__fp_nan                                          /usr/lib/gcc/avr/5.4.0/../../../avr/lib/avr5/libm.a(fp_nan.o)
                                                  /usr/lib/gcc/avr/5.4.0/../../../avr/lib/avr5/libm.a(sqrt.o)
                                                  /usr/lib/gcc/avr/5.4.0/../../../avr/lib/avr5/libm.a(mulsf3x.o)
                                                  /usr/lib/gcc/avr/5.4.0/../../../avr/lib/avr5/libm.a(divsf3x.o)
                                                  /usr/lib/gcc/avr/5.4.0/../../../avr/lib/avr5/libm.a(addsf3x.o)
__fp_norm2                                        /usr/lib/gcc/avr/5.4.0/../../../avr/lib/avr5/libm.a(fp_norm2.o)
                                                  /usr/lib/gcc/avr/5.4.0/../../../avr/lib/avr5/libm.a(sqrt.o)
__fp_pscA                                         /usr/lib/gcc/avr/5.4.0/../../../avr/lib/avr5/libm.a(fp_pscA.o)
                                                  /usr/lib/gcc/avr/5.4.0/../../../avr/lib/avr5/libm.a(mulsf3x.o)
                                                  /usr/lib/gcc/avr/5.4.0/../../../avr/lib/avr5/libm.a(divsf3x.o)
                                                  /usr/lib/gcc/avr/5.4.0/../../../avr/lib/avr5/libm.a(addsf3x.o)
__fp_pscB                                         /usr/lib/gcc/avr/5.4.0/../../../avr/lib/avr5/libm.a(fp_pscB.o)
                                                  /usr/lib/gcc/avr/5.4.0/../../../avr/lib/avr5/libm.a(mulsf3x.o)
                                                  /usr/lib/gcc/avr/5.4.0/../../../avr/lib/avr5/libm.a(divsf3x.o)
                                                  /usr/lib/gcc/avr/5.4.0/../../../avr/lib/avr5/libm.a(addsf3x.o)
__fp_round                                        /usr/lib/gcc/avr/5.4.0/../../../avr/lib/avr5/libm.a(fp_round.o)
                                                  /usr/lib/gcc/avr/5.4.0/../../../avr/lib/avr5/libm.a(mulsf3.o)
                                                  /usr/lib/gcc/avr/5.4.0/../../../avr/lib/avr5/libm.a(divsf3.o)
                                                  /usr/lib/gcc/avr/5.4.0/../../../avr/lib/avr5/libm.a(addsf3.o)
__fp_split3                                       /usr/lib/gcc/avr/5.4.0/../../../avr/lib/avr5/libm.a(fp_split3.o)
                                                  /usr/lib/gcc/avr/5.4.0/../../../avr/lib/avr5/libm.a(mulsf3x.o)
                                                  /usr/lib/gcc/avr/5.4.0/../../../avr/lib/avr5/libm.a(divsf3x.o)
                                                  /usr/lib/gcc/avr/5.4.0/../../../avr/lib/avr5/libm.a(addsf3x.o)
__fp_splitA                                       /usr/lib/gcc/avr/5.4.0/../../../avr/lib/avr5/libm.a(fp_split3.o)
                                                  /usr/lib/gcc/avr/5.4.0/../../../avr/lib/avr5/libm.a(sqrt.o)
                                                  /usr/lib/gcc/avr/5.4.0/../../../avr/lib/avr5/libm.a(fixunssfsi.o)
__fp_szero                                        /usr/lib/gcc/avr/5.4.0/../../../avr/lib/avr5/libm.a(fp_zero.o)
                                                  /usr/lib/gcc/avr/5.4.0/../../../avr/lib/avr5/libm.a(mulsf3x.o)
                                                  /usr/lib/gcc/avr/5.4.0/../../../avr/lib/avr5/libm.a(fixsfsi.o)
                                                  /usr/lib/gcc/avr/5.4.0/../../../avr/lib/avr5/libm.a(divsf3x.o)
__fp_zero                                         /usr/lib/gcc/avr/5.4.0/../../../avr/lib/avr5/libm.a(fp_zero.o)
                                                  /usr/lib/gcc/avr/5.4.0/../../../avr/lib/avr5/libm.a(fixunssfsi.o)
                                                  /usr/lib/gcc/avr/5.4.0/../../../avr/lib/avr5/libm.a(addsf3x.o)
__gesf2                                           /usr/lib/gcc/avr/5.4.0/../../../avr/lib/avr5/libm.a(gesf2.o)
                                                  vprofiler.o
__gtsf2                                           /usr/lib/gcc/avr/5.4.0/../../../avr/lib/avr5/libm.a(gesf2.o)
__heap_end                                        /usr/lib/gcc/avr/5.4.0/../../../avr/lib/avr5/crtatmega328p.o
__init                                            /usr/lib/gcc/avr/5.4.0/../../../avr/lib/avr5/crtatmega328p.o
__lesf2                                           /usr/lib/gcc/avr/5.4.0/../../../avr/lib/avr5/libm.a(cmpsf2.o)
__ltsf2                                           /usr/lib/gcc/avr/5.4.0/../../../avr/lib/avr5/libm.a(cmpsf2.o)
                                                  vprofiler.o
__mulsf3                                          /usr/lib/gcc/avr/5.4.0/../../../avr/lib/avr5/libm.a(mulsf3.o)
                                                  vprofiler.o
__mulsf3_pse                                      /usr/lib/gcc/avr/5.4.0/../../../avr/lib/avr5/libm.a(mulsf3x.o)
__mulsf3x                                         /usr/lib/gcc/avr/5.4.0/../../../avr/lib/avr5/libm.a(mulsf3x.o)
                                                  /usr/lib/gcc/avr/5.4.0/../../../avr/lib/avr5/libm.a(mulsf3.o)
__negsi2                                          /usr/lib/gcc/avr/5.4.0/avr5/libgcc.a(_negsi2.o)
                                                  /usr/lib/gcc/avr/5.4.0/avr5/libgcc.a(_divmodsi4.o)
__nesf2                                           /usr/lib/gcc/avr/5.4.0/../../../avr/lib/avr5/libm.a(cmpsf2.o)
__pdr_data                                        pdr_data.o
                                                  node.o
__stack                                           /usr/lib/gcc/avr/5.4.0/../../../avr/lib/avr5/crtatmega328p.o
__subsf3                                          /usr/lib/gcc/avr/5.4.0/../../../avr/lib/avr5/libm.a(addsf3.o)
                                                  vprofiler.o
__tablejump2__                                    /usr/lib/gcc/avr/5.4.0/avr5/libgcc.a(_tablejump2.o)
                                                  mctp.o
                                                  entityStepper1.o
__udivmodsi4                                      /usr/lib/gcc/avr/5.4.0/avr5/libgcc.a(_udivmodsi4.o)
                                                  /usr/lib/gcc/avr/5.4.0/avr5/libgcc.a(_divmodsi4.o)
__vector_1                                        /usr/lib/gcc/avr/5.4.0/../../../avr/lib/avr5/crtatmega328p.o
__vector_10                                       /usr/lib/gcc/avr/5.4.0/../../../avr/lib/avr5/crtatmega328p.o
__vector_11                                       /usr/lib/gcc/avr/5.4.0/../../../avr/lib/avr5/crtatmega328p.o
__vector_12                                       /usr/lib/gcc/avr/5.4.0/../../../avr/lib/avr5/crtatmega328p.o
__vector_13                                       /usr/lib/gcc/avr/5.4.0/../../../avr/lib/avr5/crtatmega328p.o
__vector_14                                       /usr/lib/gcc/avr/5.4.0/../../../avr/lib/avr5/crtatmega328p.o
__vector_15                                       /usr/lib/gcc/avr/5.4.0/../../../avr/lib/avr5/crtatmega328p.o
__vector_16                                       /usr/lib/gcc/avr/5.4.0/../../../avr/lib/avr5/crtatmega328p.o
__vector_17                                       /usr/lib/gcc/avr/5.4.0/../../../avr/lib/avr5/crtatmega328p.o
__vector_18                                       uart.o
                                                  /usr/lib/gcc/avr/5.4.0/../../../avr/lib/avr5/crtatmega328p.o
__vector_19                                       uart.o
                                                  /usr/lib/gcc/avr/5.4.0/../../../avr/lib/avr5/crtatmega328p.o
__vector_2                                        /usr/lib/gcc/avr/5.4.0/../../../avr/lib/avr5/crtatmega328p.o
__vector_20                                       /usr/lib/gcc/avr/5.4.0/../../../avr/lib/avr5/crtatmega328p.o
__vector_21                                       /usr/lib/gcc/avr/5.4.0/../../../avr/lib/avr5/crtatmega328p.o
__vector_22                                       /usr/lib/gcc/avr/5.4.0/../../../avr/lib/avr5/crtatmega328p.o
__vector_23                                       /usr/lib/gcc/avr/5.4.0/../../../avr/lib/avr5/crtatmega328p.o
__vector_24                                       /usr/lib/gcc/avr/5.4.0/../../../avr/lib/avr5/crtatmega328p.o
__vector_25                                       /usr/lib/gcc/avr/5.4.0/../../../avr/lib/avr5/crtatmega328p.o
__vector_3                                        /usr/lib/gcc/avr/5.4.0/../../../avr/lib/avr5/crtatmega328p.o
__vector_4                                        /usr/lib/gcc/avr/5.4.0/../../../avr/lib/avr5/crtatmega328p.o
__vector_5                                        /usr/lib/gcc/avr/5.4.0/../../../avr/lib/avr5/crtatmega328p.o
__vector_6                                        /usr/lib/gcc/avr/5.4.0/../../../avr/lib/avr5/crtatmega328p.o
__vector_7                                        systemtimer.o
                                                  /usr/lib/gcc/avr/5.4.0/../../../avr/lib/avr5/crtatmega328p.o
__vector_8                                        /usr/lib/gcc/avr/5.4.0/../../../avr/lib/avr5/crtatmega328p.o
__vector_9                                        /usr/lib/gcc/avr/5.4.0/../../../avr/lib/avr5/crtatmega328p.o
__vector_default                                  /usr/lib/gcc/avr/5.4.0/../../../avr/lib/avr5/crtatmega328p.o
__vectors                                         /usr/lib/gcc/avr/5.4.0/../../../avr/lib/avr5/crtatmega328p.o
_exit                                             /usr/lib/gcc/avr/5.4.0/avr5/libgcc.a(_exit.o)
calc_new_crc8                                     crc8.o
                                                  node.o
channels_init                                     channels.o
current_position                                  entityStepper1.o
current_velocity                                  vprofiler.o
                                                  entityStepper1.o
delay_isDone                                      systemtimer.o
                                                  main.o
delay_set                                         systemtimer.o
                                                  main.o
digital_in1_getRawData                            channels.o
digital_in1_init                                  channels.o
digital_in1_sample                                channels.o
                                                  entityStepper1.o
digital_in2_getRawData                            channels.o
digital_in2_init                                  channels.o
digital_in2_sample                                channels.o
                                                  entityStepper1.o
entityStepper1_getNumericEffecterValue            entityStepper1.o
                                                  node.o
entityStepper1_getSensorReading                   entityStepper1.o
                                                  node.o
entityStepper1_getStateEffecterStates             entityStepper1.o
                                                  node.o
entityStepper1_getStateSensorReading              entityStepper1.o
                                                  node.o
entityStepper1_init                               entityStepper1.o
                                                  main.o
entityStepper1_readChannels                       entityStepper1.o
entityStepper1_setNumericEffecterEnable           entityStepper1.o
                                                  node.o
entityStepper1_setNumericEffecterValue            entityStepper1.o
                                                  node.o
entityStepper1_setNumericSensorEnable             entityStepper1.o
                                                  node.o
entityStepper1_setStateEffecterEnables            entityStepper1.o
                                                  node.o
entityStepper1_setStateEffecterStates             entityStepper1.o
                                                  node.o
entityStepper1_setStateSensorEnables              entityStepper1.o
                                                  node.o
entityStepper1_updateControl                      entityStepper1.o
                                                  systemtimer.o
eventgenerator_init                               EventGenerator.o
                                                  NumericSensor.o
                                                  StateSensor.o
eventgenerator_isEnabled                          EventGenerator.o
                                                  NumericSensor.o
                                                  StateSensor.o
                                                  entityStepper1.o
eventgenerator_isEventPending                     EventGenerator.o
eventgenerator_isEventSending                     EventGenerator.o
eventgenerator_setEnableAsyncEvents               EventGenerator.o
                                                  NumericSensor.o
                                                  StateSensor.o
eventgenerator_setEventOccuredFn                  EventGenerator.o
eventgenerator_setSendEventFn                     EventGenerator.o
eventgenerator_startSending                       EventGenerator.o
eventgenerator_updateEventStateMachine            EventGenerator.o
exit                                              /usr/lib/gcc/avr/5.4.0/avr5/libgcc.a(_exit.o)
                                                  /usr/lib/gcc/avr/5.4.0/../../../avr/lib/avr5/crtatmega328p.o
fcs_calcFcs                                       fcs.o
                                                  mctp.o
getTid                                            node.o
interlock_in_getRawData                           channels.o
interlock_in_init                                 channels.o
interlock_in_sample                               channels.o
                                                  entityStepper1.o
interlock_out_disable                             channels.o
interlock_out_enable                              channels.o
interlock_out_init                                channels.o
interlock_out_setOutput                           channels.o
main                                              main.o
                                                  /usr/lib/gcc/avr/5.4.0/../../../avr/lib/avr5/crtatmega328p.o
mctp_close                                        mctp.o
mctp_context                                      mctp.o
                                                  node.o
                                                  main.o
mctp_getPacket                                    mctp.o
                                                  node.o
mctp_init                                         mctp.o
                                                  main.o
mctp_isPacketAvailable                            mctp.o
                                                  node.o
mctp_sendNoWait                                   mctp.o
                                                  main.o
mctp_transmitFrameData                            mctp.o
                                                  node.o
mctp_transmitFrameEnd                             mctp.o
                                                  node.o
mctp_transmitFrameStart                           mctp.o
                                                  node.o
mctp_updateRxFSM                                  mctp.o
                                                  node.o
node_getResponse                                  node.o
                                                  main.o
node_init                                         node.o
                                                  main.o
node_putCommand                                   node.o
node_sendHeartbeatEvent                           node.o
node_sendNumericSensorEvent                       node.o
                                                  entityStepper1.o
node_sendStateSensorEvent                         node.o
                                                  entityStepper1.o
numericeffecter_getOperationalState               NumericEffecter.o
                                                  entityStepper1.o
numericeffecter_getValue                          NumericEffecter.o
                                                  entityStepper1.o
numericeffecter_init                              NumericEffecter.o
                                                  entityStepper1.o
numericeffecter_isEnabled                         NumericEffecter.o
                                                  entityStepper1.o
numericeffecter_setOperationalState               NumericEffecter.o
                                                  entityStepper1.o
numericeffecter_setValue                          NumericEffecter.o
                                                  entityStepper1.o
numericsensor_getCriticalHighThreshold            NumericSensor.o
numericsensor_getCriticalLowThreshold             NumericSensor.o
numericsensor_getEventState                       NumericSensor.o
                                                  entityStepper1.o
numericsensor_getFatalHighThreshold               NumericSensor.o
numericsensor_getFatalLowThreshold                NumericSensor.o
numericsensor_getOperationalState                 NumericSensor.o
                                                  entityStepper1.o
numericsensor_getPresentState                     NumericSensor.o
                                                  entityStepper1.o
numericsensor_getSensorPreviousState              NumericSensor.o
                                                  entityStepper1.o
numericsensor_getValue                            NumericSensor.o
                                                  entityStepper1.o
numericsensor_getWarningHighThreshold             NumericSensor.o
numericsensor_getWarningLowThreshold              NumericSensor.o
numericsensor_init                                NumericSensor.o
                                                  entityStepper1.o
numericsensor_isCritical                          NumericSensor.o
                                                  entityStepper1.o
numericsensor_isEnabled                           NumericSensor.o
                                                  entityStepper1.o
numericsensor_isFatal                             NumericSensor.o
                                                  entityStepper1.o
numericsensor_isNormal                            NumericSensor.o
numericsensor_isTriggered                         NumericSensor.o
numericsensor_isWarning                           NumericSensor.o
                                                  entityStepper1.o
numericsensor_sensorRearm                         NumericSensor.o
                                                  entityStepper1.o
numericsensor_setOperationalState                 NumericSensor.o
                                                  entityStepper1.o
numericsensor_setPresentState                     NumericSensor.o
numericsensor_setThresholds                       NumericSensor.o
                                                  entityStepper1.o
numericsensor_setValue                            NumericSensor.o
numericsensor_updateSensorState                   NumericSensor.o
requested_acceleration                            entityStepper1.o
requested_kffa                                    entityStepper1.o
requested_position                                entityStepper1.o
requested_velocity                                entityStepper1.o
servo_cmd                                         entityStepper1.o
servo_flags                                       entityStepper1.o
servo_mode                                        entityStepper1.o
setTid                                            node.o
setp_dir_out1_dir_rawdata                         channels.o
siminfo_cpufrequency                              simulavr_info.o
siminfo_device                                    simulavr_info.o
siminfo_serial_in                                 simulavr_info.o
siminfo_serial_out                                simulavr_info.o
sqrt                                              /usr/lib/gcc/avr/5.4.0/../../../avr/lib/avr5/libm.a(sqrt.o)
                                                  vprofiler.o
sqrtf                                             /usr/lib/gcc/avr/5.4.0/../../../avr/lib/avr5/libm.a(sqrt.o)
stateeffecter_getOperationalState                 StateEffecter.o
                                                  entityStepper1.o
stateeffecter_getOutput                           StateEffecter.o
stateeffecter_getPresentState                     StateEffecter.o
                                                  entityStepper1.o
stateeffecter_init                                StateEffecter.o
                                                  entityStepper1.o
stateeffecter_setOperationalState                 StateEffecter.o
                                                  entityStepper1.o
stateeffecter_setPresentState                     StateEffecter.o
                                                  entityStepper1.o
statesensor_getEventState                         StateSensor.o
statesensor_getOperationalState                   StateSensor.o
                                                  entityStepper1.o
statesensor_getPresentState                       StateSensor.o
                                                  entityStepper1.o
statesensor_getSensorPreviousState                StateSensor.o
                                                  entityStepper1.o
statesensor_init                                  StateSensor.o
                                                  entityStepper1.o
statesensor_isEnabled                             StateSensor.o
                                                  entityStepper1.o
statesensor_isTriggered                           StateSensor.o
statesensor_sensorRearm                           StateSensor.o
statesensor_setOperationalState                   StateSensor.o
                                                  entityStepper1.o
statesensor_setPresentState                       StateSensor.o
statesensor_setValue                              StateSensor.o
statesensor_updateSensorState                     StateSensor.o
step_dir_out1_init                                stepdir_out.o
                                                  channels.o
                                                  main.o
step_dir_out1_setOutput                           stepdir_out.o
                                                  entityStepper1.o
step_dir_out1_step_rawdata                        channels.o
systemtimer_init                                  systemtimer.o
                                                  main.o
tid                                               node.o
trigger_in_getRawData                             channels.o
trigger_in_init                                   channels.o
trigger_in_sample                                 channels.o
                                                  entityStepper1.o
trigger_out_disable                               channels.o
trigger_out_enable                                channels.o
trigger_out_init                                  channels.o
trigger_out_setOutput                             channels.o
uart_close                                        uart.o
                                                  mctp.o
uart_flush                                        uart.o
                                                  node.o
uart_init                                         uart.o
                                                  main.o
uart_isConnected                                  uart.o
uart_readCh                                       uart.o
                                                  mctp.o
uart_rx_isempty                                   uart.o
uart_writeBuffer                                  uart.o
                                                  mctp.o
uart_writeCh                                      uart.o
                                                  mctp.o
vprofiler_isDone                                  vprofiler.o
                                                  entityStepper1.o
vprofiler_setParameters                           vprofiler.o
                                                  entityStepper1.o
                                                  main.o
vprofiler_start                                   vprofiler.o
                                                  entityStepper1.o
vprofiler_startv                                  vprofiler.o
                                                  entityStepper1.o
vprofiler_stop                                    vprofiler.o
vprofiler_update                                  vprofiler.o
                                                  entityStepper1.o
vprofiler_updatev                                 vprofiler.o
                                                  entityStepper1.o
