Archive member included to satisfy reference by file (symbol)

/usr/lib/gcc/avr/5.4.0/avr5/libgcc.a(_udivmodhi4.o)
                              stepdir_out.o (__udivmodhi4)
/usr/lib/gcc/avr/5.4.0/avr5/libgcc.a(_divmodsi4.o)
                              vprofiler.o (__divmodsi4)
/usr/lib/gcc/avr/5.4.0/avr5/libgcc.a(_negsi2.o)
                              /usr/lib/gcc/avr/5.4.0/avr5/libgcc.a(_divmodsi4.o) (__negsi2)
/usr/lib/gcc/avr/5.4.0/avr5/libgcc.a(_exit.o)
                              /usr/lib/gcc/avr/5.4.0/../../../avr/lib/avr5/crtatmega328p.o (exit)
/usr/lib/gcc/avr/5.4.0/avr5/libgcc.a(_tablejump2.o)
                              entityStepper1.o (__tablejump2__)
/usr/lib/gcc/avr/5.4.0/avr5/libgcc.a(_copy_data.o)
                              vprofiler.o (__do_copy_data)
/usr/lib/gcc/avr/5.4.0/avr5/libgcc.a(_clear_bss.o)
                              node.o (__do_clear_bss)
/usr/lib/gcc/avr/5.4.0/avr5/libgcc.a(_mulsidi3.o)
                              interpolator.o (__mulsidi3)
/usr/lib/gcc/avr/5.4.0/avr5/libgcc.a(_umulsidi3.o)
                              /usr/lib/gcc/avr/5.4.0/avr5/libgcc.a(_mulsidi3.o) (__umulsidi3_helper)
/usr/lib/gcc/avr/5.4.0/avr5/libgcc.a(_ashrdi3.o)
                              interpolator.o (__ashrdi3)
/usr/lib/gcc/avr/5.4.0/avr5/libgcc.a(_cmpdi2_s8.o)
                              interpolator.o (__cmpdi2_s8)
/usr/lib/gcc/avr/5.4.0/avr5/libgcc.a(_udivmodsi4.o)
                              /usr/lib/gcc/avr/5.4.0/avr5/libgcc.a(_divmodsi4.o) (__udivmodsi4)
/usr/lib/gcc/avr/5.4.0/avr5/libgcc.a(_umulhisi3.o)
                              /usr/lib/gcc/avr/5.4.0/avr5/libgcc.a(_umulsidi3.o) (__umulhisi3)
/usr/lib/gcc/avr/5.4.0/avr5/libgcc.a(_muldi3_6.o)
                              /usr/lib/gcc/avr/5.4.0/avr5/libgcc.a(_umulsidi3.o) (__muldi3_6)
/usr/lib/gcc/avr/5.4.0/../../../avr/lib/avr5/libm.a(addsf3.o)
                              vprofiler.o (__subsf3)
/usr/lib/gcc/avr/5.4.0/../../../avr/lib/avr5/libm.a(addsf3x.o)
                              /usr/lib/gcc/avr/5.4.0/../../../avr/lib/avr5/libm.a(addsf3.o) (__addsf3x)
/usr/lib/gcc/avr/5.4.0/../../../avr/lib/avr5/libm.a(cmpsf2.o)
                              vprofiler.o (__ltsf2)
/usr/lib/gcc/avr/5.4.0/../../../avr/lib/avr5/libm.a(divsf3.o)
                              vprofiler.o (__divsf3)
/usr/lib/gcc/avr/5.4.0/../../../avr/lib/avr5/libm.a(divsf3x.o)
                              /usr/lib/gcc/avr/5.4.0/../../../avr/lib/avr5/libm.a(divsf3.o) (__divsf3x)
/usr/lib/gcc/avr/5.4.0/../../../avr/lib/avr5/libm.a(fixsfsi.o)
                              vprofiler.o (__fixsfsi)
/usr/lib/gcc/avr/5.4.0/../../../avr/lib/avr5/libm.a(fixunssfsi.o)
                              /usr/lib/gcc/avr/5.4.0/../../../avr/lib/avr5/libm.a(fixsfsi.o) (__fixunssfsi)
/usr/lib/gcc/avr/5.4.0/../../../avr/lib/avr5/libm.a(floatsisf.o)
                              vprofiler.o (__floatsisf)
/usr/lib/gcc/avr/5.4.0/../../../avr/lib/avr5/libm.a(fp_cmp.o)
                              /usr/lib/gcc/avr/5.4.0/../../../avr/lib/avr5/libm.a(cmpsf2.o) (__fp_cmp)
/usr/lib/gcc/avr/5.4.0/../../../avr/lib/avr5/libm.a(fp_inf.o)
                              /usr/lib/gcc/avr/5.4.0/../../../avr/lib/avr5/libm.a(addsf3x.o) (__fp_inf)
/usr/lib/gcc/avr/5.4.0/../../../avr/lib/avr5/libm.a(fp_nan.o)
                              /usr/lib/gcc/avr/5.4.0/../../../avr/lib/avr5/libm.a(addsf3x.o) (__fp_nan)
/usr/lib/gcc/avr/5.4.0/../../../avr/lib/avr5/libm.a(fp_pscA.o)
                              /usr/lib/gcc/avr/5.4.0/../../../avr/lib/avr5/libm.a(addsf3x.o) (__fp_pscA)
/usr/lib/gcc/avr/5.4.0/../../../avr/lib/avr5/libm.a(fp_pscB.o)
                              /usr/lib/gcc/avr/5.4.0/../../../avr/lib/avr5/libm.a(addsf3x.o) (__fp_pscB)
/usr/lib/gcc/avr/5.4.0/../../../avr/lib/avr5/libm.a(fp_round.o)
                              /usr/lib/gcc/avr/5.4.0/../../../avr/lib/avr5/libm.a(addsf3.o) (__fp_round)
/usr/lib/gcc/avr/5.4.0/../../../avr/lib/avr5/libm.a(fp_split3.o)
                              /usr/lib/gcc/avr/5.4.0/../../../avr/lib/avr5/libm.a(addsf3x.o) (__fp_split3)
/usr/lib/gcc/avr/5.4.0/../../../avr/lib/avr5/libm.a(fp_zero.o)
                              /usr/lib/gcc/avr/5.4.0/../../../avr/lib/avr5/libm.a(addsf3x.o) (__fp_zero)
/usr/lib/gcc/avr/5.4.0/../../../avr/lib/avr5/libm.a(gesf2.o)
                              vprofiler.o (__gesf2)
/usr/lib/gcc/avr/5.4.0/../../../avr/lib/avr5/libm.a(mulsf3.o)
                              vprofiler.o (__mulsf3)
/usr/lib/gcc/avr/5.4.0/../../../avr/lib/avr5/libm.a(mulsf3x.o)
                              /usr/lib/gcc/avr/5.4.0/../../../avr/lib/avr5/libm.a(mulsf3.o) (__mulsf3x)
/usr/lib/gcc/avr/5.4.0/../../../avr/lib/avr5/libm.a(sqrt.o)
                              vprofiler.o (sqrt)
/usr/lib/gcc/avr/5.4.0/../../../avr/lib/avr5/libm.a(fp_mpack.o)
                              /usr/lib/gcc/avr/5.4.0/../../../avr/lib/avr5/libm.a(sqrt.o) (__fp_mpack)
/usr/lib/gcc/avr/5.4.0/../../../avr/lib/avr5/libm.a(fp_norm2.o)
                              /usr/lib/gcc/avr/5.4.0/../../../avr/lib/avr5/libm.a(sqrt.o) (__fp_norm2)

Allocating common symbols
Common symbol       size              file

mctp_context        0x88              mctp.o
current_velocity    0x4               vprofiler.o
step_dir_out1_step_rawdata
                    0x2               channels.o
setp_dir_out1_dir_rawdata
                    0x1               channels.o

Memory Configuration

Name             Origin             Length             Attributes
text             0x0000000000000000 0x0000000000020000 xr
data             0x0000000000800060 0x000000000000ffa0 rw !x
eeprom           0x0000000000810000 0x0000000000010000 rw !x
fuse             0x0000000000820000 0x0000000000000003 rw !x
lock             0x0000000000830000 0x0000000000000400 rw !x
signature        0x0000000000840000 0x0000000000000400 rw !x
user_signatures  0x0000000000850000 0x0000000000000400 rw !x
*default*        0x0000000000000000 0xffffffffffffffff

Linker script and memory map

Address of section .data set to 0x800100
LOAD /usr/lib/gcc/avr/5.4.0/../../../avr/lib/avr5/crtatmega328p.o
LOAD main.o
LOAD simulavr_info.o
LOAD node.o
LOAD pdrdata.o
LOAD vprofiler.o
LOAD systemtimer.o
LOAD stepdir_out.o
LOAD interpolator.o
LOAD channels.o
LOAD adc.o
LOAD entityStepper1.o
LOAD entitySimple1.o
LOAD NumericEffecter.o
LOAD StateEffecter.o
LOAD StateSensor.o
LOAD NumericSensor.o
LOAD EventGenerator.o
LOAD mctp.o
LOAD uart.o
LOAD crc8.o
LOAD fcs.o
LOAD /usr/lib/gcc/avr/5.4.0/avr5/libgcc.a
LOAD /usr/lib/gcc/avr/5.4.0/../../../avr/lib/avr5/libm.a
START GROUP
LOAD /usr/lib/gcc/avr/5.4.0/avr5/libgcc.a
LOAD /usr/lib/gcc/avr/5.4.0/../../../avr/lib/avr5/libm.a
LOAD /usr/lib/gcc/avr/5.4.0/../../../avr/lib/avr5/libc.a
LOAD /usr/lib/gcc/avr/5.4.0/../../../avr/lib/avr5/libatmega328p.a
END GROUP
                0x0000000000000000                __TEXT_REGION_ORIGIN__ = DEFINED (__TEXT_REGION_ORIGIN__)?__TEXT_REGION_ORIGIN__:0x0
                0x0000000000800060                __DATA_REGION_ORIGIN__ = DEFINED (__DATA_REGION_ORIGIN__)?__DATA_REGION_ORIGIN__:0x800060
                0x0000000000020000                __TEXT_REGION_LENGTH__ = DEFINED (__TEXT_REGION_LENGTH__)?__TEXT_REGION_LENGTH__:0x20000
                0x000000000000ffa0                __DATA_REGION_LENGTH__ = DEFINED (__DATA_REGION_LENGTH__)?__DATA_REGION_LENGTH__:0xffa0
                0x0000000000010000                __EEPROM_REGION_LENGTH__ = DEFINED (__EEPROM_REGION_LENGTH__)?__EEPROM_REGION_LENGTH__:0x10000
                [0x0000000000000003]                __FUSE_REGION_LENGTH__ = DEFINED (__FUSE_REGION_LENGTH__)?__FUSE_REGION_LENGTH__:0x400
                0x0000000000000400                __LOCK_REGION_LENGTH__ = DEFINED (__LOCK_REGION_LENGTH__)?__LOCK_REGION_LENGTH__:0x400
                0x0000000000000400                __SIGNATURE_REGION_LENGTH__ = DEFINED (__SIGNATURE_REGION_LENGTH__)?__SIGNATURE_REGION_LENGTH__:0x400
                0x0000000000000400                __USER_SIGNATURE_REGION_LENGTH__ = DEFINED (__USER_SIGNATURE_REGION_LENGTH__)?__USER_SIGNATURE_REGION_LENGTH__:0x400

.hash
 *(.hash)

.dynsym
 *(.dynsym)

.dynstr
 *(.dynstr)

.gnu.version
 *(.gnu.version)

.gnu.version_d
 *(.gnu.version_d)

.gnu.version_r
 *(.gnu.version_r)

.rel.init
 *(.rel.init)

.rela.init
 *(.rela.init)

.rel.text
 *(.rel.text)
 *(.rel.text.*)
 *(.rel.gnu.linkonce.t*)

.rela.text
 *(.rela.text)
 *(.rela.text.*)
 *(.rela.gnu.linkonce.t*)

.rel.fini
 *(.rel.fini)

.rela.fini
 *(.rela.fini)

.rel.rodata
 *(.rel.rodata)
 *(.rel.rodata.*)
 *(.rel.gnu.linkonce.r*)

.rela.rodata
 *(.rela.rodata)
 *(.rela.rodata.*)
 *(.rela.gnu.linkonce.r*)

.rel.data
 *(.rel.data)
 *(.rel.data.*)
 *(.rel.gnu.linkonce.d*)

.rela.data
 *(.rela.data)
 *(.rela.data.*)
 *(.rela.gnu.linkonce.d*)

.rel.ctors
 *(.rel.ctors)

.rela.ctors
 *(.rela.ctors)

.rel.dtors
 *(.rel.dtors)

.rela.dtors
 *(.rela.dtors)

.rel.got
 *(.rel.got)

.rela.got
 *(.rela.got)

.rel.bss
 *(.rel.bss)

.rela.bss
 *(.rela.bss)

.rel.plt
 *(.rel.plt)

.rela.plt
 *(.rela.plt)

.text           0x0000000000000000     0x62da
 *(.vectors)
 .vectors       0x0000000000000000       0x68 /usr/lib/gcc/avr/5.4.0/../../../avr/lib/avr5/crtatmega328p.o
                0x0000000000000000                __vectors
                0x0000000000000000                __vector_default
 *(.vectors)
 *(.progmem.gcc*)
 .progmem.gcc_sw_table
                0x0000000000000068       0x2a entityStepper1.o
 .progmem.gcc_sw_table
                0x0000000000000092       0x1c mctp.o
                0x00000000000000ae                . = ALIGN (0x2)
                0x00000000000000ae                __trampolines_start = .
 *(.trampolines)
 .trampolines   0x00000000000000ae        0x0 linker stubs
 *(.trampolines*)
                0x00000000000000ae                __trampolines_end = .
 *libprintf_flt.a:*(.progmem.data)
 *libc.a:*(.progmem.data)
 *(.progmem*)
 .progmem.data  0x00000000000000ae       0x10 node.o
                0x00000000000000ae                uuid_bytes
 .progmem.data  0x00000000000000be      0x538 pdrdata.o
                0x00000000000000be                __lintable_step_dir_out1
                0x00000000000001d2                __fru_data
                0x00000000000001de                __pdr_data
                0x00000000000005f6                . = ALIGN (0x2)
 *(.jumptables)
 *(.jumptables*)
 *(.lowtext)
 *(.lowtext*)
                0x00000000000005f6                __ctors_start = .
 *(.ctors)
                0x00000000000005f6                __ctors_end = .
                0x00000000000005f6                __dtors_start = .
 *(.dtors)
                0x00000000000005f6                __dtors_end = .
 SORT(*)(.ctors)
 SORT(*)(.dtors)
 *(.init0)
 .init0         0x00000000000005f6        0x0 /usr/lib/gcc/avr/5.4.0/../../../avr/lib/avr5/crtatmega328p.o
                0x00000000000005f6                __init
 *(.init0)
 *(.init1)
 *(.init1)
 *(.init2)
 .init2         0x00000000000005f6        0xc /usr/lib/gcc/avr/5.4.0/../../../avr/lib/avr5/crtatmega328p.o
 *(.init2)
 *(.init3)
 *(.init3)
 *(.init4)
 .init4         0x0000000000000602       0x16 /usr/lib/gcc/avr/5.4.0/avr5/libgcc.a(_copy_data.o)
                0x0000000000000602                __do_copy_data
 .init4         0x0000000000000618       0x10 /usr/lib/gcc/avr/5.4.0/avr5/libgcc.a(_clear_bss.o)
                0x0000000000000618                __do_clear_bss
 *(.init4)
 *(.init5)
 *(.init5)
 *(.init6)
 *(.init6)
 *(.init7)
 *(.init7)
 *(.init8)
 *(.init8)
 *(.init9)
 .init9         0x0000000000000628        0x8 /usr/lib/gcc/avr/5.4.0/../../../avr/lib/avr5/crtatmega328p.o
 *(.init9)
 *(.text)
 .text          0x0000000000000630        0x4 /usr/lib/gcc/avr/5.4.0/../../../avr/lib/avr5/crtatmega328p.o
                0x0000000000000630                __vector_22
                0x0000000000000630                __vector_1
                0x0000000000000630                __vector_24
                0x0000000000000630                __vector_12
                0x0000000000000630                __bad_interrupt
                0x0000000000000630                __vector_6
                0x0000000000000630                __vector_3
                0x0000000000000630                __vector_23
                0x0000000000000630                __vector_25
                0x0000000000000630                __vector_11
                0x0000000000000630                __vector_13
                0x0000000000000630                __vector_17
                0x0000000000000630                __vector_5
                0x0000000000000630                __vector_4
                0x0000000000000630                __vector_9
                0x0000000000000630                __vector_2
                0x0000000000000630                __vector_21
                0x0000000000000630                __vector_15
                0x0000000000000630                __vector_8
                0x0000000000000630                __vector_14
                0x0000000000000630                __vector_10
                0x0000000000000630                __vector_16
                0x0000000000000630                __vector_20
 .text          0x0000000000000634        0x0 main.o
 .text          0x0000000000000634        0x0 simulavr_info.o
 .text          0x0000000000000634     0x10e8 node.o
                0x0000000000000738                node_init
                0x000000000000073e                setTid
                0x0000000000000774                getTid
                0x00000000000007ac                getPldmVersion
                0x0000000000000804                getPldmTypes
                0x0000000000000864                getPldmCommands
                0x0000000000000902                getUuid
                0x0000000000000948                processCommandEventMessageSupported
                0x0000000000000992                processSetEventReceiver
                0x00000000000009dc                processPollForPlatformEvent
                0x0000000000000ab6                getFruTableMetadata
                0x0000000000000b22                node_putCommand
                0x0000000000000b60                node_getResponse
                0x0000000000001636                node_sendNumericSensorEvent
                0x00000000000016b4                node_sendStateSensorEvent
                0x0000000000001714                node_updateEvents
 .text          0x000000000000171c        0x0 pdrdata.o
 .text          0x000000000000171c     0x1d38 vprofiler.o
                0x0000000000001806                vprofiler_setParameters
                0x00000000000018cc                vprofiler_start
                0x000000000000277a                vprofiler_startv
                0x0000000000002c5a                vprofiler_stop
                0x0000000000002c62                vprofiler_update
                0x0000000000003162                vprofiler_updatev
                0x0000000000003446                vprofiler_isDone
 .text          0x0000000000003454      0x258 systemtimer.o
                0x0000000000003454                __vector_7
                0x00000000000035f2                systemtimer_init
                0x0000000000003644                delay_set
                0x0000000000003664                delay_isDone
 .text          0x00000000000036ac      0x16e stepdir_out.o
                0x00000000000036ac                step_dir_out1_init
                0x00000000000036ee                step_dir_out1_setOutput
 .text          0x000000000000381a      0x324 interpolator.o
                0x000000000000381a                to_fp16
                0x0000000000003828                fp16_mult
                0x0000000000003894                interpolator_linearize
 .text          0x0000000000003b3e       0xb8 channels.o
                0x0000000000003b3e                digital_in1_init
                0x0000000000003b44                digital_in1_sample
                0x0000000000003b52                digital_in1_getRawData
                0x0000000000003b58                digital_in2_init
                0x0000000000003b5e                digital_in2_sample
                0x0000000000003b6c                digital_in2_getRawData
                0x0000000000003b72                interlock_in_init
                0x0000000000003b78                interlock_in_sample
                0x0000000000003b86                interlock_in_getRawData
                0x0000000000003b8c                interlock_out_setOutput
                0x0000000000003b98                interlock_out_enable
                0x0000000000003b9c                interlock_out_init
                0x0000000000003ba0                interlock_out_disable
                0x0000000000003ba6                trigger_in_init
                0x0000000000003bac                trigger_in_sample
                0x0000000000003bba                trigger_in_getRawData
                0x0000000000003bc0                trigger_out_setOutput
                0x0000000000003bcc                trigger_out_enable
                0x0000000000003bd0                trigger_out_init
                0x0000000000003bd4                trigger_out_disable
                0x0000000000003bda                channels_init
 .text          0x0000000000003bf6        0x2 adc.o
                0x0000000000003bf6                adc_init
 .text          0x0000000000003bf8     0x1118 entityStepper1.o
                0x0000000000003d38                entityStepper1_init
                0x0000000000003f60                entityStepper1_readChannels
                0x0000000000003fd6                entityStepper1_updateEvents
                0x0000000000004126                entityStepper1_acknowledgeEvent
                0x00000000000041a0                entityStepper1_respondToPollEvent
                0x0000000000004252                entityStepper1_setStateEffecterStates
                0x00000000000042aa                entityStepper1_setStateEffecterEnables
                0x00000000000042fa                entityStepper1_getStateSensorReading
                0x00000000000043c6                entityStepper1_setStateSensorEnables
                0x000000000000442a                entityStepper1_getStateEffecterStates
                0x00000000000044b2                entityStepper1_setNumericEffecterValue
                0x00000000000044f2                entityStepper1_getNumericEffecterValue
                0x0000000000004592                entityStepper1_getSensorReading
                0x0000000000004620                entityStepper1_setNumericEffecterEnable
                0x000000000000465e                entityStepper1_setNumericSensorEnable
                0x000000000000468c                entityStepper1_updateControl
 .text          0x0000000000004d10        0x0 entitySimple1.o
 .text          0x0000000000004d10       0xa6 NumericEffecter.o
                0x0000000000004d10                numericeffecter_init
                0x0000000000004d18                numericeffecter_setValue
                0x0000000000004d5e                numericeffecter_getValue
                0x0000000000004d6a                numericeffecter_setOperationalState
                0x0000000000004da0                numericeffecter_getOperationalState
                0x0000000000004da6                numericeffecter_isEnabled
 .text          0x0000000000004db6       0x8a StateEffecter.o
                0x0000000000004db6                stateeffecter_init
                0x0000000000004dc0                stateeffecter_getOutput
                0x0000000000004dce                stateeffecter_setOperationalState
                0x0000000000004df8                stateeffecter_isEnabled
                0x0000000000004e08                stateeffecter_setPresentState
                0x0000000000004e2a                stateeffecter_getOperationalState
                0x0000000000004e30                stateeffecter_getPresentState
 .text          0x0000000000004e40      0x11c StateSensor.o
                0x0000000000004e40                statesensor_init
                0x0000000000004e64                statesensor_setValue
                0x0000000000004e6a                statesensor_updateSensorState
                0x0000000000004ec8                statesensor_sensorRearm
                0x0000000000004eda                statesensor_isTriggered
                0x0000000000004eea                statesensor_isEnabled
                0x0000000000004efa                statesensor_setOperationalState
                0x0000000000004f26                statesensor_setPresentState
                0x0000000000004f2a                statesensor_getOperationalState
                0x0000000000004f30                statesensor_getPresentState
                0x0000000000004f40                statesensor_getEventState
                0x0000000000004f46                statesensor_getSensorPreviousState
                0x0000000000004f4c                statesensor_setValueFromChannelBit
 .text          0x0000000000004f5c      0x532 NumericSensor.o
                0x0000000000005062                numericsensor_init
                0x0000000000005086                numericsensor_setValue
                0x0000000000005092                numericsensor_getValue
                0x00000000000050a4                numericsensor_updateSensorState
                0x000000000000511c                numericsensor_sensorRearm
                0x000000000000512e                numericsensor_isTriggered
                0x000000000000513e                numericsensor_setOperationalState
                0x000000000000516a                numericsensor_isEnabled
                0x000000000000517a                numericsensor_isFatal
                0x000000000000518e                numericsensor_isCritical
                0x00000000000051a2                numericsensor_isWarning
                0x00000000000051b6                numericsensor_isNormal
                0x00000000000051c6                numericsensor_setPresentState
                0x00000000000051ca                numericsensor_getOperationalState
                0x00000000000051d0                numericsensor_getPresentState
                0x0000000000005292                numericsensor_getEventState
                0x0000000000005298                numericsensor_getSensorPreviousState
                0x000000000000529e                numericsensor_getWarningHighThreshold
                0x00000000000052aa                numericsensor_getCriticalHighThreshold
                0x00000000000052b6                numericsensor_getFatalHighThreshold
                0x00000000000052c2                numericsensor_getWarningLowThreshold
                0x00000000000052ce                numericsensor_getCriticalLowThreshold
                0x00000000000052da                numericsensor_getFatalLowThreshold
                0x00000000000052e6                numericsensor_setThresholds
 .text          0x000000000000548e       0xbe EventGenerator.o
                0x000000000000548e                eventgenerator_init
                0x00000000000054a0                eventgenerator_setEventOccuredFn
                0x00000000000054a8                eventgenerator_setSendEventFn
                0x00000000000054b0                eventgenerator_isEventPending
                0x00000000000054be                eventgenerator_isEventSent
                0x00000000000054cc                eventgenerator_isEnabled
                0x00000000000054da                eventgenerator_setEnableEvents
                0x00000000000054f0                eventgenerator_startSending
                0x000000000000550a                eventgenerator_acknowledge
                0x000000000000551c                eventgenerator_updateEventStateMachine
 .text          0x000000000000554c      0x3f0 mctp.o
                0x000000000000554c                mctp_init
                0x000000000000555a                mctp_isPacketAvailable
                0x0000000000005560                mctp_getPacket
                0x000000000000556a                mctp_updateRxFSM
                0x000000000000577c                mctp_transmitFrameStart
                0x0000000000005884                mctp_transmitFrameData
                0x00000000000058ec                mctp_transmitFrameEnd
                0x000000000000590a                mctp_sendNoWait
                0x0000000000005938                mctp_close
 .text          0x000000000000593c      0x1dc uart.o
                0x000000000000593c                __vector_18
                0x000000000000599c                __vector_19
                0x0000000000005a02                uart_init
                0x0000000000005a28                uart_isConnected
                0x0000000000005a2c                uart_flush
                0x0000000000005a38                uart_readCh
                0x0000000000005a72                uart_writeCh
                0x0000000000005ad8                uart_writeBuffer
                0x0000000000005b06                uart_rx_isempty
                0x0000000000005b14                uart_close
 .text          0x0000000000005b18       0x2a crc8.o
                0x0000000000005b18                calc_new_crc8
 .text          0x0000000000005b42       0x2c fcs.o
                0x0000000000005b42                fcs_calcFcs
 .text          0x0000000000005b6e        0x0 /usr/lib/gcc/avr/5.4.0/avr5/libgcc.a(_udivmodhi4.o)
 .text          0x0000000000005b6e        0x0 /usr/lib/gcc/avr/5.4.0/avr5/libgcc.a(_divmodsi4.o)
 .text          0x0000000000005b6e        0x0 /usr/lib/gcc/avr/5.4.0/avr5/libgcc.a(_negsi2.o)
 .text          0x0000000000005b6e        0x0 /usr/lib/gcc/avr/5.4.0/avr5/libgcc.a(_exit.o)
 .text          0x0000000000005b6e        0x0 /usr/lib/gcc/avr/5.4.0/avr5/libgcc.a(_tablejump2.o)
 .text          0x0000000000005b6e        0x0 /usr/lib/gcc/avr/5.4.0/avr5/libgcc.a(_copy_data.o)
 .text          0x0000000000005b6e        0x0 /usr/lib/gcc/avr/5.4.0/avr5/libgcc.a(_clear_bss.o)
 .text          0x0000000000005b6e        0x0 /usr/lib/gcc/avr/5.4.0/avr5/libgcc.a(_mulsidi3.o)
 .text          0x0000000000005b6e        0x0 /usr/lib/gcc/avr/5.4.0/avr5/libgcc.a(_umulsidi3.o)
 .text          0x0000000000005b6e        0x0 /usr/lib/gcc/avr/5.4.0/avr5/libgcc.a(_ashrdi3.o)
 .text          0x0000000000005b6e        0x0 /usr/lib/gcc/avr/5.4.0/avr5/libgcc.a(_cmpdi2_s8.o)
 .text          0x0000000000005b6e        0x0 /usr/lib/gcc/avr/5.4.0/avr5/libgcc.a(_udivmodsi4.o)
 .text          0x0000000000005b6e        0x0 /usr/lib/gcc/avr/5.4.0/avr5/libgcc.a(_umulhisi3.o)
 .text          0x0000000000005b6e        0x0 /usr/lib/gcc/avr/5.4.0/avr5/libgcc.a(_muldi3_6.o)
 .text          0x0000000000005b6e        0x0 /usr/lib/gcc/avr/5.4.0/../../../avr/lib/avr5/libm.a(addsf3.o)
 .text          0x0000000000005b6e        0x0 /usr/lib/gcc/avr/5.4.0/../../../avr/lib/avr5/libm.a(addsf3x.o)
 .text          0x0000000000005b6e        0x0 /usr/lib/gcc/avr/5.4.0/../../../avr/lib/avr5/libm.a(cmpsf2.o)
 .text          0x0000000000005b6e        0x0 /usr/lib/gcc/avr/5.4.0/../../../avr/lib/avr5/libm.a(divsf3.o)
 .text          0x0000000000005b6e        0x0 /usr/lib/gcc/avr/5.4.0/../../../avr/lib/avr5/libm.a(divsf3x.o)
 .text          0x0000000000005b6e        0x0 /usr/lib/gcc/avr/5.4.0/../../../avr/lib/avr5/libm.a(fixsfsi.o)
 .text          0x0000000000005b6e        0x0 /usr/lib/gcc/avr/5.4.0/../../../avr/lib/avr5/libm.a(fixunssfsi.o)
 .text          0x0000000000005b6e        0x0 /usr/lib/gcc/avr/5.4.0/../../../avr/lib/avr5/libm.a(floatsisf.o)
 .text          0x0000000000005b6e        0x0 /usr/lib/gcc/avr/5.4.0/../../../avr/lib/avr5/libm.a(fp_cmp.o)
 .text          0x0000000000005b6e        0x0 /usr/lib/gcc/avr/5.4.0/../../../avr/lib/avr5/libm.a(fp_inf.o)
 .text          0x0000000000005b6e        0x0 /usr/lib/gcc/avr/5.4.0/../../../avr/lib/avr5/libm.a(fp_nan.o)
 .text          0x0000000000005b6e        0x0 /usr/lib/gcc/avr/5.4.0/../../../avr/lib/avr5/libm.a(fp_pscA.o)
 .text          0x0000000000005b6e        0x0 /usr/lib/gcc/avr/5.4.0/../../../avr/lib/avr5/libm.a(fp_pscB.o)
 .text          0x0000000000005b6e        0x0 /usr/lib/gcc/avr/5.4.0/../../../avr/lib/avr5/libm.a(fp_round.o)
 .text          0x0000000000005b6e        0x0 /usr/lib/gcc/avr/5.4.0/../../../avr/lib/avr5/libm.a(fp_split3.o)
 .text          0x0000000000005b6e        0x0 /usr/lib/gcc/avr/5.4.0/../../../avr/lib/avr5/libm.a(fp_zero.o)
 .text          0x0000000000005b6e        0x0 /usr/lib/gcc/avr/5.4.0/../../../avr/lib/avr5/libm.a(gesf2.o)
 .text          0x0000000000005b6e        0x0 /usr/lib/gcc/avr/5.4.0/../../../avr/lib/avr5/libm.a(mulsf3.o)
 .text          0x0000000000005b6e        0x0 /usr/lib/gcc/avr/5.4.0/../../../avr/lib/avr5/libm.a(mulsf3x.o)
 .text          0x0000000000005b6e        0x0 /usr/lib/gcc/avr/5.4.0/../../../avr/lib/avr5/libm.a(sqrt.o)
 .text          0x0000000000005b6e        0x0 /usr/lib/gcc/avr/5.4.0/../../../avr/lib/avr5/libm.a(fp_mpack.o)
 .text          0x0000000000005b6e        0x0 /usr/lib/gcc/avr/5.4.0/../../../avr/lib/avr5/libm.a(fp_norm2.o)
                0x0000000000005b6e                . = ALIGN (0x2)
 *(.text.*)
 .text.startup  0x0000000000005b6e       0x88 main.o
                0x0000000000005b6e                main
 .text.libgcc.mul
                0x0000000000005bf6        0x0 /usr/lib/gcc/avr/5.4.0/avr5/libgcc.a(_udivmodhi4.o)
 .text.libgcc.div
                0x0000000000005bf6       0x28 /usr/lib/gcc/avr/5.4.0/avr5/libgcc.a(_udivmodhi4.o)
                0x0000000000005bf6                __udivmodhi4
 .text.libgcc   0x0000000000005c1e        0x0 /usr/lib/gcc/avr/5.4.0/avr5/libgcc.a(_udivmodhi4.o)
 .text.libgcc.prologue
                0x0000000000005c1e        0x0 /usr/lib/gcc/avr/5.4.0/avr5/libgcc.a(_udivmodhi4.o)
 .text.libgcc.builtins
                0x0000000000005c1e        0x0 /usr/lib/gcc/avr/5.4.0/avr5/libgcc.a(_udivmodhi4.o)
 .text.libgcc.fmul
                0x0000000000005c1e        0x0 /usr/lib/gcc/avr/5.4.0/avr5/libgcc.a(_udivmodhi4.o)
 .text.libgcc.fixed
                0x0000000000005c1e        0x0 /usr/lib/gcc/avr/5.4.0/avr5/libgcc.a(_udivmodhi4.o)
 .text.libgcc.mul
                0x0000000000005c1e        0x0 /usr/lib/gcc/avr/5.4.0/avr5/libgcc.a(_divmodsi4.o)
 .text.libgcc.div
                0x0000000000005c1e       0x2e /usr/lib/gcc/avr/5.4.0/avr5/libgcc.a(_divmodsi4.o)
                0x0000000000005c1e                __divmodsi4
 .text.libgcc   0x0000000000005c4c        0x0 /usr/lib/gcc/avr/5.4.0/avr5/libgcc.a(_divmodsi4.o)
 .text.libgcc.prologue
                0x0000000000005c4c        0x0 /usr/lib/gcc/avr/5.4.0/avr5/libgcc.a(_divmodsi4.o)
 .text.libgcc.builtins
                0x0000000000005c4c        0x0 /usr/lib/gcc/avr/5.4.0/avr5/libgcc.a(_divmodsi4.o)
 .text.libgcc.fmul
                0x0000000000005c4c        0x0 /usr/lib/gcc/avr/5.4.0/avr5/libgcc.a(_divmodsi4.o)
 .text.libgcc.fixed
                0x0000000000005c4c        0x0 /usr/lib/gcc/avr/5.4.0/avr5/libgcc.a(_divmodsi4.o)
 .text.libgcc.mul
                0x0000000000005c4c        0x0 /usr/lib/gcc/avr/5.4.0/avr5/libgcc.a(_negsi2.o)
 .text.libgcc.div
                0x0000000000005c4c       0x10 /usr/lib/gcc/avr/5.4.0/avr5/libgcc.a(_negsi2.o)
                0x0000000000005c4c                __negsi2
 .text.libgcc   0x0000000000005c5c        0x0 /usr/lib/gcc/avr/5.4.0/avr5/libgcc.a(_negsi2.o)
 .text.libgcc.prologue
                0x0000000000005c5c        0x0 /usr/lib/gcc/avr/5.4.0/avr5/libgcc.a(_negsi2.o)
 .text.libgcc.builtins
                0x0000000000005c5c        0x0 /usr/lib/gcc/avr/5.4.0/avr5/libgcc.a(_negsi2.o)
 .text.libgcc.fmul
                0x0000000000005c5c        0x0 /usr/lib/gcc/avr/5.4.0/avr5/libgcc.a(_negsi2.o)
 .text.libgcc.fixed
                0x0000000000005c5c        0x0 /usr/lib/gcc/avr/5.4.0/avr5/libgcc.a(_negsi2.o)
 .text.libgcc.mul
                0x0000000000005c5c        0x0 /usr/lib/gcc/avr/5.4.0/avr5/libgcc.a(_exit.o)
 .text.libgcc.div
                0x0000000000005c5c        0x0 /usr/lib/gcc/avr/5.4.0/avr5/libgcc.a(_exit.o)
 .text.libgcc   0x0000000000005c5c        0x0 /usr/lib/gcc/avr/5.4.0/avr5/libgcc.a(_exit.o)
 .text.libgcc.prologue
                0x0000000000005c5c        0x0 /usr/lib/gcc/avr/5.4.0/avr5/libgcc.a(_exit.o)
 .text.libgcc.builtins
                0x0000000000005c5c        0x0 /usr/lib/gcc/avr/5.4.0/avr5/libgcc.a(_exit.o)
 .text.libgcc.fmul
                0x0000000000005c5c        0x0 /usr/lib/gcc/avr/5.4.0/avr5/libgcc.a(_exit.o)
 .text.libgcc.fixed
                0x0000000000005c5c        0x0 /usr/lib/gcc/avr/5.4.0/avr5/libgcc.a(_exit.o)
 .text.libgcc.mul
                0x0000000000005c5c        0x0 /usr/lib/gcc/avr/5.4.0/avr5/libgcc.a(_tablejump2.o)
 .text.libgcc.div
                0x0000000000005c5c        0x0 /usr/lib/gcc/avr/5.4.0/avr5/libgcc.a(_tablejump2.o)
 .text.libgcc   0x0000000000005c5c        0xc /usr/lib/gcc/avr/5.4.0/avr5/libgcc.a(_tablejump2.o)
                0x0000000000005c5c                __tablejump2__
 .text.libgcc.prologue
                0x0000000000005c68        0x0 /usr/lib/gcc/avr/5.4.0/avr5/libgcc.a(_tablejump2.o)
 .text.libgcc.builtins
                0x0000000000005c68        0x0 /usr/lib/gcc/avr/5.4.0/avr5/libgcc.a(_tablejump2.o)
 .text.libgcc.fmul
                0x0000000000005c68        0x0 /usr/lib/gcc/avr/5.4.0/avr5/libgcc.a(_tablejump2.o)
 .text.libgcc.fixed
                0x0000000000005c68        0x0 /usr/lib/gcc/avr/5.4.0/avr5/libgcc.a(_tablejump2.o)
 .text.libgcc.mul
                0x0000000000005c68        0x0 /usr/lib/gcc/avr/5.4.0/avr5/libgcc.a(_copy_data.o)
 .text.libgcc.div
                0x0000000000005c68        0x0 /usr/lib/gcc/avr/5.4.0/avr5/libgcc.a(_copy_data.o)
 .text.libgcc   0x0000000000005c68        0x0 /usr/lib/gcc/avr/5.4.0/avr5/libgcc.a(_copy_data.o)
 .text.libgcc.prologue
                0x0000000000005c68        0x0 /usr/lib/gcc/avr/5.4.0/avr5/libgcc.a(_copy_data.o)
 .text.libgcc.builtins
                0x0000000000005c68        0x0 /usr/lib/gcc/avr/5.4.0/avr5/libgcc.a(_copy_data.o)
 .text.libgcc.fmul
                0x0000000000005c68        0x0 /usr/lib/gcc/avr/5.4.0/avr5/libgcc.a(_copy_data.o)
 .text.libgcc.fixed
                0x0000000000005c68        0x0 /usr/lib/gcc/avr/5.4.0/avr5/libgcc.a(_copy_data.o)
 .text.libgcc.mul
                0x0000000000005c68        0x0 /usr/lib/gcc/avr/5.4.0/avr5/libgcc.a(_clear_bss.o)
 .text.libgcc.div
                0x0000000000005c68        0x0 /usr/lib/gcc/avr/5.4.0/avr5/libgcc.a(_clear_bss.o)
 .text.libgcc   0x0000000000005c68        0x0 /usr/lib/gcc/avr/5.4.0/avr5/libgcc.a(_clear_bss.o)
 .text.libgcc.prologue
                0x0000000000005c68        0x0 /usr/lib/gcc/avr/5.4.0/avr5/libgcc.a(_clear_bss.o)
 .text.libgcc.builtins
                0x0000000000005c68        0x0 /usr/lib/gcc/avr/5.4.0/avr5/libgcc.a(_clear_bss.o)
 .text.libgcc.fmul
                0x0000000000005c68        0x0 /usr/lib/gcc/avr/5.4.0/avr5/libgcc.a(_clear_bss.o)
 .text.libgcc.fixed
                0x0000000000005c68        0x0 /usr/lib/gcc/avr/5.4.0/avr5/libgcc.a(_clear_bss.o)
 .text.libgcc.mul
                0x0000000000005c68       0x1e /usr/lib/gcc/avr/5.4.0/avr5/libgcc.a(_mulsidi3.o)
                0x0000000000005c68                __mulsidi3
 .text.libgcc.div
                0x0000000000005c86        0x0 /usr/lib/gcc/avr/5.4.0/avr5/libgcc.a(_mulsidi3.o)
 .text.libgcc   0x0000000000005c86        0x0 /usr/lib/gcc/avr/5.4.0/avr5/libgcc.a(_mulsidi3.o)
 .text.libgcc.prologue
                0x0000000000005c86        0x0 /usr/lib/gcc/avr/5.4.0/avr5/libgcc.a(_mulsidi3.o)
 .text.libgcc.builtins
                0x0000000000005c86        0x0 /usr/lib/gcc/avr/5.4.0/avr5/libgcc.a(_mulsidi3.o)
 .text.libgcc.fmul
                0x0000000000005c86        0x0 /usr/lib/gcc/avr/5.4.0/avr5/libgcc.a(_mulsidi3.o)
 .text.libgcc.fixed
                0x0000000000005c86        0x0 /usr/lib/gcc/avr/5.4.0/avr5/libgcc.a(_mulsidi3.o)
 .text.libgcc.mul
                0x0000000000005c86       0x56 /usr/lib/gcc/avr/5.4.0/avr5/libgcc.a(_umulsidi3.o)
                0x0000000000005c86                __umulsidi3
                0x0000000000005c88                __umulsidi3_helper
 .text.libgcc.div
                0x0000000000005cdc        0x0 /usr/lib/gcc/avr/5.4.0/avr5/libgcc.a(_umulsidi3.o)
 .text.libgcc   0x0000000000005cdc        0x0 /usr/lib/gcc/avr/5.4.0/avr5/libgcc.a(_umulsidi3.o)
 .text.libgcc.prologue
                0x0000000000005cdc        0x0 /usr/lib/gcc/avr/5.4.0/avr5/libgcc.a(_umulsidi3.o)
 .text.libgcc.builtins
                0x0000000000005cdc        0x0 /usr/lib/gcc/avr/5.4.0/avr5/libgcc.a(_umulsidi3.o)
 .text.libgcc.fmul
                0x0000000000005cdc        0x0 /usr/lib/gcc/avr/5.4.0/avr5/libgcc.a(_umulsidi3.o)
 .text.libgcc.fixed
                0x0000000000005cdc        0x0 /usr/lib/gcc/avr/5.4.0/avr5/libgcc.a(_umulsidi3.o)
 .text.libgcc.mul
                0x0000000000005cdc        0x0 /usr/lib/gcc/avr/5.4.0/avr5/libgcc.a(_ashrdi3.o)
 .text.libgcc.div
                0x0000000000005cdc        0x0 /usr/lib/gcc/avr/5.4.0/avr5/libgcc.a(_ashrdi3.o)
 .text.libgcc   0x0000000000005cdc        0x0 /usr/lib/gcc/avr/5.4.0/avr5/libgcc.a(_ashrdi3.o)
 .text.libgcc.prologue
                0x0000000000005cdc        0x0 /usr/lib/gcc/avr/5.4.0/avr5/libgcc.a(_ashrdi3.o)
 .text.libgcc.builtins
                0x0000000000005cdc       0x3c /usr/lib/gcc/avr/5.4.0/avr5/libgcc.a(_ashrdi3.o)
                0x0000000000005cdc                __ashrdi3
                0x0000000000005ce0                __lshrdi3
 .text.libgcc.fmul
                0x0000000000005d18        0x0 /usr/lib/gcc/avr/5.4.0/avr5/libgcc.a(_ashrdi3.o)
 .text.libgcc.fixed
                0x0000000000005d18        0x0 /usr/lib/gcc/avr/5.4.0/avr5/libgcc.a(_ashrdi3.o)
 .text.libgcc.mul
                0x0000000000005d18        0x0 /usr/lib/gcc/avr/5.4.0/avr5/libgcc.a(_cmpdi2_s8.o)
 .text.libgcc.div
                0x0000000000005d18        0x0 /usr/lib/gcc/avr/5.4.0/avr5/libgcc.a(_cmpdi2_s8.o)
 .text.libgcc   0x0000000000005d18       0x18 /usr/lib/gcc/avr/5.4.0/avr5/libgcc.a(_cmpdi2_s8.o)
                0x0000000000005d18                __cmpdi2_s8
 .text.libgcc.prologue
                0x0000000000005d30        0x0 /usr/lib/gcc/avr/5.4.0/avr5/libgcc.a(_cmpdi2_s8.o)
 .text.libgcc.builtins
                0x0000000000005d30        0x0 /usr/lib/gcc/avr/5.4.0/avr5/libgcc.a(_cmpdi2_s8.o)
 .text.libgcc.fmul
                0x0000000000005d30        0x0 /usr/lib/gcc/avr/5.4.0/avr5/libgcc.a(_cmpdi2_s8.o)
 .text.libgcc.fixed
                0x0000000000005d30        0x0 /usr/lib/gcc/avr/5.4.0/avr5/libgcc.a(_cmpdi2_s8.o)
 .text.libgcc.mul
                0x0000000000005d30        0x0 /usr/lib/gcc/avr/5.4.0/avr5/libgcc.a(_udivmodsi4.o)
 .text.libgcc.div
                0x0000000000005d30       0x44 /usr/lib/gcc/avr/5.4.0/avr5/libgcc.a(_udivmodsi4.o)
                0x0000000000005d30                __udivmodsi4
 .text.libgcc   0x0000000000005d74        0x0 /usr/lib/gcc/avr/5.4.0/avr5/libgcc.a(_udivmodsi4.o)
 .text.libgcc.prologue
                0x0000000000005d74        0x0 /usr/lib/gcc/avr/5.4.0/avr5/libgcc.a(_udivmodsi4.o)
 .text.libgcc.builtins
                0x0000000000005d74        0x0 /usr/lib/gcc/avr/5.4.0/avr5/libgcc.a(_udivmodsi4.o)
 .text.libgcc.fmul
                0x0000000000005d74        0x0 /usr/lib/gcc/avr/5.4.0/avr5/libgcc.a(_udivmodsi4.o)
 .text.libgcc.fixed
                0x0000000000005d74        0x0 /usr/lib/gcc/avr/5.4.0/avr5/libgcc.a(_udivmodsi4.o)
 .text.libgcc.mul
                0x0000000000005d74       0x1e /usr/lib/gcc/avr/5.4.0/avr5/libgcc.a(_umulhisi3.o)
                0x0000000000005d74                __umulhisi3
 .text.libgcc.div
                0x0000000000005d92        0x0 /usr/lib/gcc/avr/5.4.0/avr5/libgcc.a(_umulhisi3.o)
 .text.libgcc   0x0000000000005d92        0x0 /usr/lib/gcc/avr/5.4.0/avr5/libgcc.a(_umulhisi3.o)
 .text.libgcc.prologue
                0x0000000000005d92        0x0 /usr/lib/gcc/avr/5.4.0/avr5/libgcc.a(_umulhisi3.o)
 .text.libgcc.builtins
                0x0000000000005d92        0x0 /usr/lib/gcc/avr/5.4.0/avr5/libgcc.a(_umulhisi3.o)
 .text.libgcc.fmul
                0x0000000000005d92        0x0 /usr/lib/gcc/avr/5.4.0/avr5/libgcc.a(_umulhisi3.o)
 .text.libgcc.fixed
                0x0000000000005d92        0x0 /usr/lib/gcc/avr/5.4.0/avr5/libgcc.a(_umulhisi3.o)
 .text.libgcc.mul
                0x0000000000005d92       0x12 /usr/lib/gcc/avr/5.4.0/avr5/libgcc.a(_muldi3_6.o)
                0x0000000000005d92                __muldi3_6
 .text.libgcc.div
                0x0000000000005da4        0x0 /usr/lib/gcc/avr/5.4.0/avr5/libgcc.a(_muldi3_6.o)
 .text.libgcc   0x0000000000005da4        0x0 /usr/lib/gcc/avr/5.4.0/avr5/libgcc.a(_muldi3_6.o)
 .text.libgcc.prologue
                0x0000000000005da4        0x0 /usr/lib/gcc/avr/5.4.0/avr5/libgcc.a(_muldi3_6.o)
 .text.libgcc.builtins
                0x0000000000005da4        0x0 /usr/lib/gcc/avr/5.4.0/avr5/libgcc.a(_muldi3_6.o)
 .text.libgcc.fmul
                0x0000000000005da4        0x0 /usr/lib/gcc/avr/5.4.0/avr5/libgcc.a(_muldi3_6.o)
 .text.libgcc.fixed
                0x0000000000005da4        0x0 /usr/lib/gcc/avr/5.4.0/avr5/libgcc.a(_muldi3_6.o)
 .text.avr-libc.fplib
                0x0000000000005da4        0xe /usr/lib/gcc/avr/5.4.0/../../../avr/lib/avr5/libm.a(addsf3.o)
                0x0000000000005da4                __subsf3
                0x0000000000005da6                __addsf3
 .text.avr-libc.fplib
                0x0000000000005db2       0xcc /usr/lib/gcc/avr/5.4.0/../../../avr/lib/avr5/libm.a(addsf3x.o)
                0x0000000000005dd4                __addsf3x
 .text.avr-libc.fplib
                0x0000000000005e7e        0xa /usr/lib/gcc/avr/5.4.0/../../../avr/lib/avr5/libm.a(cmpsf2.o)
                0x0000000000005e7e                __lesf2
                0x0000000000005e7e                __nesf2
                0x0000000000005e7e                __eqsf2
                0x0000000000005e7e                __cmpsf2
                0x0000000000005e7e                __ltsf2
 .text.avr-libc.fplib
                0x0000000000005e88        0x8 /usr/lib/gcc/avr/5.4.0/../../../avr/lib/avr5/libm.a(divsf3.o)
                0x0000000000005e88                __divsf3
 .text.avr-libc.fplib
                0x0000000000005e90       0xdc /usr/lib/gcc/avr/5.4.0/../../../avr/lib/avr5/libm.a(divsf3x.o)
                0x0000000000005eb0                __divsf3x
                0x0000000000005eb6                __divsf3_pse
 .text.avr-libc.fplib
                0x0000000000005f6c        0xe /usr/lib/gcc/avr/5.4.0/../../../avr/lib/avr5/libm.a(fixsfsi.o)
                0x0000000000005f6c                __fixsfsi
 .text.avr-libc.fplib
                0x0000000000005f7a       0x5e /usr/lib/gcc/avr/5.4.0/../../../avr/lib/avr5/libm.a(fixunssfsi.o)
                0x0000000000005f7a                __fixunssfsi
 .text.avr-libc.fplib
                0x0000000000005fd8       0x7a /usr/lib/gcc/avr/5.4.0/../../../avr/lib/avr5/libm.a(floatsisf.o)
                0x0000000000005fd8                __floatunsisf
                0x0000000000005fdc                __floatsisf
 .text.avr-libc.fplib
                0x0000000000006052       0x48 /usr/lib/gcc/avr/5.4.0/../../../avr/lib/avr5/libm.a(fp_cmp.o)
                0x0000000000006052                __fp_cmp
 .text.avr-libc.fplib
                0x000000000000609a        0xc /usr/lib/gcc/avr/5.4.0/../../../avr/lib/avr5/libm.a(fp_inf.o)
                0x000000000000609a                __fp_inf
 .text.avr-libc.fplib
                0x00000000000060a6        0x6 /usr/lib/gcc/avr/5.4.0/../../../avr/lib/avr5/libm.a(fp_nan.o)
                0x00000000000060a6                __fp_nan
 .text.avr-libc.fplib
                0x00000000000060ac        0xe /usr/lib/gcc/avr/5.4.0/../../../avr/lib/avr5/libm.a(fp_pscA.o)
                0x00000000000060ac                __fp_pscA
 .text.avr-libc.fplib
                0x00000000000060ba        0xe /usr/lib/gcc/avr/5.4.0/../../../avr/lib/avr5/libm.a(fp_pscB.o)
                0x00000000000060ba                __fp_pscB
 .text.avr-libc.fplib
                0x00000000000060c8       0x22 /usr/lib/gcc/avr/5.4.0/../../../avr/lib/avr5/libm.a(fp_round.o)
                0x00000000000060c8                __fp_round
 .text.avr-libc.fplib
                0x00000000000060ea       0x44 /usr/lib/gcc/avr/5.4.0/../../../avr/lib/avr5/libm.a(fp_split3.o)
                0x00000000000060ea                __fp_split3
                0x00000000000060fa                __fp_splitA
 .text.avr-libc.fplib
                0x000000000000612e        0xe /usr/lib/gcc/avr/5.4.0/../../../avr/lib/avr5/libm.a(fp_zero.o)
                0x000000000000612e                __fp_zero
                0x0000000000006130                __fp_szero
 .text.avr-libc.fplib
                0x000000000000613c        0xa /usr/lib/gcc/avr/5.4.0/../../../avr/lib/avr5/libm.a(gesf2.o)
                0x000000000000613c                __gtsf2
                0x000000000000613c                __gesf2
 .text.avr-libc.fplib
                0x0000000000006146        0x8 /usr/lib/gcc/avr/5.4.0/../../../avr/lib/avr5/libm.a(mulsf3.o)
                0x0000000000006146                __mulsf3
 .text.avr-libc.fplib
                0x000000000000614e       0xd2 /usr/lib/gcc/avr/5.4.0/../../../avr/lib/avr5/libm.a(mulsf3x.o)
                0x000000000000616c                __mulsf3x
                0x0000000000006172                __mulsf3_pse
 .text.avr-libc.fplib
                0x0000000000006220       0x8c /usr/lib/gcc/avr/5.4.0/../../../avr/lib/avr5/libm.a(sqrt.o)
                0x000000000000622c                sqrt
                0x000000000000622c                sqrtf
 .text.avr-libc.fplib
                0x00000000000062ac       0x1c /usr/lib/gcc/avr/5.4.0/../../../avr/lib/avr5/libm.a(fp_mpack.o)
                0x00000000000062ac                __fp_mpack
                0x00000000000062b0                __fp_mpack_finite
 .text.avr-libc.fplib
                0x00000000000062c8        0xe /usr/lib/gcc/avr/5.4.0/../../../avr/lib/avr5/libm.a(fp_norm2.o)
                0x00000000000062c8                __fp_norm2
                0x00000000000062d6                . = ALIGN (0x2)
 *(.fini9)
 .fini9         0x00000000000062d6        0x0 /usr/lib/gcc/avr/5.4.0/avr5/libgcc.a(_exit.o)
                0x00000000000062d6                exit
                0x00000000000062d6                _exit
 *(.fini9)
 *(.fini8)
 *(.fini8)
 *(.fini7)
 *(.fini7)
 *(.fini6)
 *(.fini6)
 *(.fini5)
 *(.fini5)
 *(.fini4)
 *(.fini4)
 *(.fini3)
 *(.fini3)
 *(.fini2)
 *(.fini2)
 *(.fini1)
 *(.fini1)
 *(.fini0)
 .fini0         0x00000000000062d6        0x4 /usr/lib/gcc/avr/5.4.0/avr5/libgcc.a(_exit.o)
 *(.fini0)
                0x00000000000062da                _etext = .

.siminfo        0x00000000000062da       0x28
 .siminfo       0x00000000000062da       0x28 simulavr_info.o
                0x00000000000062da                siminfo_serial_out
                0x00000000000062e5                siminfo_serial_in
                0x00000000000062f0                siminfo_cpufrequency
                0x00000000000062f6                siminfo_device

.data           0x0000000000800100      0x206 load address 0x0000000000006302
                0x0000000000800100                PROVIDE (__data_start, .)
 *(.data)
 .data          0x0000000000800100        0x0 /usr/lib/gcc/avr/5.4.0/../../../avr/lib/avr5/crtatmega328p.o
 .data          0x0000000000800100        0x0 main.o
 .data          0x0000000000800100        0x0 simulavr_info.o
 .data          0x0000000000800100        0x0 node.o
 .data          0x0000000000800100        0x0 pdrdata.o
 .data          0x0000000000800100        0x1 vprofiler.o
 .data          0x0000000000800101        0x0 systemtimer.o
 .data          0x0000000000800101        0x0 stepdir_out.o
 .data          0x0000000000800101        0x0 interpolator.o
 .data          0x0000000000800101        0x0 channels.o
 .data          0x0000000000800101        0x0 adc.o
 .data          0x0000000000800101        0x1 entityStepper1.o
 .data          0x0000000000800102        0x0 entitySimple1.o
 .data          0x0000000000800102        0x0 NumericEffecter.o
 .data          0x0000000000800102        0x0 StateEffecter.o
 .data          0x0000000000800102        0x0 StateSensor.o
 .data          0x0000000000800102        0x0 NumericSensor.o
 .data          0x0000000000800102        0x0 EventGenerator.o
 .data          0x0000000000800102        0x0 mctp.o
 .data          0x0000000000800102        0x0 uart.o
 .data          0x0000000000800102        0x0 crc8.o
 .data          0x0000000000800102        0x0 fcs.o
 .data          0x0000000000800102        0x0 /usr/lib/gcc/avr/5.4.0/avr5/libgcc.a(_udivmodhi4.o)
 .data          0x0000000000800102        0x0 /usr/lib/gcc/avr/5.4.0/avr5/libgcc.a(_divmodsi4.o)
 .data          0x0000000000800102        0x0 /usr/lib/gcc/avr/5.4.0/avr5/libgcc.a(_negsi2.o)
 .data          0x0000000000800102        0x0 /usr/lib/gcc/avr/5.4.0/avr5/libgcc.a(_exit.o)
 .data          0x0000000000800102        0x0 /usr/lib/gcc/avr/5.4.0/avr5/libgcc.a(_tablejump2.o)
 .data          0x0000000000800102        0x0 /usr/lib/gcc/avr/5.4.0/avr5/libgcc.a(_copy_data.o)
 .data          0x0000000000800102        0x0 /usr/lib/gcc/avr/5.4.0/avr5/libgcc.a(_clear_bss.o)
 .data          0x0000000000800102        0x0 /usr/lib/gcc/avr/5.4.0/avr5/libgcc.a(_mulsidi3.o)
 .data          0x0000000000800102        0x0 /usr/lib/gcc/avr/5.4.0/avr5/libgcc.a(_umulsidi3.o)
 .data          0x0000000000800102        0x0 /usr/lib/gcc/avr/5.4.0/avr5/libgcc.a(_ashrdi3.o)
 .data          0x0000000000800102        0x0 /usr/lib/gcc/avr/5.4.0/avr5/libgcc.a(_cmpdi2_s8.o)
 .data          0x0000000000800102        0x0 /usr/lib/gcc/avr/5.4.0/avr5/libgcc.a(_udivmodsi4.o)
 .data          0x0000000000800102        0x0 /usr/lib/gcc/avr/5.4.0/avr5/libgcc.a(_umulhisi3.o)
 .data          0x0000000000800102        0x0 /usr/lib/gcc/avr/5.4.0/avr5/libgcc.a(_muldi3_6.o)
 .data          0x0000000000800102        0x0 /usr/lib/gcc/avr/5.4.0/../../../avr/lib/avr5/libm.a(addsf3.o)
 .data          0x0000000000800102        0x0 /usr/lib/gcc/avr/5.4.0/../../../avr/lib/avr5/libm.a(addsf3x.o)
 .data          0x0000000000800102        0x0 /usr/lib/gcc/avr/5.4.0/../../../avr/lib/avr5/libm.a(cmpsf2.o)
 .data          0x0000000000800102        0x0 /usr/lib/gcc/avr/5.4.0/../../../avr/lib/avr5/libm.a(divsf3.o)
 .data          0x0000000000800102        0x0 /usr/lib/gcc/avr/5.4.0/../../../avr/lib/avr5/libm.a(divsf3x.o)
 .data          0x0000000000800102        0x0 /usr/lib/gcc/avr/5.4.0/../../../avr/lib/avr5/libm.a(fixsfsi.o)
 .data          0x0000000000800102        0x0 /usr/lib/gcc/avr/5.4.0/../../../avr/lib/avr5/libm.a(fixunssfsi.o)
 .data          0x0000000000800102        0x0 /usr/lib/gcc/avr/5.4.0/../../../avr/lib/avr5/libm.a(floatsisf.o)
 .data          0x0000000000800102        0x0 /usr/lib/gcc/avr/5.4.0/../../../avr/lib/avr5/libm.a(fp_cmp.o)
 .data          0x0000000000800102        0x0 /usr/lib/gcc/avr/5.4.0/../../../avr/lib/avr5/libm.a(fp_inf.o)
 .data          0x0000000000800102        0x0 /usr/lib/gcc/avr/5.4.0/../../../avr/lib/avr5/libm.a(fp_nan.o)
 .data          0x0000000000800102        0x0 /usr/lib/gcc/avr/5.4.0/../../../avr/lib/avr5/libm.a(fp_pscA.o)
 .data          0x0000000000800102        0x0 /usr/lib/gcc/avr/5.4.0/../../../avr/lib/avr5/libm.a(fp_pscB.o)
 .data          0x0000000000800102        0x0 /usr/lib/gcc/avr/5.4.0/../../../avr/lib/avr5/libm.a(fp_round.o)
 .data          0x0000000000800102        0x0 /usr/lib/gcc/avr/5.4.0/../../../avr/lib/avr5/libm.a(fp_split3.o)
 .data          0x0000000000800102        0x0 /usr/lib/gcc/avr/5.4.0/../../../avr/lib/avr5/libm.a(fp_zero.o)
 .data          0x0000000000800102        0x0 /usr/lib/gcc/avr/5.4.0/../../../avr/lib/avr5/libm.a(gesf2.o)
 .data          0x0000000000800102        0x0 /usr/lib/gcc/avr/5.4.0/../../../avr/lib/avr5/libm.a(mulsf3.o)
 .data          0x0000000000800102        0x0 /usr/lib/gcc/avr/5.4.0/../../../avr/lib/avr5/libm.a(mulsf3x.o)
 .data          0x0000000000800102        0x0 /usr/lib/gcc/avr/5.4.0/../../../avr/lib/avr5/libm.a(sqrt.o)
 .data          0x0000000000800102        0x0 /usr/lib/gcc/avr/5.4.0/../../../avr/lib/avr5/libm.a(fp_mpack.o)
 .data          0x0000000000800102        0x0 /usr/lib/gcc/avr/5.4.0/../../../avr/lib/avr5/libm.a(fp_norm2.o)
 *(.data*)
 *(.gnu.linkonce.d*)
 *(.rodata)
 .rodata        0x0000000000800102        0x4 mctp.o
 .rodata        0x0000000000800106      0x200 fcs.o
 *(.rodata*)
 *(.gnu.linkonce.r*)
                0x0000000000800306                . = ALIGN (0x2)
                0x0000000000800306                _edata = .
                0x0000000000800306                PROVIDE (__data_end, .)

.bss            0x0000000000800306      0x2a2
                0x0000000000800306                PROVIDE (__bss_start, .)
 *(.bss)
 .bss           0x0000000000800306        0x0 /usr/lib/gcc/avr/5.4.0/../../../avr/lib/avr5/crtatmega328p.o
 .bss           0x0000000000800306        0x0 main.o
 .bss           0x0000000000800306        0x0 simulavr_info.o
 .bss           0x0000000000800306        0xf node.o
 .bss           0x0000000000800315        0x0 pdrdata.o
 .bss           0x0000000000800315       0x86 vprofiler.o
 .bss           0x000000000080039b       0x1d systemtimer.o
 .bss           0x00000000008003b8        0x7 stepdir_out.o
 .bss           0x00000000008003bf        0x0 interpolator.o
 .bss           0x00000000008003bf        0x4 channels.o
 .bss           0x00000000008003c3        0x0 adc.o
 .bss           0x00000000008003c3       0xcd entityStepper1.o
                0x00000000008003c3                servo_flags
                0x00000000008003c4                servo_mode
                0x00000000008003c5                servo_cmd
 .bss           0x0000000000800490        0x0 entitySimple1.o
 .bss           0x0000000000800490        0x0 NumericEffecter.o
 .bss           0x0000000000800490        0x0 StateEffecter.o
 .bss           0x0000000000800490        0x0 StateSensor.o
 .bss           0x0000000000800490        0x0 NumericSensor.o
 .bss           0x0000000000800490        0x0 EventGenerator.o
 .bss           0x0000000000800490        0x5 mctp.o
 .bss           0x0000000000800495       0x84 uart.o
 .bss           0x0000000000800519        0x0 crc8.o
 .bss           0x0000000000800519        0x0 fcs.o
 .bss           0x0000000000800519        0x0 /usr/lib/gcc/avr/5.4.0/avr5/libgcc.a(_udivmodhi4.o)
 .bss           0x0000000000800519        0x0 /usr/lib/gcc/avr/5.4.0/avr5/libgcc.a(_divmodsi4.o)
 .bss           0x0000000000800519        0x0 /usr/lib/gcc/avr/5.4.0/avr5/libgcc.a(_negsi2.o)
 .bss           0x0000000000800519        0x0 /usr/lib/gcc/avr/5.4.0/avr5/libgcc.a(_exit.o)
 .bss           0x0000000000800519        0x0 /usr/lib/gcc/avr/5.4.0/avr5/libgcc.a(_tablejump2.o)
 .bss           0x0000000000800519        0x0 /usr/lib/gcc/avr/5.4.0/avr5/libgcc.a(_copy_data.o)
 .bss           0x0000000000800519        0x0 /usr/lib/gcc/avr/5.4.0/avr5/libgcc.a(_clear_bss.o)
 .bss           0x0000000000800519        0x0 /usr/lib/gcc/avr/5.4.0/avr5/libgcc.a(_mulsidi3.o)
 .bss           0x0000000000800519        0x0 /usr/lib/gcc/avr/5.4.0/avr5/libgcc.a(_umulsidi3.o)
 .bss           0x0000000000800519        0x0 /usr/lib/gcc/avr/5.4.0/avr5/libgcc.a(_ashrdi3.o)
 .bss           0x0000000000800519        0x0 /usr/lib/gcc/avr/5.4.0/avr5/libgcc.a(_cmpdi2_s8.o)
 .bss           0x0000000000800519        0x0 /usr/lib/gcc/avr/5.4.0/avr5/libgcc.a(_udivmodsi4.o)
 .bss           0x0000000000800519        0x0 /usr/lib/gcc/avr/5.4.0/avr5/libgcc.a(_umulhisi3.o)
 .bss           0x0000000000800519        0x0 /usr/lib/gcc/avr/5.4.0/avr5/libgcc.a(_muldi3_6.o)
 .bss           0x0000000000800519        0x0 /usr/lib/gcc/avr/5.4.0/../../../avr/lib/avr5/libm.a(addsf3.o)
 .bss           0x0000000000800519        0x0 /usr/lib/gcc/avr/5.4.0/../../../avr/lib/avr5/libm.a(addsf3x.o)
 .bss           0x0000000000800519        0x0 /usr/lib/gcc/avr/5.4.0/../../../avr/lib/avr5/libm.a(cmpsf2.o)
 .bss           0x0000000000800519        0x0 /usr/lib/gcc/avr/5.4.0/../../../avr/lib/avr5/libm.a(divsf3.o)
 .bss           0x0000000000800519        0x0 /usr/lib/gcc/avr/5.4.0/../../../avr/lib/avr5/libm.a(divsf3x.o)
 .bss           0x0000000000800519        0x0 /usr/lib/gcc/avr/5.4.0/../../../avr/lib/avr5/libm.a(fixsfsi.o)
 .bss           0x0000000000800519        0x0 /usr/lib/gcc/avr/5.4.0/../../../avr/lib/avr5/libm.a(fixunssfsi.o)
 .bss           0x0000000000800519        0x0 /usr/lib/gcc/avr/5.4.0/../../../avr/lib/avr5/libm.a(floatsisf.o)
 .bss           0x0000000000800519        0x0 /usr/lib/gcc/avr/5.4.0/../../../avr/lib/avr5/libm.a(fp_cmp.o)
 .bss           0x0000000000800519        0x0 /usr/lib/gcc/avr/5.4.0/../../../avr/lib/avr5/libm.a(fp_inf.o)
 .bss           0x0000000000800519        0x0 /usr/lib/gcc/avr/5.4.0/../../../avr/lib/avr5/libm.a(fp_nan.o)
 .bss           0x0000000000800519        0x0 /usr/lib/gcc/avr/5.4.0/../../../avr/lib/avr5/libm.a(fp_pscA.o)
 .bss           0x0000000000800519        0x0 /usr/lib/gcc/avr/5.4.0/../../../avr/lib/avr5/libm.a(fp_pscB.o)
 .bss           0x0000000000800519        0x0 /usr/lib/gcc/avr/5.4.0/../../../avr/lib/avr5/libm.a(fp_round.o)
 .bss           0x0000000000800519        0x0 /usr/lib/gcc/avr/5.4.0/../../../avr/lib/avr5/libm.a(fp_split3.o)
 .bss           0x0000000000800519        0x0 /usr/lib/gcc/avr/5.4.0/../../../avr/lib/avr5/libm.a(fp_zero.o)
 .bss           0x0000000000800519        0x0 /usr/lib/gcc/avr/5.4.0/../../../avr/lib/avr5/libm.a(gesf2.o)
 .bss           0x0000000000800519        0x0 /usr/lib/gcc/avr/5.4.0/../../../avr/lib/avr5/libm.a(mulsf3.o)
 .bss           0x0000000000800519        0x0 /usr/lib/gcc/avr/5.4.0/../../../avr/lib/avr5/libm.a(mulsf3x.o)
 .bss           0x0000000000800519        0x0 /usr/lib/gcc/avr/5.4.0/../../../avr/lib/avr5/libm.a(sqrt.o)
 .bss           0x0000000000800519        0x0 /usr/lib/gcc/avr/5.4.0/../../../avr/lib/avr5/libm.a(fp_mpack.o)
 .bss           0x0000000000800519        0x0 /usr/lib/gcc/avr/5.4.0/../../../avr/lib/avr5/libm.a(fp_norm2.o)
 *(.bss*)
 *(COMMON)
 COMMON         0x0000000000800519        0x4 vprofiler.o
                0x0000000000800519                current_velocity
 COMMON         0x000000000080051d        0x3 channels.o
                0x000000000080051d                step_dir_out1_step_rawdata
                0x000000000080051f                setp_dir_out1_dir_rawdata
 COMMON         0x0000000000800520       0x88 mctp.o
                0x0000000000800520                mctp_context
                0x00000000008005a8                PROVIDE (__bss_end, .)
                0x0000000000006302                __data_load_start = LOADADDR (.data)
                0x0000000000006508                __data_load_end = (__data_load_start + SIZEOF (.data))

.noinit         0x00000000008005a8        0x0
                [!provide]                        PROVIDE (__noinit_start, .)
 *(.noinit*)
                [!provide]                        PROVIDE (__noinit_end, .)
                0x00000000008005a8                _end = .
                [!provide]                        PROVIDE (__heap_start, .)

.eeprom         0x0000000000810000        0x0
 *(.eeprom*)
                0x0000000000810000                __eeprom_end = .

.fuse
 *(.fuse)
 *(.lfuse)
 *(.hfuse)
 *(.efuse)

.lock
 *(.lock*)

.signature
 *(.signature*)

.user_signatures
 *(.user_signatures*)

.stab
 *(.stab)

.stabstr
 *(.stabstr)

.stab.excl
 *(.stab.excl)

.stab.exclstr
 *(.stab.exclstr)

.stab.index
 *(.stab.index)

.stab.indexstr
 *(.stab.indexstr)

.comment        0x0000000000000000       0x11
 *(.comment)
 .comment       0x0000000000000000       0x11 main.o
                                         0x12 (size before relaxing)
 .comment       0x0000000000000011       0x12 simulavr_info.o
 .comment       0x0000000000000011       0x12 node.o
 .comment       0x0000000000000011       0x12 pdrdata.o
 .comment       0x0000000000000011       0x12 vprofiler.o
 .comment       0x0000000000000011       0x12 systemtimer.o
 .comment       0x0000000000000011       0x12 stepdir_out.o
 .comment       0x0000000000000011       0x12 interpolator.o
 .comment       0x0000000000000011       0x12 channels.o
 .comment       0x0000000000000011       0x12 adc.o
 .comment       0x0000000000000011       0x12 entityStepper1.o
 .comment       0x0000000000000011       0x12 entitySimple1.o
 .comment       0x0000000000000011       0x12 NumericEffecter.o
 .comment       0x0000000000000011       0x12 StateEffecter.o
 .comment       0x0000000000000011       0x12 StateSensor.o
 .comment       0x0000000000000011       0x12 NumericSensor.o
 .comment       0x0000000000000011       0x12 EventGenerator.o
 .comment       0x0000000000000011       0x12 mctp.o
 .comment       0x0000000000000011       0x12 uart.o
 .comment       0x0000000000000011       0x12 crc8.o
 .comment       0x0000000000000011       0x12 fcs.o

.note.gnu.avr.deviceinfo
                0x0000000000000000       0x40
 .note.gnu.avr.deviceinfo
                0x0000000000000000       0x40 /usr/lib/gcc/avr/5.4.0/../../../avr/lib/avr5/crtatmega328p.o

.note.gnu.build-id
 *(.note.gnu.build-id)

.debug
 *(.debug)

.line
 *(.line)

.debug_srcinfo
 *(.debug_srcinfo)

.debug_sfnames
 *(.debug_sfnames)

.debug_aranges
 *(.debug_aranges)

.debug_pubnames
 *(.debug_pubnames)

.debug_info     0x0000000000000000      0x5f4
 *(.debug_info .gnu.linkonce.wi.*)
 .debug_info    0x0000000000000000      0x5f4 /usr/lib/gcc/avr/5.4.0/../../../avr/lib/avr5/crtatmega328p.o

.debug_abbrev   0x0000000000000000      0x5a2
 *(.debug_abbrev)
 .debug_abbrev  0x0000000000000000      0x5a2 /usr/lib/gcc/avr/5.4.0/../../../avr/lib/avr5/crtatmega328p.o

.debug_line     0x0000000000000000       0x1a
 *(.debug_line .debug_line.* .debug_line_end)
 .debug_line    0x0000000000000000       0x1a /usr/lib/gcc/avr/5.4.0/../../../avr/lib/avr5/crtatmega328p.o

.debug_frame
 *(.debug_frame)

.debug_str      0x0000000000000000      0x208
 *(.debug_str)
 .debug_str     0x0000000000000000      0x208 /usr/lib/gcc/avr/5.4.0/../../../avr/lib/avr5/crtatmega328p.o

.debug_loc
 *(.debug_loc)

.debug_macinfo
 *(.debug_macinfo)

.debug_weaknames
 *(.debug_weaknames)

.debug_funcnames
 *(.debug_funcnames)

.debug_typenames
 *(.debug_typenames)

.debug_varnames
 *(.debug_varnames)

.debug_pubtypes
 *(.debug_pubtypes)

.debug_ranges
 *(.debug_ranges)

.debug_macro
 *(.debug_macro)
OUTPUT(userver.elf elf32-avr)
LOAD linker stubs

Cross Reference Table

Symbol                                            File
__FUSE_REGION_LENGTH__                            /usr/lib/gcc/avr/5.4.0/../../../avr/lib/avr5/crtatmega328p.o
__addsf3                                          /usr/lib/gcc/avr/5.4.0/../../../avr/lib/avr5/libm.a(addsf3.o)
                                                  vprofiler.o
__addsf3x                                         /usr/lib/gcc/avr/5.4.0/../../../avr/lib/avr5/libm.a(addsf3x.o)
                                                  /usr/lib/gcc/avr/5.4.0/../../../avr/lib/avr5/libm.a(addsf3.o)
__ashrdi3                                         /usr/lib/gcc/avr/5.4.0/avr5/libgcc.a(_ashrdi3.o)
                                                  interpolator.o
__bad_interrupt                                   /usr/lib/gcc/avr/5.4.0/../../../avr/lib/avr5/crtatmega328p.o
__bss_end                                         /usr/lib/gcc/avr/5.4.0/avr5/libgcc.a(_clear_bss.o)
__bss_start                                       /usr/lib/gcc/avr/5.4.0/avr5/libgcc.a(_clear_bss.o)
__cmpdi2_s8                                       /usr/lib/gcc/avr/5.4.0/avr5/libgcc.a(_cmpdi2_s8.o)
                                                  interpolator.o
__cmpsf2                                          /usr/lib/gcc/avr/5.4.0/../../../avr/lib/avr5/libm.a(cmpsf2.o)
__data_end                                        /usr/lib/gcc/avr/5.4.0/avr5/libgcc.a(_copy_data.o)
__data_load_start                                 /usr/lib/gcc/avr/5.4.0/avr5/libgcc.a(_copy_data.o)
__data_start                                      /usr/lib/gcc/avr/5.4.0/avr5/libgcc.a(_copy_data.o)
__divmodsi4                                       /usr/lib/gcc/avr/5.4.0/avr5/libgcc.a(_divmodsi4.o)
                                                  interpolator.o
                                                  stepdir_out.o
                                                  vprofiler.o
__divsf3                                          /usr/lib/gcc/avr/5.4.0/../../../avr/lib/avr5/libm.a(divsf3.o)
                                                  vprofiler.o
__divsf3_pse                                      /usr/lib/gcc/avr/5.4.0/../../../avr/lib/avr5/libm.a(divsf3x.o)
__divsf3x                                         /usr/lib/gcc/avr/5.4.0/../../../avr/lib/avr5/libm.a(divsf3x.o)
                                                  /usr/lib/gcc/avr/5.4.0/../../../avr/lib/avr5/libm.a(divsf3.o)
__do_clear_bss                                    /usr/lib/gcc/avr/5.4.0/avr5/libgcc.a(_clear_bss.o)
                                                  uart.o
                                                  mctp.o
                                                  entityStepper1.o
                                                  channels.o
                                                  stepdir_out.o
                                                  systemtimer.o
                                                  vprofiler.o
                                                  node.o
__do_copy_data                                    /usr/lib/gcc/avr/5.4.0/avr5/libgcc.a(_copy_data.o)
                                                  fcs.o
                                                  mctp.o
                                                  entityStepper1.o
                                                  vprofiler.o
__eqsf2                                           /usr/lib/gcc/avr/5.4.0/../../../avr/lib/avr5/libm.a(cmpsf2.o)
__fixsfsi                                         /usr/lib/gcc/avr/5.4.0/../../../avr/lib/avr5/libm.a(fixsfsi.o)
                                                  vprofiler.o
__fixunssfsi                                      /usr/lib/gcc/avr/5.4.0/../../../avr/lib/avr5/libm.a(fixunssfsi.o)
                                                  /usr/lib/gcc/avr/5.4.0/../../../avr/lib/avr5/libm.a(fixsfsi.o)
__floatsisf                                       /usr/lib/gcc/avr/5.4.0/../../../avr/lib/avr5/libm.a(floatsisf.o)
                                                  vprofiler.o
__floatunsisf                                     /usr/lib/gcc/avr/5.4.0/../../../avr/lib/avr5/libm.a(floatsisf.o)
__fp_cmp                                          /usr/lib/gcc/avr/5.4.0/../../../avr/lib/avr5/libm.a(fp_cmp.o)
                                                  /usr/lib/gcc/avr/5.4.0/../../../avr/lib/avr5/libm.a(gesf2.o)
                                                  /usr/lib/gcc/avr/5.4.0/../../../avr/lib/avr5/libm.a(cmpsf2.o)
__fp_inf                                          /usr/lib/gcc/avr/5.4.0/../../../avr/lib/avr5/libm.a(fp_inf.o)
                                                  /usr/lib/gcc/avr/5.4.0/../../../avr/lib/avr5/libm.a(mulsf3x.o)
                                                  /usr/lib/gcc/avr/5.4.0/../../../avr/lib/avr5/libm.a(divsf3x.o)
                                                  /usr/lib/gcc/avr/5.4.0/../../../avr/lib/avr5/libm.a(addsf3x.o)
__fp_mpack                                        /usr/lib/gcc/avr/5.4.0/../../../avr/lib/avr5/libm.a(fp_mpack.o)
                                                  /usr/lib/gcc/avr/5.4.0/../../../avr/lib/avr5/libm.a(sqrt.o)
__fp_mpack_finite                                 /usr/lib/gcc/avr/5.4.0/../../../avr/lib/avr5/libm.a(fp_mpack.o)
__fp_nan                                          /usr/lib/gcc/avr/5.4.0/../../../avr/lib/avr5/libm.a(fp_nan.o)
                                                  /usr/lib/gcc/avr/5.4.0/../../../avr/lib/avr5/libm.a(sqrt.o)
                                                  /usr/lib/gcc/avr/5.4.0/../../../avr/lib/avr5/libm.a(mulsf3x.o)
                                                  /usr/lib/gcc/avr/5.4.0/../../../avr/lib/avr5/libm.a(divsf3x.o)
                                                  /usr/lib/gcc/avr/5.4.0/../../../avr/lib/avr5/libm.a(addsf3x.o)
__fp_norm2                                        /usr/lib/gcc/avr/5.4.0/../../../avr/lib/avr5/libm.a(fp_norm2.o)
                                                  /usr/lib/gcc/avr/5.4.0/../../../avr/lib/avr5/libm.a(sqrt.o)
__fp_pscA                                         /usr/lib/gcc/avr/5.4.0/../../../avr/lib/avr5/libm.a(fp_pscA.o)
                                                  /usr/lib/gcc/avr/5.4.0/../../../avr/lib/avr5/libm.a(mulsf3x.o)
                                                  /usr/lib/gcc/avr/5.4.0/../../../avr/lib/avr5/libm.a(divsf3x.o)
                                                  /usr/lib/gcc/avr/5.4.0/../../../avr/lib/avr5/libm.a(addsf3x.o)
__fp_pscB                                         /usr/lib/gcc/avr/5.4.0/../../../avr/lib/avr5/libm.a(fp_pscB.o)
                                                  /usr/lib/gcc/avr/5.4.0/../../../avr/lib/avr5/libm.a(mulsf3x.o)
                                                  /usr/lib/gcc/avr/5.4.0/../../../avr/lib/avr5/libm.a(divsf3x.o)
                                                  /usr/lib/gcc/avr/5.4.0/../../../avr/lib/avr5/libm.a(addsf3x.o)
__fp_round                                        /usr/lib/gcc/avr/5.4.0/../../../avr/lib/avr5/libm.a(fp_round.o)
                                                  /usr/lib/gcc/avr/5.4.0/../../../avr/lib/avr5/libm.a(mulsf3.o)
                                                  /usr/lib/gcc/avr/5.4.0/../../../avr/lib/avr5/libm.a(divsf3.o)
                                                  /usr/lib/gcc/avr/5.4.0/../../../avr/lib/avr5/libm.a(addsf3.o)
__fp_split3                                       /usr/lib/gcc/avr/5.4.0/../../../avr/lib/avr5/libm.a(fp_split3.o)
                                                  /usr/lib/gcc/avr/5.4.0/../../../avr/lib/avr5/libm.a(mulsf3x.o)
                                                  /usr/lib/gcc/avr/5.4.0/../../../avr/lib/avr5/libm.a(divsf3x.o)
                                                  /usr/lib/gcc/avr/5.4.0/../../../avr/lib/avr5/libm.a(addsf3x.o)
__fp_splitA                                       /usr/lib/gcc/avr/5.4.0/../../../avr/lib/avr5/libm.a(fp_split3.o)
                                                  /usr/lib/gcc/avr/5.4.0/../../../avr/lib/avr5/libm.a(sqrt.o)
                                                  /usr/lib/gcc/avr/5.4.0/../../../avr/lib/avr5/libm.a(fixunssfsi.o)
__fp_szero                                        /usr/lib/gcc/avr/5.4.0/../../../avr/lib/avr5/libm.a(fp_zero.o)
                                                  /usr/lib/gcc/avr/5.4.0/../../../avr/lib/avr5/libm.a(mulsf3x.o)
                                                  /usr/lib/gcc/avr/5.4.0/../../../avr/lib/avr5/libm.a(fixsfsi.o)
                                                  /usr/lib/gcc/avr/5.4.0/../../../avr/lib/avr5/libm.a(divsf3x.o)
__fp_zero                                         /usr/lib/gcc/avr/5.4.0/../../../avr/lib/avr5/libm.a(fp_zero.o)
                                                  /usr/lib/gcc/avr/5.4.0/../../../avr/lib/avr5/libm.a(fixunssfsi.o)
                                                  /usr/lib/gcc/avr/5.4.0/../../../avr/lib/avr5/libm.a(addsf3x.o)
__fru_data                                        pdrdata.o
                                                  node.o
__gesf2                                           /usr/lib/gcc/avr/5.4.0/../../../avr/lib/avr5/libm.a(gesf2.o)
                                                  vprofiler.o
__gtsf2                                           /usr/lib/gcc/avr/5.4.0/../../../avr/lib/avr5/libm.a(gesf2.o)
__heap_end                                        /usr/lib/gcc/avr/5.4.0/../../../avr/lib/avr5/crtatmega328p.o
__init                                            /usr/lib/gcc/avr/5.4.0/../../../avr/lib/avr5/crtatmega328p.o
__lesf2                                           /usr/lib/gcc/avr/5.4.0/../../../avr/lib/avr5/libm.a(cmpsf2.o)
__lintable_step_dir_out1                          pdrdata.o
__lshrdi3                                         /usr/lib/gcc/avr/5.4.0/avr5/libgcc.a(_ashrdi3.o)
__ltsf2                                           /usr/lib/gcc/avr/5.4.0/../../../avr/lib/avr5/libm.a(cmpsf2.o)
                                                  vprofiler.o
__muldi3_6                                        /usr/lib/gcc/avr/5.4.0/avr5/libgcc.a(_muldi3_6.o)
                                                  /usr/lib/gcc/avr/5.4.0/avr5/libgcc.a(_umulsidi3.o)
__mulsf3                                          /usr/lib/gcc/avr/5.4.0/../../../avr/lib/avr5/libm.a(mulsf3.o)
                                                  vprofiler.o
__mulsf3_pse                                      /usr/lib/gcc/avr/5.4.0/../../../avr/lib/avr5/libm.a(mulsf3x.o)
__mulsf3x                                         /usr/lib/gcc/avr/5.4.0/../../../avr/lib/avr5/libm.a(mulsf3x.o)
                                                  /usr/lib/gcc/avr/5.4.0/../../../avr/lib/avr5/libm.a(mulsf3.o)
__mulsidi3                                        /usr/lib/gcc/avr/5.4.0/avr5/libgcc.a(_mulsidi3.o)
                                                  interpolator.o
__negsi2                                          /usr/lib/gcc/avr/5.4.0/avr5/libgcc.a(_negsi2.o)
                                                  /usr/lib/gcc/avr/5.4.0/avr5/libgcc.a(_divmodsi4.o)
__nesf2                                           /usr/lib/gcc/avr/5.4.0/../../../avr/lib/avr5/libm.a(cmpsf2.o)
__pdr_data                                        pdrdata.o
                                                  node.o
__stack                                           /usr/lib/gcc/avr/5.4.0/../../../avr/lib/avr5/crtatmega328p.o
__subsf3                                          /usr/lib/gcc/avr/5.4.0/../../../avr/lib/avr5/libm.a(addsf3.o)
                                                  vprofiler.o
__tablejump2__                                    /usr/lib/gcc/avr/5.4.0/avr5/libgcc.a(_tablejump2.o)
                                                  mctp.o
                                                  entityStepper1.o
__udivmodhi4                                      /usr/lib/gcc/avr/5.4.0/avr5/libgcc.a(_udivmodhi4.o)
                                                  stepdir_out.o
__udivmodsi4                                      /usr/lib/gcc/avr/5.4.0/avr5/libgcc.a(_udivmodsi4.o)
                                                  /usr/lib/gcc/avr/5.4.0/avr5/libgcc.a(_divmodsi4.o)
__umulhisi3                                       /usr/lib/gcc/avr/5.4.0/avr5/libgcc.a(_umulhisi3.o)
                                                  /usr/lib/gcc/avr/5.4.0/avr5/libgcc.a(_muldi3_6.o)
                                                  /usr/lib/gcc/avr/5.4.0/avr5/libgcc.a(_umulsidi3.o)
__umulsidi3                                       /usr/lib/gcc/avr/5.4.0/avr5/libgcc.a(_umulsidi3.o)
__umulsidi3_helper                                /usr/lib/gcc/avr/5.4.0/avr5/libgcc.a(_umulsidi3.o)
                                                  /usr/lib/gcc/avr/5.4.0/avr5/libgcc.a(_mulsidi3.o)
__vector_1                                        /usr/lib/gcc/avr/5.4.0/../../../avr/lib/avr5/crtatmega328p.o
__vector_10                                       /usr/lib/gcc/avr/5.4.0/../../../avr/lib/avr5/crtatmega328p.o
__vector_11                                       /usr/lib/gcc/avr/5.4.0/../../../avr/lib/avr5/crtatmega328p.o
__vector_12                                       /usr/lib/gcc/avr/5.4.0/../../../avr/lib/avr5/crtatmega328p.o
__vector_13                                       /usr/lib/gcc/avr/5.4.0/../../../avr/lib/avr5/crtatmega328p.o
__vector_14                                       /usr/lib/gcc/avr/5.4.0/../../../avr/lib/avr5/crtatmega328p.o
__vector_15                                       /usr/lib/gcc/avr/5.4.0/../../../avr/lib/avr5/crtatmega328p.o
__vector_16                                       /usr/lib/gcc/avr/5.4.0/../../../avr/lib/avr5/crtatmega328p.o
__vector_17                                       /usr/lib/gcc/avr/5.4.0/../../../avr/lib/avr5/crtatmega328p.o
__vector_18                                       uart.o
                                                  /usr/lib/gcc/avr/5.4.0/../../../avr/lib/avr5/crtatmega328p.o
__vector_19                                       uart.o
                                                  /usr/lib/gcc/avr/5.4.0/../../../avr/lib/avr5/crtatmega328p.o
__vector_2                                        /usr/lib/gcc/avr/5.4.0/../../../avr/lib/avr5/crtatmega328p.o
__vector_20                                       /usr/lib/gcc/avr/5.4.0/../../../avr/lib/avr5/crtatmega328p.o
__vector_21                                       /usr/lib/gcc/avr/5.4.0/../../../avr/lib/avr5/crtatmega328p.o
__vector_22                                       /usr/lib/gcc/avr/5.4.0/../../../avr/lib/avr5/crtatmega328p.o
__vector_23                                       /usr/lib/gcc/avr/5.4.0/../../../avr/lib/avr5/crtatmega328p.o
__vector_24                                       /usr/lib/gcc/avr/5.4.0/../../../avr/lib/avr5/crtatmega328p.o
__vector_25                                       /usr/lib/gcc/avr/5.4.0/../../../avr/lib/avr5/crtatmega328p.o
__vector_3                                        /usr/lib/gcc/avr/5.4.0/../../../avr/lib/avr5/crtatmega328p.o
__vector_4                                        /usr/lib/gcc/avr/5.4.0/../../../avr/lib/avr5/crtatmega328p.o
__vector_5                                        /usr/lib/gcc/avr/5.4.0/../../../avr/lib/avr5/crtatmega328p.o
__vector_6                                        /usr/lib/gcc/avr/5.4.0/../../../avr/lib/avr5/crtatmega328p.o
__vector_7                                        systemtimer.o
                                                  /usr/lib/gcc/avr/5.4.0/../../../avr/lib/avr5/crtatmega328p.o
__vector_8                                        /usr/lib/gcc/avr/5.4.0/../../../avr/lib/avr5/crtatmega328p.o
__vector_9                                        /usr/lib/gcc/avr/5.4.0/../../../avr/lib/avr5/crtatmega328p.o
__vector_default                                  /usr/lib/gcc/avr/5.4.0/../../../avr/lib/avr5/crtatmega328p.o
__vectors                                         /usr/lib/gcc/avr/5.4.0/../../../avr/lib/avr5/crtatmega328p.o
_exit                                             /usr/lib/gcc/avr/5.4.0/avr5/libgcc.a(_exit.o)
adc_init                                          adc.o
                                                  main.o
calc_new_crc8                                     crc8.o
                                                  node.o
channels_init                                     channels.o
                                                  main.o
current_velocity                                  vprofiler.o
                                                  entityStepper1.o
delay_isDone                                      systemtimer.o
                                                  main.o
delay_set                                         systemtimer.o
                                                  main.o
digital_in1_getRawData                            channels.o
                                                  entityStepper1.o
digital_in1_init                                  channels.o
digital_in1_sample                                channels.o
                                                  entityStepper1.o
digital_in2_getRawData                            channels.o
                                                  entityStepper1.o
digital_in2_init                                  channels.o
digital_in2_sample                                channels.o
                                                  entityStepper1.o
entityStepper1_acknowledgeEvent                   entityStepper1.o
                                                  node.o
entityStepper1_getNumericEffecterValue            entityStepper1.o
                                                  node.o
entityStepper1_getSensorReading                   entityStepper1.o
                                                  node.o
entityStepper1_getStateEffecterStates             entityStepper1.o
                                                  node.o
entityStepper1_getStateSensorReading              entityStepper1.o
                                                  node.o
entityStepper1_init                               entityStepper1.o
                                                  main.o
entityStepper1_readChannels                       entityStepper1.o
entityStepper1_respondToPollEvent                 entityStepper1.o
                                                  node.o
entityStepper1_setNumericEffecterEnable           entityStepper1.o
                                                  node.o
entityStepper1_setNumericEffecterValue            entityStepper1.o
                                                  node.o
entityStepper1_setNumericSensorEnable             entityStepper1.o
                                                  node.o
entityStepper1_setStateEffecterEnables            entityStepper1.o
                                                  node.o
entityStepper1_setStateEffecterStates             entityStepper1.o
                                                  node.o
entityStepper1_setStateSensorEnables              entityStepper1.o
                                                  node.o
entityStepper1_updateControl                      entityStepper1.o
                                                  systemtimer.o
entityStepper1_updateEvents                       entityStepper1.o
                                                  node.o
eventgenerator_acknowledge                        EventGenerator.o
                                                  entityStepper1.o
eventgenerator_init                               EventGenerator.o
                                                  NumericSensor.o
                                                  StateSensor.o
eventgenerator_isEnabled                          EventGenerator.o
                                                  NumericSensor.o
                                                  StateSensor.o
                                                  entityStepper1.o
eventgenerator_isEventPending                     EventGenerator.o
                                                  entityStepper1.o
eventgenerator_isEventSent                        EventGenerator.o
                                                  entityStepper1.o
eventgenerator_setEnableEvents                    EventGenerator.o
                                                  NumericSensor.o
                                                  StateSensor.o
eventgenerator_setEventOccuredFn                  EventGenerator.o
eventgenerator_setSendEventFn                     EventGenerator.o
eventgenerator_startSending                       EventGenerator.o
                                                  entityStepper1.o
eventgenerator_updateEventStateMachine            EventGenerator.o
                                                  entityStepper1.o
exit                                              /usr/lib/gcc/avr/5.4.0/avr5/libgcc.a(_exit.o)
                                                  /usr/lib/gcc/avr/5.4.0/../../../avr/lib/avr5/crtatmega328p.o
fcs_calcFcs                                       fcs.o
                                                  mctp.o
fp16_mult                                         interpolator.o
getFruTableMetadata                               node.o
getPldmCommands                                   node.o
getPldmTypes                                      node.o
getPldmVersion                                    node.o
getTid                                            node.o
getUuid                                           node.o
interlock_in_getRawData                           channels.o
                                                  entityStepper1.o
interlock_in_init                                 channels.o
interlock_in_sample                               channels.o
                                                  entityStepper1.o
interlock_out_disable                             channels.o
                                                  entityStepper1.o
interlock_out_enable                              channels.o
                                                  entityStepper1.o
interlock_out_init                                channels.o
interlock_out_setOutput                           channels.o
                                                  entityStepper1.o
interpolator_linearize                            interpolator.o
main                                              main.o
                                                  /usr/lib/gcc/avr/5.4.0/../../../avr/lib/avr5/crtatmega328p.o
mctp_close                                        mctp.o
mctp_context                                      mctp.o
                                                  node.o
                                                  main.o
mctp_getPacket                                    mctp.o
                                                  node.o
mctp_init                                         mctp.o
                                                  main.o
mctp_isPacketAvailable                            mctp.o
                                                  node.o
mctp_sendNoWait                                   mctp.o
                                                  main.o
mctp_transmitFrameData                            mctp.o
                                                  node.o
mctp_transmitFrameEnd                             mctp.o
                                                  node.o
mctp_transmitFrameStart                           mctp.o
                                                  node.o
mctp_updateRxFSM                                  mctp.o
                                                  node.o
node_getResponse                                  node.o
                                                  main.o
node_init                                         node.o
                                                  main.o
node_putCommand                                   node.o
node_sendNumericSensorEvent                       node.o
                                                  entityStepper1.o
node_sendStateSensorEvent                         node.o
                                                  entityStepper1.o
node_updateEvents                                 node.o
                                                  main.o
numericeffecter_getOperationalState               NumericEffecter.o
                                                  entityStepper1.o
numericeffecter_getValue                          NumericEffecter.o
                                                  entityStepper1.o
numericeffecter_init                              NumericEffecter.o
                                                  entityStepper1.o
numericeffecter_isEnabled                         NumericEffecter.o
                                                  entityStepper1.o
numericeffecter_setOperationalState               NumericEffecter.o
                                                  entityStepper1.o
numericeffecter_setValue                          NumericEffecter.o
                                                  entityStepper1.o
numericsensor_getCriticalHighThreshold            NumericSensor.o
numericsensor_getCriticalLowThreshold             NumericSensor.o
numericsensor_getEventState                       NumericSensor.o
                                                  entityStepper1.o
numericsensor_getFatalHighThreshold               NumericSensor.o
numericsensor_getFatalLowThreshold                NumericSensor.o
numericsensor_getOperationalState                 NumericSensor.o
                                                  entityStepper1.o
numericsensor_getPresentState                     NumericSensor.o
                                                  entityStepper1.o
numericsensor_getSensorPreviousState              NumericSensor.o
                                                  entityStepper1.o
numericsensor_getValue                            NumericSensor.o
                                                  entityStepper1.o
numericsensor_getWarningHighThreshold             NumericSensor.o
numericsensor_getWarningLowThreshold              NumericSensor.o
numericsensor_init                                NumericSensor.o
                                                  entityStepper1.o
numericsensor_isCritical                          NumericSensor.o
                                                  entityStepper1.o
numericsensor_isEnabled                           NumericSensor.o
                                                  entityStepper1.o
numericsensor_isFatal                             NumericSensor.o
                                                  entityStepper1.o
numericsensor_isNormal                            NumericSensor.o
numericsensor_isTriggered                         NumericSensor.o
numericsensor_isWarning                           NumericSensor.o
                                                  entityStepper1.o
numericsensor_sensorRearm                         NumericSensor.o
                                                  entityStepper1.o
numericsensor_setOperationalState                 NumericSensor.o
                                                  entityStepper1.o
numericsensor_setPresentState                     NumericSensor.o
numericsensor_setThresholds                       NumericSensor.o
                                                  entityStepper1.o
numericsensor_setValue                            NumericSensor.o
numericsensor_updateSensorState                   NumericSensor.o
processCommandEventMessageSupported               node.o
processPollForPlatformEvent                       node.o
processSetEventReceiver                           node.o
servo_cmd                                         entityStepper1.o
servo_flags                                       entityStepper1.o
servo_mode                                        entityStepper1.o
setTid                                            node.o
setp_dir_out1_dir_rawdata                         channels.o
siminfo_cpufrequency                              simulavr_info.o
siminfo_device                                    simulavr_info.o
siminfo_serial_in                                 simulavr_info.o
siminfo_serial_out                                simulavr_info.o
sqrt                                              /usr/lib/gcc/avr/5.4.0/../../../avr/lib/avr5/libm.a(sqrt.o)
                                                  vprofiler.o
sqrtf                                             /usr/lib/gcc/avr/5.4.0/../../../avr/lib/avr5/libm.a(sqrt.o)
stateeffecter_getOperationalState                 StateEffecter.o
                                                  entityStepper1.o
stateeffecter_getOutput                           StateEffecter.o
                                                  entityStepper1.o
stateeffecter_getPresentState                     StateEffecter.o
                                                  entityStepper1.o
stateeffecter_init                                StateEffecter.o
                                                  entityStepper1.o
stateeffecter_isEnabled                           StateEffecter.o
                                                  entityStepper1.o
stateeffecter_setOperationalState                 StateEffecter.o
                                                  entityStepper1.o
stateeffecter_setPresentState                     StateEffecter.o
                                                  entityStepper1.o
statesensor_getEventState                         StateSensor.o
statesensor_getOperationalState                   StateSensor.o
                                                  entityStepper1.o
statesensor_getPresentState                       StateSensor.o
                                                  entityStepper1.o
statesensor_getSensorPreviousState                StateSensor.o
                                                  entityStepper1.o
statesensor_init                                  StateSensor.o
                                                  entityStepper1.o
statesensor_isEnabled                             StateSensor.o
                                                  entityStepper1.o
statesensor_isTriggered                           StateSensor.o
statesensor_sensorRearm                           StateSensor.o
statesensor_setOperationalState                   StateSensor.o
                                                  entityStepper1.o
statesensor_setPresentState                       StateSensor.o
statesensor_setValue                              StateSensor.o
statesensor_setValueFromChannelBit                StateSensor.o
                                                  entityStepper1.o
statesensor_updateSensorState                     StateSensor.o
step_dir_out1_init                                stepdir_out.o
                                                  channels.o
step_dir_out1_setOutput                           stepdir_out.o
                                                  entityStepper1.o
step_dir_out1_step_rawdata                        channels.o
systemtimer_init                                  systemtimer.o
                                                  main.o
to_fp16                                           interpolator.o
trigger_in_getRawData                             channels.o
                                                  entityStepper1.o
trigger_in_init                                   channels.o
trigger_in_sample                                 channels.o
                                                  entityStepper1.o
trigger_out_disable                               channels.o
                                                  entityStepper1.o
trigger_out_enable                                channels.o
                                                  entityStepper1.o
trigger_out_init                                  channels.o
trigger_out_setOutput                             channels.o
                                                  entityStepper1.o
uart_close                                        uart.o
                                                  mctp.o
uart_flush                                        uart.o
uart_init                                         uart.o
                                                  main.o
uart_isConnected                                  uart.o
uart_readCh                                       uart.o
                                                  mctp.o
uart_rx_isempty                                   uart.o
uart_writeBuffer                                  uart.o
                                                  mctp.o
uart_writeCh                                      uart.o
                                                  mctp.o
uuid_bytes                                        node.o
vprofiler_isDone                                  vprofiler.o
                                                  entityStepper1.o
vprofiler_setParameters                           vprofiler.o
                                                  entityStepper1.o
                                                  main.o
vprofiler_start                                   vprofiler.o
                                                  entityStepper1.o
vprofiler_startv                                  vprofiler.o
                                                  entityStepper1.o
vprofiler_stop                                    vprofiler.o
vprofiler_update                                  vprofiler.o
                                                  entityStepper1.o
vprofiler_updatev                                 vprofiler.o
                                                  entityStepper1.o
